../Drivers/STM32F7xx_HAL_Driver/Inc/stm32f7xx_ll_usart.h:560:22:LL_USART_Enable	16	static
../Drivers/STM32F7xx_HAL_Driver/Inc/stm32f7xx_ll_usart.h:574:22:LL_USART_Disable	16	static
../Drivers/STM32F7xx_HAL_Driver/Inc/stm32f7xx_ll_usart.h:2320:22:LL_USART_ConfigAsyncMode	16	static
../Drivers/STM32F7xx_HAL_Driver/Inc/stm32f7xx_ll_usart.h:2596:26:LL_USART_IsActiveFlag_FE	16	static
../Drivers/STM32F7xx_HAL_Driver/Inc/stm32f7xx_ll_usart.h:2607:26:LL_USART_IsActiveFlag_NE	16	static
../Drivers/STM32F7xx_HAL_Driver/Inc/stm32f7xx_ll_usart.h:2618:26:LL_USART_IsActiveFlag_ORE	16	static
../Drivers/STM32F7xx_HAL_Driver/Inc/stm32f7xx_ll_usart.h:2640:26:LL_USART_IsActiveFlag_RXNE	16	static
../Drivers/STM32F7xx_HAL_Driver/Inc/stm32f7xx_ll_usart.h:2662:26:LL_USART_IsActiveFlag_TXE	16	static
../Drivers/STM32F7xx_HAL_Driver/Inc/stm32f7xx_ll_usart.h:2872:22:LL_USART_ClearFlag_FE	16	static
../Drivers/STM32F7xx_HAL_Driver/Inc/stm32f7xx_ll_usart.h:2883:22:LL_USART_ClearFlag_NE	16	static
../Drivers/STM32F7xx_HAL_Driver/Inc/stm32f7xx_ll_usart.h:2894:22:LL_USART_ClearFlag_ORE	16	static
../Drivers/STM32F7xx_HAL_Driver/Inc/stm32f7xx_ll_usart.h:3038:22:LL_USART_EnableIT_RXNE	40	static,ignoring_inline_asm
../Drivers/STM32F7xx_HAL_Driver/Inc/stm32f7xx_ll_usart.h:3060:22:LL_USART_EnableIT_TXE	40	static,ignoring_inline_asm
../Drivers/STM32F7xx_HAL_Driver/Inc/stm32f7xx_ll_usart.h:3224:22:LL_USART_DisableIT_TXE	40	static,ignoring_inline_asm
../Drivers/STM32F7xx_HAL_Driver/Inc/stm32f7xx_ll_usart.h:3366:26:LL_USART_IsEnabledIT_RXNE	16	static
../Drivers/STM32F7xx_HAL_Driver/Inc/stm32f7xx_ll_usart.h:3658:25:LL_USART_ReceiveData8	16	static
../Drivers/STM32F7xx_HAL_Driver/Inc/stm32f7xx_ll_usart.h:3681:22:LL_USART_TransmitData8	16	static
../Source/UART/UART.c:20:6:UART7_IRQHandler	16	static
../Source/UART/UART.c:48:6:UART7_init	8	static
../Source/UART/UART.c:54:6:UART7_send_char	16	static
../Source/UART/UART.c:61:6:UART7_send_string	16	static
../Source/UART/UART.c:67:6:UART7_send_array	24	static
../Source/UART/UART.c:74:9:UART7_rx_count	8	static
../Source/UART/UART.c:78:10:UART7_read_char	8	static
../Source/UART/UART.c:86:6:UART7_close	8	static
../Source/UART/UART.c:92:6:UART7_SetBaudRate	48	static
../Source/UART/UART.c:109:24:uart_get_UART7_rx_buffer_address	4	static
