../../Drivers/STM32H7xx_HAL_Driver/Inc/stm32h7xx_ll_usart.h:635:22:LL_USART_Enable	16	static
../../Drivers/STM32H7xx_HAL_Driver/Inc/stm32h7xx_ll_usart.h:649:22:LL_USART_Disable	16	static
../../Drivers/STM32H7xx_HAL_Driver/Inc/stm32h7xx_ll_usart.h:3009:26:LL_USART_IsActiveFlag_TC	16	static
../../Drivers/STM32H7xx_HAL_Driver/Inc/stm32h7xx_ll_usart.h:3024:26:LL_USART_IsActiveFlag_TXE_TXFNF	16	static
../../Drivers/STM32H7xx_HAL_Driver/Inc/stm32h7xx_ll_usart.h:3464:22:LL_USART_EnableIT_IDLE	40	static,ignoring_inline_asm
../../Drivers/STM32H7xx_HAL_Driver/Inc/stm32h7xx_ll_usart.h:3505:22:LL_USART_EnableIT_TXE_TXFNF	40	static,ignoring_inline_asm
../../Drivers/STM32H7xx_HAL_Driver/Inc/stm32h7xx_ll_usart.h:3720:22:LL_USART_DisableIT_TXE_TXFNF	40	static,ignoring_inline_asm
../../Drivers/STM32H7xx_HAL_Driver/Inc/stm32h7xx_ll_usart.h:3937:26:LL_USART_IsEnabledIT_TXE_TXFNF	16	static
../../Drivers/STM32H7xx_HAL_Driver/Inc/stm32h7xx_ll_usart.h:4117:22:LL_USART_EnableDMAReq_RX	40	static,ignoring_inline_asm
../../Drivers/STM32H7xx_HAL_Driver/Inc/stm32h7xx_ll_usart.h:4220:26:LL_USART_DMA_GetRegAddr	24	static
../../Drivers/STM32H7xx_HAL_Driver/Inc/stm32h7xx_ll_usart.h:4275:22:LL_USART_TransmitData8	16	static
../../Drivers/STM32H7xx_HAL_Driver/Inc/stm32h7xx_ll_dma.h:489:22:LL_DMA_EnableStream	24	static
../../Drivers/STM32H7xx_HAL_Driver/Inc/stm32h7xx_ll_dma.h:511:22:LL_DMA_DisableStream	24	static
../../Drivers/STM32H7xx_HAL_Driver/Inc/stm32h7xx_ll_dma.h:1051:22:LL_DMA_SetDataLength	32	static
../../Drivers/STM32H7xx_HAL_Driver/Inc/stm32h7xx_ll_dma.h:1075:26:LL_DMA_GetDataLength	24	static
../../Drivers/STM32H7xx_HAL_Driver/Inc/stm32h7xx_ll_dma.h:1840:22:LL_DMA_SetMemoryAddress	32	static
../../Drivers/STM32H7xx_HAL_Driver/Inc/stm32h7xx_ll_dma.h:1865:22:LL_DMA_SetPeriphAddress	32	static
../../Drivers/STM32H7xx_HAL_Driver/Inc/stm32h7xx_ll_dma.h:2970:22:LL_DMA_EnableIT_HT	24	static
../../Drivers/STM32H7xx_HAL_Driver/Inc/stm32h7xx_ll_dma.h:2992:22:LL_DMA_EnableIT_TE	24	static
../../Drivers/STM32H7xx_HAL_Driver/Inc/stm32h7xx_ll_dma.h:3014:22:LL_DMA_EnableIT_TC	24	static
../0_DEV/M1_Driver4/UART_DMA/uart_dma_driver.c:29:16:UART_DMA_Driver_Init	32	static
../0_DEV/M1_Driver4/UART_DMA/uart_dma_driver.c:84:20:UART_DMA_Driver_Get	24	static
../0_DEV/M1_Driver4/UART_DMA/uart_dma_driver.c:94:6:UART_Driver_Write	24	static
../0_DEV/M1_Driver4/UART_DMA/uart_dma_driver.c:115:6:UART_Driver_SendString	24	static
../0_DEV/M1_Driver4/UART_DMA/uart_dma_driver.c:129:6:UART_Driver_FlushTx	32	static
../0_DEV/M1_Driver4/UART_DMA/uart_dma_driver.c:140:6:UART_Driver_TX_ISR	24	static
../0_DEV/M1_Driver4/UART_DMA/uart_dma_driver.c:164:6:UART_DMA_Rx_Check	48	static
../0_DEV/M1_Driver4/UART_DMA/uart_dma_driver.c:199:5:UART_DMA_Driver_Read	24	static
../0_DEV/M1_Driver4/UART_DMA/uart_dma_driver.c:212:7:UART_DMA_Driver_IsDataAvailable	24	static
../0_DEV/M1_Driver4/UART_DMA/uart_dma_driver.c:221:10:UART_DMA_Driver_TXNumFreeSlots	24	static
../0_DEV/M1_Driver4/UART_DMA/uart_dma_driver.c:230:10:UART_DMA_Driver_RXNumFreeSlots	24	static
../0_DEV/M1_Driver4/UART_DMA/uart_dma_driver.c:240:6:UART_DMA_Driver_Flush	48	static
../0_DEV/M1_Driver4/UART_DMA/uart_dma_driver.c:261:6:UART_Driver_Polling_Write	16	static
../0_DEV/M1_Driver4/UART_DMA/uart_dma_driver.c:272:6:UART_Driver_Polling_SendString	16	static
