Archive member included to satisfy reference by file (symbol)

C:/ST/STM32CubeIDE_1.17.0/STM32CubeIDE/plugins/com.st.stm32cube.ide.mcu.externaltools.gnu-tools-for-stm32.13.3.rel1.win32_1.0.0.202411081344/tools/bin/../lib/gcc/arm-none-eabi/13.3.1/../../../../arm-none-eabi/lib/thumb/v7e-m+fp/hard\libc_nano.a(libc_a-exit.o)
                              C:/ST/STM32CubeIDE_1.17.0/STM32CubeIDE/plugins/com.st.stm32cube.ide.mcu.externaltools.gnu-tools-for-stm32.13.3.rel1.win32_1.0.0.202411081344/tools/bin/../lib/gcc/arm-none-eabi/13.3.1/../../../../arm-none-eabi/lib/thumb/v7e-m+fp/hard/crt0.o (exit)
C:/ST/STM32CubeIDE_1.17.0/STM32CubeIDE/plugins/com.st.stm32cube.ide.mcu.externaltools.gnu-tools-for-stm32.13.3.rel1.win32_1.0.0.202411081344/tools/bin/../lib/gcc/arm-none-eabi/13.3.1/../../../../arm-none-eabi/lib/thumb/v7e-m+fp/hard\libc_nano.a(libc_a-findfp.o)
                              C:/ST/STM32CubeIDE_1.17.0/STM32CubeIDE/plugins/com.st.stm32cube.ide.mcu.externaltools.gnu-tools-for-stm32.13.3.rel1.win32_1.0.0.202411081344/tools/bin/../lib/gcc/arm-none-eabi/13.3.1/../../../../arm-none-eabi/lib/thumb/v7e-m+fp/hard\libc_nano.a(libc_a-exit.o) (__stdio_exit_handler)
C:/ST/STM32CubeIDE_1.17.0/STM32CubeIDE/plugins/com.st.stm32cube.ide.mcu.externaltools.gnu-tools-for-stm32.13.3.rel1.win32_1.0.0.202411081344/tools/bin/../lib/gcc/arm-none-eabi/13.3.1/../../../../arm-none-eabi/lib/thumb/v7e-m+fp/hard\libc_nano.a(libc_a-fwalk.o)
                              C:/ST/STM32CubeIDE_1.17.0/STM32CubeIDE/plugins/com.st.stm32cube.ide.mcu.externaltools.gnu-tools-for-stm32.13.3.rel1.win32_1.0.0.202411081344/tools/bin/../lib/gcc/arm-none-eabi/13.3.1/../../../../arm-none-eabi/lib/thumb/v7e-m+fp/hard\libc_nano.a(libc_a-findfp.o) (_fwalk_sglue)
C:/ST/STM32CubeIDE_1.17.0/STM32CubeIDE/plugins/com.st.stm32cube.ide.mcu.externaltools.gnu-tools-for-stm32.13.3.rel1.win32_1.0.0.202411081344/tools/bin/../lib/gcc/arm-none-eabi/13.3.1/../../../../arm-none-eabi/lib/thumb/v7e-m+fp/hard\libc_nano.a(libc_a-stdio.o)
                              C:/ST/STM32CubeIDE_1.17.0/STM32CubeIDE/plugins/com.st.stm32cube.ide.mcu.externaltools.gnu-tools-for-stm32.13.3.rel1.win32_1.0.0.202411081344/tools/bin/../lib/gcc/arm-none-eabi/13.3.1/../../../../arm-none-eabi/lib/thumb/v7e-m+fp/hard\libc_nano.a(libc_a-findfp.o) (__sread)
C:/ST/STM32CubeIDE_1.17.0/STM32CubeIDE/plugins/com.st.stm32cube.ide.mcu.externaltools.gnu-tools-for-stm32.13.3.rel1.win32_1.0.0.202411081344/tools/bin/../lib/gcc/arm-none-eabi/13.3.1/../../../../arm-none-eabi/lib/thumb/v7e-m+fp/hard\libc_nano.a(libc_a-memset.o)
                              C:/ST/STM32CubeIDE_1.17.0/STM32CubeIDE/plugins/com.st.stm32cube.ide.mcu.externaltools.gnu-tools-for-stm32.13.3.rel1.win32_1.0.0.202411081344/tools/bin/../lib/gcc/arm-none-eabi/13.3.1/../../../../arm-none-eabi/lib/thumb/v7e-m+fp/hard/crt0.o (memset)
C:/ST/STM32CubeIDE_1.17.0/STM32CubeIDE/plugins/com.st.stm32cube.ide.mcu.externaltools.gnu-tools-for-stm32.13.3.rel1.win32_1.0.0.202411081344/tools/bin/../lib/gcc/arm-none-eabi/13.3.1/../../../../arm-none-eabi/lib/thumb/v7e-m+fp/hard\libc_nano.a(libc_a-closer.o)
                              C:/ST/STM32CubeIDE_1.17.0/STM32CubeIDE/plugins/com.st.stm32cube.ide.mcu.externaltools.gnu-tools-for-stm32.13.3.rel1.win32_1.0.0.202411081344/tools/bin/../lib/gcc/arm-none-eabi/13.3.1/../../../../arm-none-eabi/lib/thumb/v7e-m+fp/hard\libc_nano.a(libc_a-stdio.o) (_close_r)
C:/ST/STM32CubeIDE_1.17.0/STM32CubeIDE/plugins/com.st.stm32cube.ide.mcu.externaltools.gnu-tools-for-stm32.13.3.rel1.win32_1.0.0.202411081344/tools/bin/../lib/gcc/arm-none-eabi/13.3.1/../../../../arm-none-eabi/lib/thumb/v7e-m+fp/hard\libc_nano.a(libc_a-reent.o)
                              C:/ST/STM32CubeIDE_1.17.0/STM32CubeIDE/plugins/com.st.stm32cube.ide.mcu.externaltools.gnu-tools-for-stm32.13.3.rel1.win32_1.0.0.202411081344/tools/bin/../lib/gcc/arm-none-eabi/13.3.1/../../../../arm-none-eabi/lib/thumb/v7e-m+fp/hard\libc_nano.a(libc_a-closer.o) (errno)
C:/ST/STM32CubeIDE_1.17.0/STM32CubeIDE/plugins/com.st.stm32cube.ide.mcu.externaltools.gnu-tools-for-stm32.13.3.rel1.win32_1.0.0.202411081344/tools/bin/../lib/gcc/arm-none-eabi/13.3.1/../../../../arm-none-eabi/lib/thumb/v7e-m+fp/hard\libc_nano.a(libc_a-impure.o)
                              C:/ST/STM32CubeIDE_1.17.0/STM32CubeIDE/plugins/com.st.stm32cube.ide.mcu.externaltools.gnu-tools-for-stm32.13.3.rel1.win32_1.0.0.202411081344/tools/bin/../lib/gcc/arm-none-eabi/13.3.1/../../../../arm-none-eabi/lib/thumb/v7e-m+fp/hard\libc_nano.a(libc_a-reent.o) (_impure_ptr)
C:/ST/STM32CubeIDE_1.17.0/STM32CubeIDE/plugins/com.st.stm32cube.ide.mcu.externaltools.gnu-tools-for-stm32.13.3.rel1.win32_1.0.0.202411081344/tools/bin/../lib/gcc/arm-none-eabi/13.3.1/../../../../arm-none-eabi/lib/thumb/v7e-m+fp/hard\libc_nano.a(libc_a-lseekr.o)
[...]
Memory Configuration

Name             Origin             Length             Attributes
RAM              0x20000000         0x00050000         xrw
FLASH            0x08000000         0x00100000         xr
*default*        0x00000000         0xffffffff

Linker script and memory map

LOAD C:/ST/STM32CubeIDE_1.17.0/STM32CubeIDE/plugins/com.st.stm32cube.ide.mcu.externaltools.gnu-tools-for-stm32.13.3.rel1.win32_1.0.0.202411081344/tools/bin/../lib/gcc/arm-none-eabi/13.3.1/thumb/v7e-m+fp/hard/crti.o
LOAD C:/ST/STM32CubeIDE_1.17.0/STM32CubeIDE/plugins/com.st.stm32cube.ide.mcu.externaltools.gnu-tools-for-stm32.13.3.rel1.win32_1.0.0.202411081344/tools/bin/../lib/gcc/arm-none-eabi/13.3.1/thumb/v7e-m+fp/hard/crtbegin.o
LOAD C:/ST/STM32CubeIDE_1.17.0/STM32CubeIDE/plugins/com.st.stm32cube.ide.mcu.externaltools.gnu-tools-for-stm32.13.3.rel1.win32_1.0.0.202411081344/tools/bin/../lib/gcc/arm-none-eabi/13.3.1/../../../../arm-none-eabi/lib/thumb/v7e-m+fp/hard/crt0.o
LOAD ./Core/Src/main.o
LOAD ./Core/Src/stm32f7xx_hal_msp.o
LOAD ./Core/Src/stm32f7xx_it.o
LOAD ./Core/Src/syscalls.o
LOAD ./Core/Src/sysmem.o
LOAD ./Core/Src/system_stm32f7xx.o
LOAD ./Core/Startup/startup_stm32f746nghx.o
LOAD ./Drivers/STM32F7xx_HAL_Driver/Src/stm32f7xx_hal.o
LOAD ./Drivers/STM32F7xx_HAL_Driver/Src/stm32f7xx_hal_cortex.o
LOAD ./Drivers/STM32F7xx_HAL_Driver/Src/stm32f7xx_hal_crc.o
LOAD ./Drivers/STM32F7xx_HAL_Driver/Src/stm32f7xx_hal_crc_ex.o
LOAD ./Drivers/STM32F7xx_HAL_Driver/Src/stm32f7xx_hal_dma.o
LOAD ./Drivers/STM32F7xx_HAL_Driver/Src/stm32f7xx_hal_dma_ex.o
LOAD ./Drivers/STM32F7xx_HAL_Driver/Src/stm32f7xx_hal_exti.o
LOAD ./Drivers/STM32F7xx_HAL_Driver/Src/stm32f7xx_hal_flash.o
LOAD ./Drivers/STM32F7xx_HAL_Driver/Src/stm32f7xx_hal_flash_ex.o
LOAD ./Drivers/STM32F7xx_HAL_Driver/Src/stm32f7xx_hal_gpio.o
LOAD ./Drivers/STM32F7xx_HAL_Driver/Src/stm32f7xx_hal_i2c.o
LOAD ./Drivers/STM32F7xx_HAL_Driver/Src/stm32f7xx_hal_i2c_ex.o
LOAD ./Drivers/STM32F7xx_HAL_Driver/Src/stm32f7xx_hal_pwr.o
LOAD ./Drivers/STM32F7xx_HAL_Driver/Src/stm32f7xx_hal_pwr_ex.o
LOAD ./Drivers/STM32F7xx_HAL_Driver/Src/stm32f7xx_hal_rcc.o
LOAD ./Drivers/STM32F7xx_HAL_Driver/Src/stm32f7xx_hal_rcc_ex.o
LOAD ./Drivers/STM32F7xx_HAL_Driver/Src/stm32f7xx_ll_dma.o
LOAD ./Drivers/STM32F7xx_HAL_Driver/Src/stm32f7xx_ll_exti.o
LOAD ./Drivers/STM32F7xx_HAL_Driver/Src/stm32f7xx_ll_gpio.o
LOAD ./Drivers/STM32F7xx_HAL_Driver/Src/stm32f7xx_ll_rcc.o
LOAD ./Drivers/STM32F7xx_HAL_Driver/Src/stm32f7xx_ll_usart.o
LOAD ./Drivers/STM32F7xx_HAL_Driver/Src/stm32f7xx_ll_utils.o
LOAD ./Source/Flash/flash.o
LOAD ./Source/UART/RingBuffer.o
LOAD ./Source/UART/UART.o
LOAD ./Source/bootloader/bootloader.o
LOAD ./Source/scheduler/scheduler.o
START GROUP
LOAD C:/ST/STM32CubeIDE_1.17.0/STM32CubeIDE/plugins/com.st.stm32cube.ide.mcu.externaltools.gnu-tools-for-stm32.13.3.rel1.win32_1.0.0.202411081344/tools/bin/../lib/gcc/arm-none-eabi/13.3.1/../../../../arm-none-eabi/lib/thumb/v7e-m+fp/hard\libc_nano.a
LOAD C:/ST/STM32CubeIDE_1.17.0/STM32CubeIDE/plugins/com.st.stm32cube.ide.mcu.externaltools.gnu-tools-for-stm32.13.3.rel1.win32_1.0.0.202411081344/tools/bin/../lib/gcc/arm-none-eabi/13.3.1/../../../../arm-none-eabi/lib/thumb/v7e-m+fp/hard\libm.a
END GROUP
START GROUP
LOAD C:/ST/STM32CubeIDE_1.17.0/STM32CubeIDE/plugins/com.st.stm32cube.ide.mcu.externaltools.gnu-tools-for-stm32.13.3.rel1.win32_1.0.0.202411081344/tools/bin/../lib/gcc/arm-none-eabi/13.3.1/thumb/v7e-m+fp/hard\libgcc.a
LOAD C:/ST/STM32CubeIDE_1.17.0/STM32CubeIDE/plugins/com.st.stm32cube.ide.mcu.externaltools.gnu-tools-for-stm32.13.3.rel1.win32_1.0.0.202411081344/tools/bin/../lib/gcc/arm-none-eabi/13.3.1/../../../../arm-none-eabi/lib/thumb/v7e-m+fp/hard\libc_nano.a
END GROUP
START GROUP
LOAD C:/ST/STM32CubeIDE_1.17.0/STM32CubeIDE/plugins/com.st.stm32cube.ide.mcu.externaltools.gnu-tools-for-stm32.13.3.rel1.win32_1.0.0.202411081344/tools/bin/../lib/gcc/arm-none-eabi/13.3.1/thumb/v7e-m+fp/hard\libgcc.a
LOAD C:/ST/STM32CubeIDE_1.17.0/STM32CubeIDE/plugins/com.st.stm32cube.ide.mcu.externaltools.gnu-tools-for-stm32.13.3.rel1.win32_1.0.0.202411081344/tools/bin/../lib/gcc/arm-none-eabi/13.3.1/../../../../arm-none-eabi/lib/thumb/v7e-m+fp/hard\libc_nano.a
LOAD C:/ST/STM32CubeIDE_1.17.0/STM32CubeIDE/plugins/com.st.stm32cube.ide.mcu.externaltools.gnu-tools-for-stm32.13.3.rel1.win32_1.0.0.202411081344/tools/bin/../lib/gcc/arm-none-eabi/13.3.1/../../../../arm-none-eabi/lib/thumb/v7e-m+fp/hard\libnosys.a
END GROUP
START GROUP
LOAD C:/ST/STM32CubeIDE_1.17.0/STM32CubeIDE/plugins/com.st.stm32cube.ide.mcu.externaltools.gnu-tools-for-stm32.13.3.rel1.win32_1.0.0.202411081344/tools/bin/../lib/gcc/arm-none-eabi/13.3.1/thumb/v7e-m+fp/hard\libgcc.a
LOAD C:/ST/STM32CubeIDE_1.17.0/STM32CubeIDE/plugins/com.st.stm32cube.ide.mcu.externaltools.gnu-tools-for-stm32.13.3.rel1.win32_1.0.0.202411081344/tools/bin/../lib/gcc/arm-none-eabi/13.3.1/../../../../arm-none-eabi/lib/thumb/v7e-m+fp/hard\libc_nano.a
LOAD C:/ST/STM32CubeIDE_1.17.0/STM32CubeIDE/plugins/com.st.stm32cube.ide.mcu.externaltools.gnu-tools-for-stm32.13.3.rel1.win32_1.0.0.202411081344/tools/bin/../lib/gcc/arm-none-eabi/13.3.1/../../../../arm-none-eabi/lib/thumb/v7e-m+fp/hard\libnosys.a
END GROUP
LOAD C:/ST/STM32CubeIDE_1.17.0/STM32CubeIDE/plugins/com.st.stm32cube.ide.mcu.externaltools.gnu-tools-for-stm32.13.3.rel1.win32_1.0.0.202411081344/tools/bin/../lib/gcc/arm-none-eabi/13.3.1/thumb/v7e-m+fp/hard/crtend.o
LOAD C:/ST/STM32CubeIDE_1.17.0/STM32CubeIDE/plugins/com.st.stm32cube.ide.mcu.externaltools.gnu-tools-for-stm32.13.3.rel1.win32_1.0.0.202411081344/tools/bin/../lib/gcc/arm-none-eabi/13.3.1/thumb/v7e-m+fp/hard/crtn.o
                0x20050000                        _estack = (ORIGIN (RAM) + LENGTH (RAM))
                0x00000200                        _Min_Heap_Size = 0x200
                0x00000400                        _Min_Stack_Size = 0x400

.isr_vector     0x08000000      0x1c8
                0x08000000                        . = ALIGN (0x4)
 *(.isr_vector)
 .isr_vector    0x08000000      0x1c8 ./Core/Startup/startup_stm32f746nghx.o
                0x08000000                g_pfnVectors
                0x080001c8                        . = ALIGN (0x4)

.text           0x080001c8     0x2dfc
                0x080001c8                        . = ALIGN (0x4)
 *(.text)
 .text          0x080001c8       0x40 C:/ST/STM32CubeIDE_1.17.0/STM32CubeIDE/plugins/com.st.stm32cube.ide.mcu.externaltools.gnu-tools-for-stm32.13.3.rel1.win32_1.0.0.202411081344/tools/bin/../lib/gcc/arm-none-eabi/13.3.1/thumb/v7e-m+fp/hard/crtbegin.o
 .text          0x08000208       0x30 C:/ST/STM32CubeIDE_1.17.0/STM32CubeIDE/plugins/com.st.stm32cube.ide.mcu.externaltools.gnu-tools-for-stm32.13.3.rel1.win32_1.0.0.202411081344/tools/bin/../lib/gcc/arm-none-eabi/13.3.1/thumb/v7e-m+fp/hard\libgcc.a(_aeabi_uldivmod.o)
                0x08000208                __aeabi_uldivmod
 .text          0x08000238      0x2f8 C:/ST/STM32CubeIDE_1.17.0/STM32CubeIDE/plugins/com.st.stm32cube.ide.mcu.externaltools.gnu-tools-for-stm32.13.3.rel1.win32_1.0.0.202411081344/tools/bin/../lib/gcc/arm-none-eabi/13.3.1/thumb/v7e-m+fp/hard\libgcc.a(_udivmoddi4.o)
                0x08000238                __udivmoddi4
 .text          0x08000530        0x4 C:/ST/STM32CubeIDE_1.17.0/STM32CubeIDE/plugins/com.st.stm32cube.ide.mcu.externaltools.gnu-tools-for-stm32.13.3.rel1.win32_1.0.0.202411081344/tools/bin/../lib/gcc/arm-none-eabi/13.3.1/thumb/v7e-m+fp/hard\libgcc.a(_dvmd_tls.o)
                0x08000530                __aeabi_idiv0
                0x08000530                __aeabi_ldiv0
 *(.text*)
 .text.Status_Led
                0x08000534       0x14 ./Core/Src/main.o
 .text.SystemClock_Config
                0x08000548       0xa4 ./Core/Src/main.o
                0x08000548                SystemClock_Config
 .text.main     0x080005ec      0x214 ./Core/Src/main.o
                0x080005ec                main
 .text.HAL_MspInit
                0x08000800       0x30 ./Core/Src/stm32f7xx_hal_msp.o
                0x08000800                HAL_MspInit
 .text.HAL_CRC_MspInit
                0x08000830       0x2c ./Core/Src/stm32f7xx_hal_msp.o
                0x08000830                HAL_CRC_MspInit
 .text.NMI_Handler
                0x0800085c        0x2 ./Core/Src/stm32f7xx_it.o
                0x0800085c                NMI_Handler
 .text.HardFault_Handler
                0x0800085e        0x2 ./Core/Src/stm32f7xx_it.o
                0x0800085e                HardFault_Handler
 .text.MemManage_Handler
                0x08000860        0x2 ./Core/Src/stm32f7xx_it.o
                0x08000860                MemManage_Handler
 .text.BusFault_Handler
                0x08000862        0x2 ./Core/Src/stm32f7xx_it.o
                0x08000862                BusFault_Handler
 .text.UsageFault_Handler
                0x08000864        0x2 ./Core/Src/stm32f7xx_it.o
                0x08000864                UsageFault_Handler
 .text.SVC_Handler
                0x08000866        0x2 ./Core/Src/stm32f7xx_it.o
                0x08000866                SVC_Handler
 .text.DebugMon_Handler
                0x08000868        0x2 ./Core/Src/stm32f7xx_it.o
                0x08000868                DebugMon_Handler
 .text.PendSV_Handler
                0x0800086a        0x2 ./Core/Src/stm32f7xx_it.o
                0x0800086a                PendSV_Handler
 .text.SysTick_Handler
                0x0800086c        0xc ./Core/Src/stm32f7xx_it.o
                0x0800086c                SysTick_Handler
 .text.USART6_IRQHandler
                0x08000878        0x8 ./Core/Src/stm32f7xx_it.o
                0x08000878                USART6_IRQHandler
 .text.SystemInit
                0x08000880       0x14 ./Core/Src/system_stm32f7xx.o
                0x08000880                SystemInit
 .text.Reset_Handler
                0x08000894       0x50 ./Core/Startup/startup_stm32f746nghx.o
                0x08000894                Reset_Handler
 .text.Default_Handler
                0x080008e4        0x2 ./Core/Startup/startup_stm32f746nghx.o
                0x080008e4                RTC_Alarm_IRQHandler
                0x080008e4                EXTI2_IRQHandler
                0x080008e4                TIM8_CC_IRQHandler
                0x080008e4                UART8_IRQHandler
                0x080008e4                SPI4_IRQHandler
                0x080008e4                TIM1_CC_IRQHandler
                0x080008e4                DMA2_Stream5_IRQHandler
                0x080008e4                DMA1_Stream5_IRQHandler
                0x080008e4                PVD_IRQHandler
                0x080008e4                TAMP_STAMP_IRQHandler
                0x080008e4                CAN2_RX1_IRQHandler
                0x080008e4                EXTI3_IRQHandler
                0x080008e4                TIM8_TRG_COM_TIM14_IRQHandler
                0x080008e4                TIM1_UP_TIM10_IRQHandler
                0x080008e4                TIM8_UP_TIM13_IRQHandler
                0x080008e4                I2C3_ER_IRQHandler
                0x080008e4                EXTI0_IRQHandler
                0x080008e4                I2C2_EV_IRQHandler
                0x080008e4                DMA1_Stream2_IRQHandler
                0x080008e4                CAN1_RX0_IRQHandler
                0x080008e4                FPU_IRQHandler
                0x080008e4                OTG_HS_WKUP_IRQHandler
                0x080008e4                LTDC_ER_IRQHandler
                0x080008e4                CAN2_SCE_IRQHandler
                0x080008e4                DMA2_Stream2_IRQHandler
                0x080008e4                SPI1_IRQHandler
                0x080008e4                TIM6_DAC_IRQHandler
                0x080008e4                TIM1_BRK_TIM9_IRQHandler
                0x080008e4                DCMI_IRQHandler
                0x080008e4                CAN2_RX0_IRQHandler
                0x080008e4                DMA2_Stream3_IRQHandler
                0x080008e4                SAI2_IRQHandler
                0x080008e4                USART3_IRQHandler
                0x080008e4                CAN1_RX1_IRQHandler
                0x080008e4                UART5_IRQHandler
                0x080008e4                DMA2_Stream0_IRQHandler
                0x080008e4                TIM4_IRQHandler
                0x080008e4                QUADSPI_IRQHandler
                0x080008e4                I2C1_EV_IRQHandler
                0x080008e4                DMA1_Stream6_IRQHandler
                0x080008e4                DMA1_Stream1_IRQHandler
                0x080008e4                UART4_IRQHandler
                0x080008e4                TIM3_IRQHandler
                0x080008e4                RCC_IRQHandler
                0x080008e4                TIM8_BRK_TIM12_IRQHandler
                0x080008e4                Default_Handler
                0x080008e4                CEC_IRQHandler
                0x080008e4                EXTI15_10_IRQHandler
                0x080008e4                ADC_IRQHandler
                0x080008e4                DMA1_Stream7_IRQHandler
                0x080008e4                SPI5_IRQHandler
                0x080008e4                TIM7_IRQHandler
                0x080008e4                SDMMC1_IRQHandler
                0x080008e4                CAN2_TX_IRQHandler
                0x080008e4                TIM5_IRQHandler
                0x080008e4                DMA2_Stream7_IRQHandler
                0x080008e4                I2C3_EV_IRQHandler
                0x080008e4                EXTI9_5_IRQHandler
                0x080008e4                RTC_WKUP_IRQHandler
                0x080008e4                LTDC_IRQHandler
                0x080008e4                ETH_WKUP_IRQHandler
                0x080008e4                SPDIF_RX_IRQHandler
                0x080008e4                SPI2_IRQHandler
                0x080008e4                OTG_HS_EP1_IN_IRQHandler
                0x080008e4                DMA1_Stream0_IRQHandler
                0x080008e4                CAN1_TX_IRQHandler
                0x080008e4                EXTI4_IRQHandler
                0x080008e4                RNG_IRQHandler
                0x080008e4                ETH_IRQHandler
                0x080008e4                OTG_HS_EP1_OUT_IRQHandler
                0x080008e4                WWDG_IRQHandler
                0x080008e4                SPI6_IRQHandler
                0x080008e4                I2C4_EV_IRQHandler
                0x080008e4                TIM2_IRQHandler
                0x080008e4                OTG_FS_WKUP_IRQHandler
                0x080008e4                TIM1_TRG_COM_TIM11_IRQHandler
                0x080008e4                OTG_HS_IRQHandler
                0x080008e4                DMA2D_IRQHandler
                0x080008e4                EXTI1_IRQHandler
                0x080008e4                UART7_IRQHandler
                0x080008e4                USART2_IRQHandler
                0x080008e4                I2C2_ER_IRQHandler
                0x080008e4                DMA2_Stream1_IRQHandler
                0x080008e4                CAN1_SCE_IRQHandler
                0x080008e4                FLASH_IRQHandler
                0x080008e4                DMA2_Stream4_IRQHandler
                0x080008e4                USART1_IRQHandler
                0x080008e4                OTG_FS_IRQHandler
                0x080008e4                SPI3_IRQHandler
                0x080008e4                DMA1_Stream4_IRQHandler
                0x080008e4                I2C1_ER_IRQHandler
                0x080008e4                FMC_IRQHandler
                0x080008e4                LPTIM1_IRQHandler
                0x080008e4                I2C4_ER_IRQHandler
                0x080008e4                DMA2_Stream6_IRQHandler
                0x080008e4                SAI1_IRQHandler
                0x080008e4                DMA1_Stream3_IRQHandler
 .text.HAL_MspDeInit
                0x080008e6        0x2 ./Drivers/STM32F7xx_HAL_Driver/Src/stm32f7xx_hal.o
                0x080008e6                HAL_MspDeInit
 .text.HAL_DeInit
                0x080008e8       0x2c ./Drivers/STM32F7xx_HAL_Driver/Src/stm32f7xx_hal.o
                0x080008e8                HAL_DeInit
 .text.HAL_InitTick
                0x08000914       0x48 ./Drivers/STM32F7xx_HAL_Driver/Src/stm32f7xx_hal.o
                0x08000914                HAL_InitTick
 .text.HAL_Init
                0x0800095c       0x16 ./Drivers/STM32F7xx_HAL_Driver/Src/stm32f7xx_hal.o
                0x0800095c                HAL_Init
 *fill*         0x08000972        0x2 
 .text.HAL_IncTick
                0x08000974       0x18 ./Drivers/STM32F7xx_HAL_Driver/Src/stm32f7xx_hal.o
                0x08000974                HAL_IncTick
 .text.HAL_GetTick
                0x0800098c        0xc ./Drivers/STM32F7xx_HAL_Driver/Src/stm32f7xx_hal.o
                0x0800098c                HAL_GetTick
 .text.HAL_Delay
                0x08000998       0x28 ./Drivers/STM32F7xx_HAL_Driver/Src/stm32f7xx_hal.o
                0x08000998                HAL_Delay
 .text.HAL_NVIC_SetPriorityGrouping
                0x080009c0       0x24 ./Drivers/STM32F7xx_HAL_Driver/Src/stm32f7xx_hal_cortex.o
                0x080009c0                HAL_NVIC_SetPriorityGrouping
 .text.HAL_NVIC_SetPriority
                0x080009e4       0x68 ./Drivers/STM32F7xx_HAL_Driver/Src/stm32f7xx_hal_cortex.o
                0x080009e4                HAL_NVIC_SetPriority
 .text.HAL_SYSTICK_Config
                0x08000a4c       0x28 ./Drivers/STM32F7xx_HAL_Driver/Src/stm32f7xx_hal_cortex.o
                0x08000a4c                HAL_SYSTICK_Config
 .text.HAL_MPU_Disable
                0x08000a74       0x1c ./Drivers/STM32F7xx_HAL_Driver/Src/stm32f7xx_hal_cortex.o
                0x08000a74                HAL_MPU_Disable
 .text.HAL_MPU_Enable
                0x08000a90       0x20 ./Drivers/STM32F7xx_HAL_Driver/Src/stm32f7xx_hal_cortex.o
                0x08000a90                HAL_MPU_Enable
 .text.HAL_MPU_ConfigRegion
                0x08000ab0       0x58 ./Drivers/STM32F7xx_HAL_Driver/Src/stm32f7xx_hal_cortex.o
                0x08000ab0                HAL_MPU_ConfigRegion
 .text.HAL_CRC_Init
                0x08000b08       0x80 ./Drivers/STM32F7xx_HAL_Driver/Src/stm32f7xx_hal_crc.o
                0x08000b08                HAL_CRC_Init
 .text.HAL_CRCEx_Polynomial_Set
                0x08000b88       0xe8 ./Drivers/STM32F7xx_HAL_Driver/Src/stm32f7xx_hal_crc_ex.o
                0x08000b88                HAL_CRCEx_Polynomial_Set
 .text.FLASH_Program_DoubleWord
                0x08000c70       0x34 ./Drivers/STM32F7xx_HAL_Driver/Src/stm32f7xx_hal_flash.o
 .text.FLASH_Program_Word
                0x08000ca4       0x28 ./Drivers/STM32F7xx_HAL_Driver/Src/stm32f7xx_hal_flash.o
 .text.FLASH_Program_HalfWord
                0x08000ccc       0x28 ./Drivers/STM32F7xx_HAL_Driver/Src/stm32f7xx_hal_flash.o
 .text.FLASH_Program_Byte
                0x08000cf4       0x24 ./Drivers/STM32F7xx_HAL_Driver/Src/stm32f7xx_hal_flash.o
 .text.FLASH_SetErrorCode
                0x08000d18       0x74 ./Drivers/STM32F7xx_HAL_Driver/Src/stm32f7xx_hal_flash.o
 .text.HAL_FLASH_Unlock
                0x08000d8c       0x28 ./Drivers/STM32F7xx_HAL_Driver/Src/stm32f7xx_hal_flash.o
                0x08000d8c                HAL_FLASH_Unlock
 .text.HAL_FLASH_Lock
                0x08000db4       0x14 ./Drivers/STM32F7xx_HAL_Driver/Src/stm32f7xx_hal_flash.o
                0x08000db4                HAL_FLASH_Lock
 .text.FLASH_WaitForLastOperation
                0x08000dc8       0x68 ./Drivers/STM32F7xx_HAL_Driver/Src/stm32f7xx_hal_flash.o
                0x08000dc8                FLASH_WaitForLastOperation
 .text.HAL_FLASH_Program
                0x08000e30       0x7c ./Drivers/STM32F7xx_HAL_Driver/Src/stm32f7xx_hal_flash.o
                0x08000e30                HAL_FLASH_Program
 .text.FLASH_MassErase
                0x08000eac       0x28 ./Drivers/STM32F7xx_HAL_Driver/Src/stm32f7xx_hal_flash_ex.o
 .text.HAL_FLASHEx_OBGetConfig
                0x08000ed4       0x54 ./Drivers/STM32F7xx_HAL_Driver/Src/stm32f7xx_hal_flash_ex.o
                0x08000ed4                HAL_FLASHEx_OBGetConfig
 .text.FLASH_Erase_Sector
                0x08000f28       0x54 ./Drivers/STM32F7xx_HAL_Driver/Src/stm32f7xx_hal_flash_ex.o
                0x08000f28                FLASH_Erase_Sector
 .text.HAL_FLASHEx_Erase
                0x08000f7c       0xa0 ./Drivers/STM32F7xx_HAL_Driver/Src/stm32f7xx_hal_flash_ex.o
                0x08000f7c                HAL_FLASHEx_Erase
 .text.HAL_GPIO_Init
                0x0800101c      0x1f8 ./Drivers/STM32F7xx_HAL_Driver/Src/stm32f7xx_hal_gpio.o
                0x0800101c                HAL_GPIO_Init
 .text.HAL_GPIO_WritePin
                0x08001214        0xc ./Drivers/STM32F7xx_HAL_Driver/Src/stm32f7xx_hal_gpio.o
                0x08001214                HAL_GPIO_WritePin
 .text.HAL_GPIO_TogglePin
                0x08001220       0x12 ./Drivers/STM32F7xx_HAL_Driver/Src/stm32f7xx_hal_gpio.o
                0x08001220                HAL_GPIO_TogglePin
 *fill*         0x08001232        0x2 
 .text.HAL_RCC_DeInit
                0x08001234      0x154 ./Drivers/STM32F7xx_HAL_Driver/Src/stm32f7xx_hal_rcc.o
                0x08001234                HAL_RCC_DeInit
 .text.HAL_RCC_OscConfig
                0x08001388      0x438 ./Drivers/STM32F7xx_HAL_Driver/Src/stm32f7xx_hal_rcc.o
                0x08001388                HAL_RCC_OscConfig
 .text.HAL_RCC_GetSysClockFreq
                0x080017c0       0xa8 ./Drivers/STM32F7xx_HAL_Driver/Src/stm32f7xx_hal_rcc.o
                0x080017c0                HAL_RCC_GetSysClockFreq
 .text.HAL_RCC_ClockConfig
                0x08001868      0x170 ./Drivers/STM32F7xx_HAL_Driver/Src/stm32f7xx_hal_rcc.o
                0x08001868                HAL_RCC_ClockConfig
 .text.HAL_RCCEx_PeriphCLKConfig
                0x080019d8      0x5a0 ./Drivers/STM32F7xx_HAL_Driver/Src/stm32f7xx_hal_rcc_ex.o
                0x080019d8                HAL_RCCEx_PeriphCLKConfig
 .text.LL_GPIO_Init
                0x08001f78      0x138 ./Drivers/STM32F7xx_HAL_Driver/Src/stm32f7xx_ll_gpio.o
                0x08001f78                LL_GPIO_Init
 .text.RCC_GetHCLKClockFreq
                0x080020b0       0x18 ./Drivers/STM32F7xx_HAL_Driver/Src/stm32f7xx_ll_rcc.o
                0x080020b0                RCC_GetHCLKClockFreq
 .text.RCC_GetPCLK1ClockFreq
                0x080020c8       0x18 ./Drivers/STM32F7xx_HAL_Driver/Src/stm32f7xx_ll_rcc.o
                0x080020c8                RCC_GetPCLK1ClockFreq
 .text.RCC_GetPCLK2ClockFreq
                0x080020e0       0x18 ./Drivers/STM32F7xx_HAL_Driver/Src/stm32f7xx_ll_rcc.o
                0x080020e0                RCC_GetPCLK2ClockFreq
 .text.RCC_PLL_GetFreqDomain_SYS
                0x080020f8       0x44 ./Drivers/STM32F7xx_HAL_Driver/Src/stm32f7xx_ll_rcc.o
                0x080020f8                RCC_PLL_GetFreqDomain_SYS
 .text.RCC_GetSystemClockFreq
                0x0800213c       0x2c ./Drivers/STM32F7xx_HAL_Driver/Src/stm32f7xx_ll_rcc.o
                0x0800213c                RCC_GetSystemClockFreq
 .text.LL_RCC_GetUSARTClockFreq
                0x08002168      0x16c ./Drivers/STM32F7xx_HAL_Driver/Src/stm32f7xx_ll_rcc.o
                0x08002168                LL_RCC_GetUSARTClockFreq
 .text.LL_RCC_GetUARTClockFreq
                0x080022d4      0x174 ./Drivers/STM32F7xx_HAL_Driver/Src/stm32f7xx_ll_rcc.o
                0x080022d4                LL_RCC_GetUARTClockFreq
 .text.LL_USART_Init
                0x08002448      0x124 ./Drivers/STM32F7xx_HAL_Driver/Src/stm32f7xx_ll_usart.o
                0x08002448                LL_USART_Init
 .text.rbuffer_init
                0x0800256c       0x14 ./Source/UART/RingBuffer.o
                0x0800256c                rbuffer_init
 .text.rbuffer_full
                0x08002580       0x12 ./Source/UART/RingBuffer.o
                0x08002580                rbuffer_full
 .text.rbuffer_empty
                0x08002592        0xe ./Source/UART/RingBuffer.o
                0x08002592                rbuffer_empty
 .text.rbuffer_insert
                0x080025a0       0x26 ./Source/UART/RingBuffer.o
                0x080025a0                rbuffer_insert
 .text.rbuffer_remove
                0x080025c6       0x2a ./Source/UART/RingBuffer.o
                0x080025c6                rbuffer_remove
 .text.USART6_IRQ
                0x080025f0       0xb0 ./Source/UART/UART.o
                0x080025f0                USART6_IRQ
 .text.USART6_init
                0x080026a0       0x38 ./Source/UART/UART.o
                0x080026a0                USART6_init
 .text.USART6_send_char
                0x080026d8       0x48 ./Source/UART/UART.o
                0x080026d8                USART6_send_char
 .text.USART6_send_array
                0x08002720       0x1a ./Source/UART/UART.o
                0x08002720                USART6_send_array
 *fill*         0x0800273a        0x2 
 .text.Firmware_CRC_Verification
                0x0800273c       0x58 ./Source/bootloader/bootloader.o
 .text.Flash_Write_All_Metadata
                0x08002794       0xd8 ./Source/bootloader/bootloader.o
 .text.Jump_To_App
                0x0800286c      0x1a8 ./Source/bootloader/bootloader.o
                0x0800286c                Jump_To_App
 .text.BL_UART_Fetch_Host_Command
                0x08002a14      0x4cc ./Source/bootloader/bootloader.o
                0x08002a14                BL_UART_Fetch_Host_Command
 .text.SchedulerSysTickIntHandler
                0x08002ee0       0x10 ./Source/scheduler/scheduler.o
                0x08002ee0                SchedulerSysTickIntHandler
 .text.SchedulerRun
                0x08002ef0       0x48 ./Source/scheduler/scheduler.o
                0x08002ef0                SchedulerRun
 .text.memset   0x08002f38       0x10 C:/ST/STM32CubeIDE_1.17.0/STM32CubeIDE/plugins/com.st.stm32cube.ide.mcu.externaltools.gnu-tools-for-stm32.13.3.rel1.win32_1.0.0.202411081344/tools/bin/../lib/gcc/arm-none-eabi/13.3.1/../../../../arm-none-eabi/lib/thumb/v7e-m+fp/hard\libc_nano.a(libc_a-memset.o)
                0x08002f38                memset
 .text.__libc_init_array
                0x08002f48       0x48 C:/ST/STM32CubeIDE_1.17.0/STM32CubeIDE/plugins/com.st.stm32cube.ide.mcu.externaltools.gnu-tools-for-stm32.13.3.rel1.win32_1.0.0.202411081344/tools/bin/../lib/gcc/arm-none-eabi/13.3.1/../../../../arm-none-eabi/lib/thumb/v7e-m+fp/hard\libc_nano.a(libc_a-init.o)
                0x08002f48                __libc_init_array
 .text.memcpy   0x08002f90       0x1c C:/ST/STM32CubeIDE_1.17.0/STM32CubeIDE/plugins/com.st.stm32cube.ide.mcu.externaltools.gnu-tools-for-stm32.13.3.rel1.win32_1.0.0.202411081344/tools/bin/../lib/gcc/arm-none-eabi/13.3.1/../../../../arm-none-eabi/lib/thumb/v7e-m+fp/hard\libc_nano.a(libc_a-memcpy-stub.o)
                0x08002f90                memcpy
 *(.glue_7)
 .glue_7        0x08002fac        0x0 linker stubs
 *(.glue_7t)
 .glue_7t       0x08002fac        0x0 linker stubs
 *(.eh_frame)
 .eh_frame      0x08002fac        0x0 C:/ST/STM32CubeIDE_1.17.0/STM32CubeIDE/plugins/com.st.stm32cube.ide.mcu.externaltools.gnu-tools-for-stm32.13.3.rel1.win32_1.0.0.202411081344/tools/bin/../lib/gcc/arm-none-eabi/13.3.1/thumb/v7e-m+fp/hard/crtbegin.o
 *(.init)
 .init          0x08002fac        0x4 C:/ST/STM32CubeIDE_1.17.0/STM32CubeIDE/plugins/com.st.stm32cube.ide.mcu.externaltools.gnu-tools-for-stm32.13.3.rel1.win32_1.0.0.202411081344/tools/bin/../lib/gcc/arm-none-eabi/13.3.1/thumb/v7e-m+fp/hard/crti.o
                0x08002fac                _init
 .init          0x08002fb0        0x8 C:/ST/STM32CubeIDE_1.17.0/STM32CubeIDE/plugins/com.st.stm32cube.ide.mcu.externaltools.gnu-tools-for-stm32.13.3.rel1.win32_1.0.0.202411081344/tools/bin/../lib/gcc/arm-none-eabi/13.3.1/thumb/v7e-m+fp/hard/crtn.o
 *(.fini)
 .fini          0x08002fb8        0x4 C:/ST/STM32CubeIDE_1.17.0/STM32CubeIDE/plugins/com.st.stm32cube.ide.mcu.externaltools.gnu-tools-for-stm32.13.3.rel1.win32_1.0.0.202411081344/tools/bin/../lib/gcc/arm-none-eabi/13.3.1/thumb/v7e-m+fp/hard/crti.o
                0x08002fb8                _fini
 .fini          0x08002fbc        0x8 C:/ST/STM32CubeIDE_1.17.0/STM32CubeIDE/plugins/com.st.stm32cube.ide.mcu.externaltools.gnu-tools-for-stm32.13.3.rel1.win32_1.0.0.202411081344/tools/bin/../lib/gcc/arm-none-eabi/13.3.1/thumb/v7e-m+fp/hard/crtn.o
                0x08002fc4                        . = ALIGN (0x4)
                0x08002fc4                        _etext = .

.vfp11_veneer   0x08002fc4        0x0
 .vfp11_veneer  0x08002fc4        0x0 linker stubs

.v4_bx          0x08002fc4        0x0
 .v4_bx         0x08002fc4        0x0 linker stubs

.iplt           0x08002fc4        0x0
 .iplt          0x08002fc4        0x0 C:/ST/STM32CubeIDE_1.17.0/STM32CubeIDE/plugins/com.st.stm32cube.ide.mcu.externaltools.gnu-tools-for-stm32.13.3.rel1.win32_1.0.0.202411081344/tools/bin/../lib/gcc/arm-none-eabi/13.3.1/thumb/v7e-m+fp/hard/crtbegin.o

.rodata         0x08002fc4       0x18
                0x08002fc4                        . = ALIGN (0x4)
 *(.rodata)
 *(.rodata*)
 .rodata.APBPrescTable
                0x08002fc4        0x8 ./Core/Src/system_stm32f7xx.o
                0x08002fc4                APBPrescTable
 .rodata.AHBPrescTable
                0x08002fcc       0x10 ./Core/Src/system_stm32f7xx.o
                0x08002fcc                AHBPrescTable
                0x08002fdc                        . = ALIGN (0x4)

.ARM.extab      0x08002fdc        0x0
                0x08002fdc                        . = ALIGN (0x4)
 *(.ARM.extab* .gnu.linkonce.armextab.*)
                0x08002fdc                        . = ALIGN (0x4)

.ARM            0x08002fdc        0x8
                0x08002fdc                        . = ALIGN (0x4)
                0x08002fdc                        __exidx_start = .
 *(.ARM.exidx*)
 .ARM.exidx     0x08002fdc        0x8 C:/ST/STM32CubeIDE_1.17.0/STM32CubeIDE/plugins/com.st.stm32cube.ide.mcu.externaltools.gnu-tools-for-stm32.13.3.rel1.win32_1.0.0.202411081344/tools/bin/../lib/gcc/arm-none-eabi/13.3.1/thumb/v7e-m+fp/hard\libgcc.a(_udivmoddi4.o)
                0x08002fe4                        __exidx_end = .
                0x08002fe4                        . = ALIGN (0x4)

.preinit_array  0x08002fe4        0x0
                0x08002fe4                        . = ALIGN (0x4)
                0x08002fe4                        PROVIDE (__preinit_array_start = .)
 *(.preinit_array*)
                0x08002fe4                        PROVIDE (__preinit_array_end = .)
                0x08002fe4                        . = ALIGN (0x4)

.init_array     0x08002fe4        0x4
                0x08002fe4                        . = ALIGN (0x4)
                0x08002fe4                        PROVIDE (__init_array_start = .)
 *(SORT_BY_NAME(.init_array.*))
 *(.init_array*)
 .init_array    0x08002fe4        0x4 C:/ST/STM32CubeIDE_1.17.0/STM32CubeIDE/plugins/com.st.stm32cube.ide.mcu.externaltools.gnu-tools-for-stm32.13.3.rel1.win32_1.0.0.202411081344/tools/bin/../lib/gcc/arm-none-eabi/13.3.1/thumb/v7e-m+fp/hard/crtbegin.o
                0x08002fe8                        PROVIDE (__init_array_end = .)
                0x08002fe8                        . = ALIGN (0x4)

.fini_array     0x08002fe8        0x4
                0x08002fe8                        . = ALIGN (0x4)
                [!provide]                        PROVIDE (__fini_array_start = .)
 *(SORT_BY_NAME(.fini_array.*))
 *(.fini_array*)
 .fini_array    0x08002fe8        0x4 C:/ST/STM32CubeIDE_1.17.0/STM32CubeIDE/plugins/com.st.stm32cube.ide.mcu.externaltools.gnu-tools-for-stm32.13.3.rel1.win32_1.0.0.202411081344/tools/bin/../lib/gcc/arm-none-eabi/13.3.1/thumb/v7e-m+fp/hard/crtbegin.o
                [!provide]                        PROVIDE (__fini_array_end = .)
                0x08002fec                        . = ALIGN (0x4)
                0x08002fec                        _sidata = LOADADDR (.data)

.rel.dyn        0x08002fec        0x0
 .rel.iplt      0x08002fec        0x0 C:/ST/STM32CubeIDE_1.17.0/STM32CubeIDE/plugins/com.st.stm32cube.ide.mcu.externaltools.gnu-tools-for-stm32.13.3.rel1.win32_1.0.0.202411081344/tools/bin/../lib/gcc/arm-none-eabi/13.3.1/thumb/v7e-m+fp/hard/crtbegin.o

.data           0x20000000       0x68 load address 0x08002fec
                0x20000000                        . = ALIGN (0x4)
                0x20000000                        _sdata = .
 *(.data)
 *(.data*)
 .data.g_psSchedulerTable
                0x20000000       0x28 ./Core/Src/main.o
                0x20000000                g_psSchedulerTable
 .data.g_ui32SchedulerNumTasks
                0x20000028        0x4 ./Core/Src/main.o
                0x20000028                g_ui32SchedulerNumTasks
 .data.SystemCoreClock
                0x2000002c        0x4 ./Core/Src/system_stm32f7xx.o
                0x2000002c                SystemCoreClock
 .data.uwTickFreq
                0x20000030        0x1 ./Drivers/STM32F7xx_HAL_Driver/Src/stm32f7xx_hal.o
                0x20000030                uwTickFreq
 *fill*         0x20000031        0x3 
 .data.uwTickPrio
                0x20000034        0x4 ./Drivers/STM32F7xx_HAL_Driver/Src/stm32f7xx_hal.o
                0x20000034                uwTickPrio
 .data.p_USART6_meta
                0x20000038        0x4 ./Source/UART/UART.o
                0x20000038                p_USART6_meta
 .data.Firmware_Select
                0x2000003c        0x1 ./Source/bootloader/bootloader.o
                0x2000003c                Firmware_Select
 *fill*         0x2000003d        0x3 
 .data.Firmware2
                0x20000040       0x14 ./Source/bootloader/bootloader.o
                0x20000040                Firmware2
 .data.Firmware1
                0x20000054       0x14 ./Source/bootloader/bootloader.o
                0x20000054                Firmware1
 *(.RamFunc)
 *(.RamFunc*)
                0x20000068                        . = ALIGN (0x4)
                0x20000068                        _edata = .

.igot.plt       0x20000068        0x0 load address 0x08003054
 .igot.plt      0x20000068        0x0 C:/ST/STM32CubeIDE_1.17.0/STM32CubeIDE/plugins/com.st.stm32cube.ide.mcu.externaltools.gnu-tools-for-stm32.13.3.rel1.win32_1.0.0.202411081344/tools/bin/../lib/gcc/arm-none-eabi/13.3.1/thumb/v7e-m+fp/hard/crtbegin.o
                0x20000068                        . = ALIGN (0x4)

.bss            0x20000068      0x324 load address 0x08003054
                0x20000068                        _sbss = .
                0x20000068                        __bss_start__ = _sbss
 *(.bss)
 .bss           0x20000068       0x1c C:/ST/STM32CubeIDE_1.17.0/STM32CubeIDE/plugins/com.st.stm32cube.ide.mcu.externaltools.gnu-tools-for-stm32.13.3.rel1.win32_1.0.0.202411081344/tools/bin/../lib/gcc/arm-none-eabi/13.3.1/thumb/v7e-m+fp/hard/crtbegin.o
 *(.bss*)
 .bss.hcrc      0x20000084       0x24 ./Core/Src/main.o
                0x20000084                hcrc
 .bss.uwTick    0x200000a8        0x4 ./Drivers/STM32F7xx_HAL_Driver/Src/stm32f7xx_hal.o
                0x200000a8                uwTick
 .bss.pFlash    0x200000ac       0x1c ./Drivers/STM32F7xx_HAL_Driver/Src/stm32f7xx_hal_flash.o
                0x200000ac                pFlash
 .bss.USART6_meta
                0x200000c8      0x20e ./Source/UART/UART.o
                0x200000c8                USART6_meta
 .bss.frame_timeout
                0x200002d6        0x2 ./Source/bootloader/bootloader.o
                0x200002d6                frame_timeout
 .bss.receiving_frame
                0x200002d8        0x1 ./Source/bootloader/bootloader.o
                0x200002d8                receiving_frame
 .bss.frame_length
                0x200002d9        0x1 ./Source/bootloader/bootloader.o
                0x200002d9                frame_length
 .bss.frame_index
                0x200002da        0x1 ./Source/bootloader/bootloader.o
                0x200002da                frame_index
 *fill*         0x200002db        0x1 
 .bss.BL_Host_Buffer
                0x200002dc       0x96 ./Source/bootloader/bootloader.o
 *fill*         0x20000372        0x2 
 .bss.Temp_Firmware
                0x20000374       0x14 ./Source/bootloader/bootloader.o
                0x20000374                Temp_Firmware
 .bss.g_ui32SchedulerTickCount
                0x20000388        0x4 ./Source/scheduler/scheduler.o
 *(COMMON)
                0x2000038c                        . = ALIGN (0x4)
                0x2000038c                        _ebss = .
                0x2000038c                        __bss_end__ = _ebss

._user_heap_stack
                0x2000038c      0x604 load address 0x08003054
                0x20000390                        . = ALIGN (0x8)
 *fill*         0x2000038c        0x4 
                [!provide]                        PROVIDE (end = .)
                0x20000390                        PROVIDE (_end = .)
                0x20000590                        . = (. + _Min_Heap_Size)
 *fill*         0x20000390      0x200 
                0x20000990                        . = (. + _Min_Stack_Size)
 *fill*         0x20000590      0x400 
                0x20000990                        . = ALIGN (0x8)

/DISCARD/
 libc.a(*)
 libm.a(*)
 libgcc.a(*)

.ARM.attributes
                0x00000000       0x30
 *(.ARM.attributes)
 .ARM.attributes
                0x00000000       0x22 C:/ST/STM32CubeIDE_1.17.0/STM32CubeIDE/plugins/com.st.stm32cube.ide.mcu.externaltools.gnu-tools-for-stm32.13.3.rel1.win32_1.0.0.202411081344/tools/bin/../lib/gcc/arm-none-eabi/13.3.1/thumb/v7e-m+fp/hard/crti.o
 .ARM.attributes
                0x00000022       0x34 C:/ST/STM32CubeIDE_1.17.0/STM32CubeIDE/plugins/com.st.stm32cube.ide.mcu.externaltools.gnu-tools-for-stm32.13.3.rel1.win32_1.0.0.202411081344/tools/bin/../lib/gcc/arm-none-eabi/13.3.1/thumb/v7e-m+fp/hard/crtbegin.o
 .ARM.attributes
                0x00000056       0x34 ./Core/Src/main.o
 .ARM.attributes
                0x0000008a       0x34 ./Core/Src/stm32f7xx_hal_msp.o
 .ARM.attributes
                0x000000be       0x34 ./Core/Src/stm32f7xx_it.o
 .ARM.attributes
                0x000000f2       0x34 ./Core/Src/system_stm32f7xx.o
 .ARM.attributes
                0x00000126       0x21 ./Core/Startup/startup_stm32f746nghx.o
 .ARM.attributes
                0x00000147       0x34 ./Drivers/STM32F7xx_HAL_Driver/Src/stm32f7xx_hal.o
 .ARM.attributes
                0x0000017b       0x34 ./Drivers/STM32F7xx_HAL_Driver/Src/stm32f7xx_hal_cortex.o
 .ARM.attributes
                0x000001af       0x34 ./Drivers/STM32F7xx_HAL_Driver/Src/stm32f7xx_hal_crc.o
 .ARM.attributes
                0x000001e3       0x34 ./Drivers/STM32F7xx_HAL_Driver/Src/stm32f7xx_hal_crc_ex.o
 .ARM.attributes
                0x00000217       0x34 ./Drivers/STM32F7xx_HAL_Driver/Src/stm32f7xx_hal_flash.o
 .ARM.attributes
                0x0000024b       0x34 ./Drivers/STM32F7xx_HAL_Driver/Src/stm32f7xx_hal_flash_ex.o
 .ARM.attributes
                0x0000027f       0x34 ./Drivers/STM32F7xx_HAL_Driver/Src/stm32f7xx_hal_gpio.o
 .ARM.attributes
                0x000002b3       0x34 ./Drivers/STM32F7xx_HAL_Driver/Src/stm32f7xx_hal_rcc.o
 .ARM.attributes
                0x000002e7       0x34 ./Drivers/STM32F7xx_HAL_Driver/Src/stm32f7xx_hal_rcc_ex.o
 .ARM.attributes
                0x0000031b       0x34 ./Drivers/STM32F7xx_HAL_Driver/Src/stm32f7xx_ll_gpio.o
 .ARM.attributes
                0x0000034f       0x34 ./Drivers/STM32F7xx_HAL_Driver/Src/stm32f7xx_ll_rcc.o
 .ARM.attributes
                0x00000383       0x34 ./Drivers/STM32F7xx_HAL_Driver/Src/stm32f7xx_ll_usart.o
 .ARM.attributes
                0x000003b7       0x34 ./Source/UART/RingBuffer.o
 .ARM.attributes
                0x000003eb       0x34 ./Source/UART/UART.o
 .ARM.attributes
                0x0000041f       0x34 ./Source/bootloader/bootloader.o
 .ARM.attributes
                0x00000453       0x34 ./Source/scheduler/scheduler.o
 .ARM.attributes
                0x00000487       0x34 C:/ST/STM32CubeIDE_1.17.0/STM32CubeIDE/plugins/com.st.stm32cube.ide.mcu.externaltools.gnu-tools-for-stm32.13.3.rel1.win32_1.0.0.202411081344/tools/bin/../lib/gcc/arm-none-eabi/13.3.1/../../../../arm-none-eabi/lib/thumb/v7e-m+fp/hard\libc_nano.a(libc_a-memset.o)
 .ARM.attributes
                0x000004bb       0x34 C:/ST/STM32CubeIDE_1.17.0/STM32CubeIDE/plugins/com.st.stm32cube.ide.mcu.externaltools.gnu-tools-for-stm32.13.3.rel1.win32_1.0.0.202411081344/tools/bin/../lib/gcc/arm-none-eabi/13.3.1/../../../../arm-none-eabi/lib/thumb/v7e-m+fp/hard\libc_nano.a(libc_a-init.o)
 .ARM.attributes
                0x000004ef       0x34 C:/ST/STM32CubeIDE_1.17.0/STM32CubeIDE/plugins/com.st.stm32cube.ide.mcu.externaltools.gnu-tools-for-stm32.13.3.rel1.win32_1.0.0.202411081344/tools/bin/../lib/gcc/arm-none-eabi/13.3.1/../../../../arm-none-eabi/lib/thumb/v7e-m+fp/hard\libc_nano.a(libc_a-memcpy-stub.o)
 .ARM.attributes
                0x00000523       0x22 C:/ST/STM32CubeIDE_1.17.0/STM32CubeIDE/plugins/com.st.stm32cube.ide.mcu.externaltools.gnu-tools-for-stm32.13.3.rel1.win32_1.0.0.202411081344/tools/bin/../lib/gcc/arm-none-eabi/13.3.1/thumb/v7e-m+fp/hard\libgcc.a(_aeabi_uldivmod.o)
 .ARM.attributes
                0x00000545       0x34 C:/ST/STM32CubeIDE_1.17.0/STM32CubeIDE/plugins/com.st.stm32cube.ide.mcu.externaltools.gnu-tools-for-stm32.13.3.rel1.win32_1.0.0.202411081344/tools/bin/../lib/gcc/arm-none-eabi/13.3.1/thumb/v7e-m+fp/hard\libgcc.a(_udivmoddi4.o)
 .ARM.attributes
                0x00000579       0x22 C:/ST/STM32CubeIDE_1.17.0/STM32CubeIDE/plugins/com.st.stm32cube.ide.mcu.externaltools.gnu-tools-for-stm32.13.3.rel1.win32_1.0.0.202411081344/tools/bin/../lib/gcc/arm-none-eabi/13.3.1/thumb/v7e-m+fp/hard\libgcc.a(_dvmd_tls.o)
 .ARM.attributes
                0x0000059b       0x22 C:/ST/STM32CubeIDE_1.17.0/STM32CubeIDE/plugins/com.st.stm32cube.ide.mcu.externaltools.gnu-tools-for-stm32.13.3.rel1.win32_1.0.0.202411081344/tools/bin/../lib/gcc/arm-none-eabi/13.3.1/thumb/v7e-m+fp/hard/crtn.o
OUTPUT(FOTA_F7.elf elf32-littlearm)
LOAD linker stubs
LOAD C:/ST/STM32CubeIDE_1.17.0/STM32CubeIDE/plugins/com.st.stm32cube.ide.mcu.externaltools.gnu-tools-for-stm32.13.3.rel1.win32_1.0.0.202411081344/tools/bin/../lib/gcc/arm-none-eabi/13.3.1/../../../../arm-none-eabi/lib/thumb/v7e-m+fp/hard\libc.a
LOAD C:/ST/STM32CubeIDE_1.17.0/STM32CubeIDE/plugins/com.st.stm32cube.ide.mcu.externaltools.gnu-tools-for-stm32.13.3.rel1.win32_1.0.0.202411081344/tools/bin/../lib/gcc/arm-none-eabi/13.3.1/../../../../arm-none-eabi/lib/thumb/v7e-m+fp/hard\libm.a
LOAD C:/ST/STM32CubeIDE_1.17.0/STM32CubeIDE/plugins/com.st.stm32cube.ide.mcu.externaltools.gnu-tools-for-stm32.13.3.rel1.win32_1.0.0.202411081344/tools/bin/../lib/gcc/arm-none-eabi/13.3.1/thumb/v7e-m+fp/hard\libgcc.a

.debug_info     0x00000000     0xe246
 .debug_info    0x00000000     0x1ca8 ./Core/Src/main.o
 .debug_info    0x00001ca8      0x529 ./Core/Src/stm32f7xx_hal_msp.o
 .debug_info    0x000021d1      0x1d2 ./Core/Src/stm32f7xx_it.o
 .debug_info    0x000023a3      0x706 ./Core/Src/system_stm32f7xx.o
 .debug_info    0x00002aa9       0x30 ./Core/Startup/startup_stm32f746nghx.o
 .debug_info    0x00002ad9      0xa7a ./Drivers/STM32F7xx_HAL_Driver/Src/stm32f7xx_hal.o
 .debug_info    0x00003553     0x11c7 ./Drivers/STM32F7xx_HAL_Driver/Src/stm32f7xx_hal_cortex.o
 .debug_info    0x0000471a      0x605 ./Drivers/STM32F7xx_HAL_Driver/Src/stm32f7xx_hal_crc.o
 .debug_info    0x00004d1f      0x376 ./Drivers/STM32F7xx_HAL_Driver/Src/stm32f7xx_hal_crc_ex.o
 .debug_info    0x00005095      0x737 ./Drivers/STM32F7xx_HAL_Driver/Src/stm32f7xx_hal_flash.o
 .debug_info    0x000057cc      0x9db ./Drivers/STM32F7xx_HAL_Driver/Src/stm32f7xx_hal_flash_ex.o
 .debug_info    0x000061a7      0x72c ./Drivers/STM32F7xx_HAL_Driver/Src/stm32f7xx_hal_gpio.o
 .debug_info    0x000068d3      0xb38 ./Drivers/STM32F7xx_HAL_Driver/Src/stm32f7xx_hal_rcc.o
 .debug_info    0x0000740b      0x7f2 ./Drivers/STM32F7xx_HAL_Driver/Src/stm32f7xx_hal_rcc_ex.o
 .debug_info    0x00007bfd      0xcba ./Drivers/STM32F7xx_HAL_Driver/Src/stm32f7xx_ll_gpio.o
 .debug_info    0x000088b7     0x1813 ./Drivers/STM32F7xx_HAL_Driver/Src/stm32f7xx_ll_rcc.o
 .debug_info    0x0000a0ca      0xaed ./Drivers/STM32F7xx_HAL_Driver/Src/stm32f7xx_ll_usart.o
 .debug_info    0x0000abb7      0x2b4 ./Source/UART/RingBuffer.o
 .debug_info    0x0000ae6b      0xc7c ./Source/UART/UART.o
 .debug_info    0x0000bae7     0x23ba ./Source/bootloader/bootloader.o
 .debug_info    0x0000dea1      0x3a5 ./Source/scheduler/scheduler.o

.debug_abbrev   0x00000000     0x328f
 .debug_abbrev  0x00000000      0x42a ./Core/Src/main.o
 .debug_abbrev  0x0000042a      0x16e ./Core/Src/stm32f7xx_hal_msp.o
 .debug_abbrev  0x00000598       0xd3 ./Core/Src/stm32f7xx_it.o
 .debug_abbrev  0x0000066b      0x141 ./Core/Src/system_stm32f7xx.o
 .debug_abbrev  0x000007ac       0x24 ./Core/Startup/startup_stm32f746nghx.o
 .debug_abbrev  0x000007d0      0x241 ./Drivers/STM32F7xx_HAL_Driver/Src/stm32f7xx_hal.o
 .debug_abbrev  0x00000a11      0x356 ./Drivers/STM32F7xx_HAL_Driver/Src/stm32f7xx_hal_cortex.o
 .debug_abbrev  0x00000d67      0x226 ./Drivers/STM32F7xx_HAL_Driver/Src/stm32f7xx_hal_crc.o
 .debug_abbrev  0x00000f8d      0x16f ./Drivers/STM32F7xx_HAL_Driver/Src/stm32f7xx_hal_crc_ex.o
 .debug_abbrev  0x000010fc      0x283 ./Drivers/STM32F7xx_HAL_Driver/Src/stm32f7xx_hal_flash.o
 .debug_abbrev  0x0000137f      0x2ea ./Drivers/STM32F7xx_HAL_Driver/Src/stm32f7xx_hal_flash_ex.o
 .debug_abbrev  0x00001669      0x204 ./Drivers/STM32F7xx_HAL_Driver/Src/stm32f7xx_hal_gpio.o
 .debug_abbrev  0x0000186d      0x2b1 ./Drivers/STM32F7xx_HAL_Driver/Src/stm32f7xx_hal_rcc.o
 .debug_abbrev  0x00001b1e      0x1e5 ./Drivers/STM32F7xx_HAL_Driver/Src/stm32f7xx_hal_rcc_ex.o
 .debug_abbrev  0x00001d03      0x274 ./Drivers/STM32F7xx_HAL_Driver/Src/stm32f7xx_ll_gpio.o
 .debug_abbrev  0x00001f77      0x2bd ./Drivers/STM32F7xx_HAL_Driver/Src/stm32f7xx_ll_rcc.o
 .debug_abbrev  0x00002234      0x2e7 ./Drivers/STM32F7xx_HAL_Driver/Src/stm32f7xx_ll_usart.o
 .debug_abbrev  0x0000251b      0x154 ./Source/UART/RingBuffer.o
 .debug_abbrev  0x0000266f      0x36e ./Source/UART/UART.o
 .debug_abbrev  0x000029dd      0x658 ./Source/bootloader/bootloader.o
 .debug_abbrev  0x00003035      0x25a ./Source/scheduler/scheduler.o

.debug_loclists
                0x00000000     0x4a22
 .debug_loclists
                0x00000000       0x6b ./Core/Src/main.o
 .debug_loclists
                0x0000006b      0x112 ./Core/Src/system_stm32f7xx.o
 .debug_loclists
                0x0000017d       0xd1 ./Drivers/STM32F7xx_HAL_Driver/Src/stm32f7xx_hal.o
 .debug_loclists
                0x0000024e      0x51f ./Drivers/STM32F7xx_HAL_Driver/Src/stm32f7xx_hal_cortex.o
 .debug_loclists
                0x0000076d      0x42d ./Drivers/STM32F7xx_HAL_Driver/Src/stm32f7xx_hal_crc.o
 .debug_loclists
                0x00000b9a      0x16d ./Drivers/STM32F7xx_HAL_Driver/Src/stm32f7xx_hal_crc_ex.o
 .debug_loclists
                0x00000d07      0x2f1 ./Drivers/STM32F7xx_HAL_Driver/Src/stm32f7xx_hal_flash.o
 .debug_loclists
                0x00000ff8      0x470 ./Drivers/STM32F7xx_HAL_Driver/Src/stm32f7xx_hal_flash_ex.o
 .debug_loclists
                0x00001468      0x360 ./Drivers/STM32F7xx_HAL_Driver/Src/stm32f7xx_hal_gpio.o
 .debug_loclists
                0x000017c8      0x45d ./Drivers/STM32F7xx_HAL_Driver/Src/stm32f7xx_hal_rcc.o
 .debug_loclists
                0x00001c25      0x5e7 ./Drivers/STM32F7xx_HAL_Driver/Src/stm32f7xx_hal_rcc_ex.o
 .debug_loclists
                0x0000220c      0x4d0 ./Drivers/STM32F7xx_HAL_Driver/Src/stm32f7xx_ll_gpio.o
 .debug_loclists
                0x000026dc      0xe94 ./Drivers/STM32F7xx_HAL_Driver/Src/stm32f7xx_ll_rcc.o
 .debug_loclists
                0x00003570      0x551 ./Drivers/STM32F7xx_HAL_Driver/Src/stm32f7xx_ll_usart.o
 .debug_loclists
                0x00003ac1       0x82 ./Source/UART/RingBuffer.o
 .debug_loclists
                0x00003b43      0x2c5 ./Source/UART/UART.o
 .debug_loclists
                0x00003e08      0xb28 ./Source/bootloader/bootloader.o
 .debug_loclists
                0x00004930       0xf2 ./Source/scheduler/scheduler.o

.debug_aranges  0x00000000      0x830
 .debug_aranges
                0x00000000       0x38 ./Core/Src/main.o
 .debug_aranges
                0x00000038       0x30 ./Core/Src/stm32f7xx_hal_msp.o
 .debug_aranges
                0x00000068       0x68 ./Core/Src/stm32f7xx_it.o
 .debug_aranges
                0x000000d0       0x28 ./Core/Src/system_stm32f7xx.o
 .debug_aranges
                0x000000f8       0x28 ./Core/Startup/startup_stm32f746nghx.o
 .debug_aranges
                0x00000120      0x100 ./Drivers/STM32F7xx_HAL_Driver/Src/stm32f7xx_hal.o
 .debug_aranges
                0x00000220       0xb8 ./Drivers/STM32F7xx_HAL_Driver/Src/stm32f7xx_hal_cortex.o
 .debug_aranges
                0x000002d8       0x60 ./Drivers/STM32F7xx_HAL_Driver/Src/stm32f7xx_hal_crc.o
 .debug_aranges
                0x00000338       0x30 ./Drivers/STM32F7xx_HAL_Driver/Src/stm32f7xx_hal_crc_ex.o
 .debug_aranges
                0x00000368       0xa0 ./Drivers/STM32F7xx_HAL_Driver/Src/stm32f7xx_hal_flash.o
 .debug_aranges
                0x00000408       0x48 ./Drivers/STM32F7xx_HAL_Driver/Src/stm32f7xx_hal_flash_ex.o
 .debug_aranges
                0x00000450       0x58 ./Drivers/STM32F7xx_HAL_Driver/Src/stm32f7xx_hal_gpio.o
 .debug_aranges
                0x000004a8       0x88 ./Drivers/STM32F7xx_HAL_Driver/Src/stm32f7xx_hal_rcc.o
 .debug_aranges
                0x00000530       0x50 ./Drivers/STM32F7xx_HAL_Driver/Src/stm32f7xx_hal_rcc_ex.o
 .debug_aranges
                0x00000580       0x30 ./Drivers/STM32F7xx_HAL_Driver/Src/stm32f7xx_ll_gpio.o
 .debug_aranges
                0x000005b0       0xe8 ./Drivers/STM32F7xx_HAL_Driver/Src/stm32f7xx_ll_rcc.o
 .debug_aranges
                0x00000698       0x40 ./Drivers/STM32F7xx_HAL_Driver/Src/stm32f7xx_ll_usart.o
 .debug_aranges
                0x000006d8       0x48 ./Source/UART/RingBuffer.o
 .debug_aranges
                0x00000720       0x68 ./Source/UART/UART.o
 .debug_aranges
                0x00000788       0x48 ./Source/bootloader/bootloader.o
 .debug_aranges
                0x000007d0       0x60 ./Source/scheduler/scheduler.o

.debug_rnglists
                0x00000000      0x956
 .debug_rnglists
                0x00000000       0x42 ./Core/Src/main.o
 .debug_rnglists
                0x00000042       0x1f ./Core/Src/stm32f7xx_hal_msp.o
 .debug_rnglists
                0x00000061       0x49 ./Core/Src/stm32f7xx_it.o
 .debug_rnglists
                0x000000aa       0x1a ./Core/Src/system_stm32f7xx.o
 .debug_rnglists
                0x000000c4       0x19 ./Core/Startup/startup_stm32f746nghx.o
 .debug_rnglists
                0x000000dd       0xbb ./Drivers/STM32F7xx_HAL_Driver/Src/stm32f7xx_hal.o
 .debug_rnglists
                0x00000198       0x9d ./Drivers/STM32F7xx_HAL_Driver/Src/stm32f7xx_hal_cortex.o
 .debug_rnglists
                0x00000235       0x45 ./Drivers/STM32F7xx_HAL_Driver/Src/stm32f7xx_hal_crc.o
 .debug_rnglists
                0x0000027a       0x20 ./Drivers/STM32F7xx_HAL_Driver/Src/stm32f7xx_hal_crc_ex.o
 .debug_rnglists
                0x0000029a       0x74 ./Drivers/STM32F7xx_HAL_Driver/Src/stm32f7xx_hal_flash.o
 .debug_rnglists
                0x0000030e       0x3f ./Drivers/STM32F7xx_HAL_Driver/Src/stm32f7xx_hal_flash_ex.o
 .debug_rnglists
                0x0000034d       0x3f ./Drivers/STM32F7xx_HAL_Driver/Src/stm32f7xx_hal_gpio.o
 .debug_rnglists
                0x0000038c       0x67 ./Drivers/STM32F7xx_HAL_Driver/Src/stm32f7xx_hal_rcc.o
 .debug_rnglists
                0x000003f3       0x3a ./Drivers/STM32F7xx_HAL_Driver/Src/stm32f7xx_hal_rcc_ex.o
 .debug_rnglists
                0x0000042d       0xb3 ./Drivers/STM32F7xx_HAL_Driver/Src/stm32f7xx_ll_gpio.o
 .debug_rnglists
                0x000004e0      0x19e ./Drivers/STM32F7xx_HAL_Driver/Src/stm32f7xx_ll_rcc.o
 .debug_rnglists
                0x0000067e       0xa8 ./Drivers/STM32F7xx_HAL_Driver/Src/stm32f7xx_ll_usart.o
 .debug_rnglists
                0x00000726       0x31 ./Source/UART/RingBuffer.o
 .debug_rnglists
                0x00000757       0x9e ./Source/UART/UART.o
 .debug_rnglists
                0x000007f5      0x112 ./Source/bootloader/bootloader.o
 .debug_rnglists
                0x00000907       0x4f ./Source/scheduler/scheduler.o

.debug_macro    0x00000000    0x27e40
 .debug_macro   0x00000000      0x287 ./Core/Src/main.o
 .debug_macro   0x00000287      0xade ./Core/Src/main.o
 .debug_macro   0x00000d65      0x28d ./Core/Src/main.o
 .debug_macro   0x00000ff2       0x2e ./Core/Src/main.o
 .debug_macro   0x00001020       0x3b ./Core/Src/main.o
 .debug_macro   0x0000105b       0x22 ./Core/Src/main.o
 .debug_macro   0x0000107d       0x8e ./Core/Src/main.o
 .debug_macro   0x0000110b       0x51 ./Core/Src/main.o
 .debug_macro   0x0000115c      0x103 ./Core/Src/main.o
 .debug_macro   0x0000125f       0x6a ./Core/Src/main.o
 .debug_macro   0x000012c9      0x1df ./Core/Src/main.o
 .debug_macro   0x000014a8       0x1c ./Core/Src/main.o
 .debug_macro   0x000014c4       0x22 ./Core/Src/main.o
 .debug_macro   0x000014e6       0xd9 ./Core/Src/main.o
 .debug_macro   0x000015bf     0x12cd ./Core/Src/main.o
 .debug_macro   0x0000288c      0x11f ./Core/Src/main.o
 .debug_macro   0x000029ab       0x19 ./Core/Src/main.o
 .debug_macro   0x000029c4    0x19222 ./Core/Src/main.o
 .debug_macro   0x0001bbe6       0x6d ./Core/Src/main.o
 .debug_macro   0x0001bc53     0x3765 ./Core/Src/main.o
 .debug_macro   0x0001f3b8      0x190 ./Core/Src/main.o
 .debug_macro   0x0001f548       0x63 ./Core/Src/main.o
 .debug_macro   0x0001f5ab     0x18ad ./Core/Src/main.o
 .debug_macro   0x00020e58      0x6c4 ./Core/Src/main.o
 .debug_macro   0x0002151c      0x185 ./Core/Src/main.o
 .debug_macro   0x000216a1      0x115 ./Core/Src/main.o
 .debug_macro   0x000217b6      0x1fd ./Core/Src/main.o
 .debug_macro   0x000219b3       0xa5 ./Core/Src/main.o
 .debug_macro   0x00021a58      0x24f ./Core/Src/main.o
 .debug_macro   0x00021ca7       0x41 ./Core/Src/main.o
 .debug_macro   0x00021ce8       0x58 ./Core/Src/main.o
 .debug_macro   0x00021d40      0x236 ./Core/Src/main.o
 .debug_macro   0x00021f76       0xc7 ./Core/Src/main.o
 .debug_macro   0x0002203d       0x4c ./Core/Src/main.o
 .debug_macro   0x00022089      0x14e ./Core/Src/main.o
 .debug_macro   0x000221d7      0x25a ./Core/Src/main.o
 .debug_macro   0x00022431       0x12 ./Core/Src/main.o
 .debug_macro   0x00022443      0x22c ./Core/Src/main.o
 .debug_macro   0x0002266f       0x61 ./Core/Src/main.o
 .debug_macro   0x000226d0       0xa5 ./Core/Src/main.o
 .debug_macro   0x00022775      0x12e ./Core/Src/main.o
 .debug_macro   0x000228a3      0x108 ./Core/Src/main.o
 .debug_macro   0x000229ab       0x35 ./Core/Src/main.o
 .debug_macro   0x000229e0      0x14d ./Core/Src/main.o
 .debug_macro   0x00022b2d      0x2c6 ./Core/Src/main.o
 .debug_macro   0x00022df3      0xb85 ./Core/Src/main.o
 .debug_macro   0x00023978      0x246 ./Core/Src/main.o
 .debug_macro   0x00023bbe      0x1a6 ./Core/Src/main.o
 .debug_macro   0x00023d64      0x251 ./Core/Src/main.o
 .debug_macro   0x00023fb5       0x61 ./Core/Src/main.o
 .debug_macro   0x00024016      0x12f ./Core/Src/main.o
 .debug_macro   0x00024145      0x149 ./Core/Src/main.o
 .debug_macro   0x0002428e      0x1e6 ./Core/Src/main.o
 .debug_macro   0x00024474       0xee ./Core/Src/main.o
 .debug_macro   0x00024562       0x1c ./Core/Src/main.o
 .debug_macro   0x0002457e      0x13c ./Core/Src/main.o
 .debug_macro   0x000246ba       0x22 ./Core/Src/main.o
 .debug_macro   0x000246dc      0x237 ./Core/Src/stm32f7xx_hal_msp.o
 .debug_macro   0x00024913      0x278 ./Core/Src/stm32f7xx_it.o
 .debug_macro   0x00024b8b      0x1ce ./Core/Src/system_stm32f7xx.o
 .debug_macro   0x00024d59      0x1f2 ./Drivers/STM32F7xx_HAL_Driver/Src/stm32f7xx_hal.o
 .debug_macro   0x00024f4b      0x1ce ./Drivers/STM32F7xx_HAL_Driver/Src/stm32f7xx_hal_cortex.o
 .debug_macro   0x00025119      0x1ce ./Drivers/STM32F7xx_HAL_Driver/Src/stm32f7xx_hal_crc.o
 .debug_macro   0x000252e7      0x1ce ./Drivers/STM32F7xx_HAL_Driver/Src/stm32f7xx_hal_crc_ex.o
 .debug_macro   0x000254b5      0x1da ./Drivers/STM32F7xx_HAL_Driver/Src/stm32f7xx_hal_flash.o
 .debug_macro   0x0002568f      0x1da ./Drivers/STM32F7xx_HAL_Driver/Src/stm32f7xx_hal_flash_ex.o
 .debug_macro   0x00025869      0x1d4 ./Drivers/STM32F7xx_HAL_Driver/Src/stm32f7xx_hal_gpio.o
 .debug_macro   0x00025a3d      0x1f2 ./Drivers/STM32F7xx_HAL_Driver/Src/stm32f7xx_hal_rcc.o
 .debug_macro   0x00025c2f      0x1ce ./Drivers/STM32F7xx_HAL_Driver/Src/stm32f7xx_hal_rcc_ex.o
 .debug_macro   0x00025dfd      0x210 ./Drivers/STM32F7xx_HAL_Driver/Src/stm32f7xx_ll_gpio.o
 .debug_macro   0x0002600d      0x143 ./Drivers/STM32F7xx_HAL_Driver/Src/stm32f7xx_ll_gpio.o
 .debug_macro   0x00026150      0x22b ./Drivers/STM32F7xx_HAL_Driver/Src/stm32f7xx_ll_rcc.o
 .debug_macro   0x0002637b      0xb7f ./Drivers/STM32F7xx_HAL_Driver/Src/stm32f7xx_ll_rcc.o
 .debug_macro   0x00026efa      0x243 ./Drivers/STM32F7xx_HAL_Driver/Src/stm32f7xx_ll_usart.o
 .debug_macro   0x0002713d      0x2c0 ./Drivers/STM32F7xx_HAL_Driver/Src/stm32f7xx_ll_usart.o
 .debug_macro   0x000273fd       0x85 ./Source/UART/RingBuffer.o
 .debug_macro   0x00027482      0x204 ./Source/UART/UART.o
 .debug_macro   0x00027686      0x37e ./Source/bootloader/bootloader.o
 .debug_macro   0x00027a04       0x10 ./Source/bootloader/bootloader.o
 .debug_macro   0x00027a14      0x130 ./Source/bootloader/bootloader.o
 .debug_macro   0x00027b44       0x58 ./Source/bootloader/bootloader.o
 .debug_macro   0x00027b9c       0x61 ./Source/bootloader/bootloader.o
 .debug_macro   0x00027bfd       0x16 ./Source/bootloader/bootloader.o
 .debug_macro   0x00027c13       0x16 ./Source/bootloader/bootloader.o
 .debug_macro   0x00027c29       0x16 ./Source/bootloader/bootloader.o
 .debug_macro   0x00027c3f       0x20 ./Source/bootloader/bootloader.o
 .debug_macro   0x00027c5f      0x1e1 ./Source/scheduler/scheduler.o

.debug_line     0x00000000    0x10419
 .debug_line    0x00000000      0xd7d ./Core/Src/main.o
 .debug_line    0x00000d7d      0x886 ./Core/Src/stm32f7xx_hal_msp.o
 .debug_line    0x00001603      0x999 ./Core/Src/stm32f7xx_it.o
 .debug_line    0x00001f9c      0x7d8 ./Core/Src/system_stm32f7xx.o
 .debug_line    0x00002774       0x7a ./Core/Startup/startup_stm32f746nghx.o
 .debug_line    0x000027ee      0xad8 ./Drivers/STM32F7xx_HAL_Driver/Src/stm32f7xx_hal.o
 .debug_line    0x000032c6      0xd18 ./Drivers/STM32F7xx_HAL_Driver/Src/stm32f7xx_hal_cortex.o
 .debug_line    0x00003fde      0xada ./Drivers/STM32F7xx_HAL_Driver/Src/stm32f7xx_hal_crc.o
 .debug_line    0x00004ab8      0x83a ./Drivers/STM32F7xx_HAL_Driver/Src/stm32f7xx_hal_crc_ex.o
 .debug_line    0x000052f2      0xd29 ./Drivers/STM32F7xx_HAL_Driver/Src/stm32f7xx_hal_flash.o
 .debug_line    0x0000601b      0xc0c ./Drivers/STM32F7xx_HAL_Driver/Src/stm32f7xx_hal_flash_ex.o
 .debug_line    0x00006c27      0xc6a ./Drivers/STM32F7xx_HAL_Driver/Src/stm32f7xx_hal_gpio.o
 .debug_line    0x00007891     0x126d ./Drivers/STM32F7xx_HAL_Driver/Src/stm32f7xx_hal_rcc.o
 .debug_line    0x00008afe     0x10fd ./Drivers/STM32F7xx_HAL_Driver/Src/stm32f7xx_hal_rcc_ex.o
 .debug_line    0x00009bfb      0xd89 ./Drivers/STM32F7xx_HAL_Driver/Src/stm32f7xx_ll_gpio.o
 .debug_line    0x0000a984     0x1adc ./Drivers/STM32F7xx_HAL_Driver/Src/stm32f7xx_ll_rcc.o
 .debug_line    0x0000c460      0xc61 ./Drivers/STM32F7xx_HAL_Driver/Src/stm32f7xx_ll_usart.o
 .debug_line    0x0000d0c1      0x5b1 ./Source/UART/RingBuffer.o
 .debug_line    0x0000d672      0xbf1 ./Source/UART/UART.o
 .debug_line    0x0000e263     0x1890 ./Source/bootloader/bootloader.o
 .debug_line    0x0000faf3      0x926 ./Source/scheduler/scheduler.o

.debug_str      0x00000000    0xf20d1
 .debug_str     0x00000000    0xf20d1 ./Core/Src/main.o
                              0xebcbf (size before relaxing)
 .debug_str     0x000f20d1    0xea687 ./Core/Src/stm32f7xx_hal_msp.o
 .debug_str     0x000f20d1    0xea513 ./Core/Src/stm32f7xx_it.o
 .debug_str     0x000f20d1    0xdc4ac ./Core/Src/system_stm32f7xx.o
 .debug_str     0x000f20d1       0x69 ./Core/Startup/startup_stm32f746nghx.o
 .debug_str     0x000f20d1    0xdce15 ./Drivers/STM32F7xx_HAL_Driver/Src/stm32f7xx_hal.o
 .debug_str     0x000f20d1    0xdce32 ./Drivers/STM32F7xx_HAL_Driver/Src/stm32f7xx_hal_cortex.o
 .debug_str     0x000f20d1    0xdc4e7 ./Drivers/STM32F7xx_HAL_Driver/Src/stm32f7xx_hal_crc.o
 .debug_str     0x000f20d1    0xdc4a1 ./Drivers/STM32F7xx_HAL_Driver/Src/stm32f7xx_hal_crc_ex.o
 .debug_str     0x000f20d1    0xdc5cf ./Drivers/STM32F7xx_HAL_Driver/Src/stm32f7xx_hal_flash.o
 .debug_str     0x000f20d1    0xdc66c ./Drivers/STM32F7xx_HAL_Driver/Src/stm32f7xx_hal_flash_ex.o
 .debug_str     0x000f20d1    0xdc56a ./Drivers/STM32F7xx_HAL_Driver/Src/stm32f7xx_hal_gpio.o
 .debug_str     0x000f20d1    0xdc81f ./Drivers/STM32F7xx_HAL_Driver/Src/stm32f7xx_hal_rcc.o
 .debug_str     0x000f20d1    0xdc746 ./Drivers/STM32F7xx_HAL_Driver/Src/stm32f7xx_hal_rcc_ex.o
 .debug_str     0x000f20d1    0xde0e1 ./Drivers/STM32F7xx_HAL_Driver/Src/stm32f7xx_ll_gpio.o
 .debug_str     0x000f20d1    0xe4a5a ./Drivers/STM32F7xx_HAL_Driver/Src/stm32f7xx_ll_rcc.o
 .debug_str     0x000f20d1    0xe6570 ./Drivers/STM32F7xx_HAL_Driver/Src/stm32f7xx_ll_usart.o
 .debug_str     0x000f20d1     0x467b ./Source/UART/RingBuffer.o
 .debug_str     0x000f20d1    0xdd674 ./Source/UART/UART.o
 .debug_str     0x000f20d1    0xef012 ./Source/bootloader/bootloader.o
 .debug_str     0x000f20d1    0xdc44a ./Source/scheduler/scheduler.o

.comment        0x00000000       0x43
 .comment       0x00000000       0x43 ./Core/Src/main.o
                                 0x44 (size before relaxing)
 .comment       0x00000043       0x44 ./Core/Src/stm32f7xx_hal_msp.o
 .comment       0x00000043       0x44 ./Core/Src/stm32f7xx_it.o
 .comment       0x00000043       0x44 ./Core/Src/system_stm32f7xx.o
 .comment       0x00000043       0x44 ./Drivers/STM32F7xx_HAL_Driver/Src/stm32f7xx_hal.o
 .comment       0x00000043       0x44 ./Drivers/STM32F7xx_HAL_Driver/Src/stm32f7xx_hal_cortex.o
 .comment       0x00000043       0x44 ./Drivers/STM32F7xx_HAL_Driver/Src/stm32f7xx_hal_crc.o
 .comment       0x00000043       0x44 ./Drivers/STM32F7xx_HAL_Driver/Src/stm32f7xx_hal_crc_ex.o
 .comment       0x00000043       0x44 ./Drivers/STM32F7xx_HAL_Driver/Src/stm32f7xx_hal_flash.o
 .comment       0x00000043       0x44 ./Drivers/STM32F7xx_HAL_Driver/Src/stm32f7xx_hal_flash_ex.o
 .comment       0x00000043       0x44 ./Drivers/STM32F7xx_HAL_Driver/Src/stm32f7xx_hal_gpio.o
 .comment       0x00000043       0x44 ./Drivers/STM32F7xx_HAL_Driver/Src/stm32f7xx_hal_rcc.o
 .comment       0x00000043       0x44 ./Drivers/STM32F7xx_HAL_Driver/Src/stm32f7xx_hal_rcc_ex.o
 .comment       0x00000043       0x44 ./Drivers/STM32F7xx_HAL_Driver/Src/stm32f7xx_ll_gpio.o
 .comment       0x00000043       0x44 ./Drivers/STM32F7xx_HAL_Driver/Src/stm32f7xx_ll_rcc.o
 .comment       0x00000043       0x44 ./Drivers/STM32F7xx_HAL_Driver/Src/stm32f7xx_ll_usart.o
 .comment       0x00000043       0x44 ./Source/UART/RingBuffer.o
 .comment       0x00000043       0x44 ./Source/UART/UART.o
 .comment       0x00000043       0x44 ./Source/bootloader/bootloader.o
 .comment       0x00000043       0x44 ./Source/scheduler/scheduler.o

.debug_frame    0x00000000     0x1278
 .debug_frame   0x00000000       0x74 ./Core/Src/main.o
 .debug_frame   0x00000074       0x50 ./Core/Src/stm32f7xx_hal_msp.o
 .debug_frame   0x000000c4       0xc0 ./Core/Src/stm32f7xx_it.o
 .debug_frame   0x00000184       0x30 ./Core/Src/system_stm32f7xx.o
 .debug_frame   0x000001b4      0x20c ./Drivers/STM32F7xx_HAL_Driver/Src/stm32f7xx_hal.o
 .debug_frame   0x000003c0      0x168 ./Drivers/STM32F7xx_HAL_Driver/Src/stm32f7xx_hal_cortex.o
 .debug_frame   0x00000528       0xe8 ./Drivers/STM32F7xx_HAL_Driver/Src/stm32f7xx_hal_crc.o
 .debug_frame   0x00000610       0x40 ./Drivers/STM32F7xx_HAL_Driver/Src/stm32f7xx_hal_crc_ex.o
 .debug_frame   0x00000650      0x168 ./Drivers/STM32F7xx_HAL_Driver/Src/stm32f7xx_hal_flash.o
 .debug_frame   0x000007b8       0xa0 ./Drivers/STM32F7xx_HAL_Driver/Src/stm32f7xx_hal_flash_ex.o
 .debug_frame   0x00000858       0xd8 ./Drivers/STM32F7xx_HAL_Driver/Src/stm32f7xx_hal_gpio.o
 .debug_frame   0x00000930      0x17c ./Drivers/STM32F7xx_HAL_Driver/Src/stm32f7xx_hal_rcc.o
 .debug_frame   0x00000aac       0xcc ./Drivers/STM32F7xx_HAL_Driver/Src/stm32f7xx_hal_rcc_ex.o
 .debug_frame   0x00000b78       0x50 ./Drivers/STM32F7xx_HAL_Driver/Src/stm32f7xx_ll_gpio.o
 .debug_frame   0x00000bc8      0x248 ./Drivers/STM32F7xx_HAL_Driver/Src/stm32f7xx_ll_rcc.o
 .debug_frame   0x00000e10       0x78 ./Drivers/STM32F7xx_HAL_Driver/Src/stm32f7xx_ll_usart.o
 .debug_frame   0x00000e88       0x70 ./Source/UART/RingBuffer.o
 .debug_frame   0x00000ef8      0x110 ./Source/UART/UART.o
 .debug_frame   0x00001008       0xec ./Source/bootloader/bootloader.o
 .debug_frame   0x000010f4       0xb0 ./Source/scheduler/scheduler.o
 .debug_frame   0x000011a4       0x20 C:/ST/STM32CubeIDE_1.17.0/STM32CubeIDE/plugins/com.st.stm32cube.ide.mcu.externaltools.gnu-tools-for-stm32.13.3.rel1.win32_1.0.0.202411081344/tools/bin/../lib/gcc/arm-none-eabi/13.3.1/../../../../arm-none-eabi/lib/thumb/v7e-m+fp/hard\libc_nano.a(libc_a-memset.o)
 .debug_frame   0x000011c4       0x2c C:/ST/STM32CubeIDE_1.17.0/STM32CubeIDE/plugins/com.st.stm32cube.ide.mcu.externaltools.gnu-tools-for-stm32.13.3.rel1.win32_1.0.0.202411081344/tools/bin/../lib/gcc/arm-none-eabi/13.3.1/../../../../arm-none-eabi/lib/thumb/v7e-m+fp/hard\libc_nano.a(libc_a-init.o)
 .debug_frame   0x000011f0       0x28 C:/ST/STM32CubeIDE_1.17.0/STM32CubeIDE/plugins/com.st.stm32cube.ide.mcu.externaltools.gnu-tools-for-stm32.13.3.rel1.win32_1.0.0.202411081344/tools/bin/../lib/gcc/arm-none-eabi/13.3.1/../../../../arm-none-eabi/lib/thumb/v7e-m+fp/hard\libc_nano.a(libc_a-memcpy-stub.o)
 .debug_frame   0x00001218       0x2c C:/ST/STM32CubeIDE_1.17.0/STM32CubeIDE/plugins/com.st.stm32cube.ide.mcu.externaltools.gnu-tools-for-stm32.13.3.rel1.win32_1.0.0.202411081344/tools/bin/../lib/gcc/arm-none-eabi/13.3.1/thumb/v7e-m+fp/hard\libgcc.a(_aeabi_uldivmod.o)
 .debug_frame   0x00001244       0x34 C:/ST/STM32CubeIDE_1.17.0/STM32CubeIDE/plugins/com.st.stm32cube.ide.mcu.externaltools.gnu-tools-for-stm32.13.3.rel1.win32_1.0.0.202411081344/tools/bin/../lib/gcc/arm-none-eabi/13.3.1/thumb/v7e-m+fp/hard\libgcc.a(_udivmoddi4.o)

.debug_line_str
                0x00000000       0x4d
 .debug_line_str
                0x00000000       0x4d ./Core/Startup/startup_stm32f746nghx.o
