../1_DEV/M1_Drivers/IPC/inter_cpu_comm.c:24:6:BufferIPC_ClearRAM_PreInit	8	static
../1_DEV/M1_Drivers/IPC/inter_cpu_comm.c:28:23:BufferIPC_GetChannel	16	static
../1_DEV/M1_Drivers/IPC/inter_cpu_comm.c:37:9:BufferIPC_Init	24	static
../1_DEV/M1_Drivers/IPC/inter_cpu_comm.c:47:6:BufferIPC_SetEvtFn	16	static
../1_DEV/M1_Drivers/IPC/inter_cpu_comm.c:53:9:BufferIPC_IsReady	16	static
../1_DEV/M1_Drivers/IPC/inter_cpu_comm.c:57:6:BufferIPC_Free	16	static
../1_DEV/M1_Drivers/IPC/inter_cpu_comm.c:63:8:BufferIPC_GetFree	32	static
../1_DEV/M1_Drivers/IPC/inter_cpu_comm.c:81:8:BufferIPC_GetFull	32	static
../1_DEV/M1_Drivers/IPC/inter_cpu_comm.c:98:8:BufferIPC_Write	40	static
../1_DEV/M1_Drivers/IPC/inter_cpu_comm.c:125:8:BufferIPC_Read	40	static
../1_DEV/M1_Drivers/IPC/inter_cpu_comm.c:151:8:BufferIPC_Peek	48	static
../1_DEV/M1_Drivers/IPC/inter_cpu_comm.c:177:6:BufferIPC_Reset	16	static
../1_DEV/M1_Drivers/IPC/inter_cpu_comm.c:185:7:BufferIPC_GetLinearBlockReadAddress	16	static
../1_DEV/M1_Drivers/IPC/inter_cpu_comm.c:192:8:BufferIPC_GetLinearBlockReadLength	32	static
../1_DEV/M1_Drivers/IPC/inter_cpu_comm.c:209:8:BufferIPC_Skip	24	static
../1_DEV/M1_Drivers/IPC/inter_cpu_comm.c:221:7:BufferIPC_GetLinearBlockWriteAddress	16	static
../1_DEV/M1_Drivers/IPC/inter_cpu_comm.c:228:8:BufferIPC_GetLinearBlockWriteLength	32	static
../1_DEV/M1_Drivers/IPC/inter_cpu_comm.c:246:8:BufferIPC_Advance	24	static
../1_DEV/M1_Drivers/IPC/inter_cpu_comm.c:269:8:BufferIPC_WriteFrame	40	static
../1_DEV/M1_Drivers/IPC/inter_cpu_comm.c:322:10:BufferIPC_GetFrame	40	static
