Archive member included to satisfy reference by file (symbol)

C:/ST/STM32CubeIDE_1.19.0/STM32CubeIDE/plugins/com.st.stm32cube.ide.mcu.externaltools.gnu-tools-for-stm32.13.3.rel1.win32_1.0.0.202411081344/tools/bin/../lib/gcc/arm-none-eabi/13.3.1/../../../../arm-none-eabi/lib/thumb/v7e-m+dp/hard\libc_nano.a(libc_a-exit.o)
                              C:/ST/STM32CubeIDE_1.19.0/STM32CubeIDE/plugins/com.st.stm32cube.ide.mcu.externaltools.gnu-tools-for-stm32.13.3.rel1.win32_1.0.0.202411081344/tools/bin/../lib/gcc/arm-none-eabi/13.3.1/../../../../arm-none-eabi/lib/thumb/v7e-m+dp/hard/crt0.o (exit)
C:/ST/STM32CubeIDE_1.19.0/STM32CubeIDE/plugins/com.st.stm32cube.ide.mcu.externaltools.gnu-tools-for-stm32.13.3.rel1.win32_1.0.0.202411081344/tools/bin/../lib/gcc/arm-none-eabi/13.3.1/../../../../arm-none-eabi/lib/thumb/v7e-m+dp/hard\libc_nano.a(libc_a-findfp.o)
                              C:/ST/STM32CubeIDE_1.19.0/STM32CubeIDE/plugins/com.st.stm32cube.ide.mcu.externaltools.gnu-tools-for-stm32.13.3.rel1.win32_1.0.0.202411081344/tools/bin/../lib/gcc/arm-none-eabi/13.3.1/../../../../arm-none-eabi/lib/thumb/v7e-m+dp/hard\libc_nano.a(libc_a-exit.o) (__stdio_exit_handler)
C:/ST/STM32CubeIDE_1.19.0/STM32CubeIDE/plugins/com.st.stm32cube.ide.mcu.externaltools.gnu-tools-for-stm32.13.3.rel1.win32_1.0.0.202411081344/tools/bin/../lib/gcc/arm-none-eabi/13.3.1/../../../../arm-none-eabi/lib/thumb/v7e-m+dp/hard\libc_nano.a(libc_a-fwalk.o)
                              C:/ST/STM32CubeIDE_1.19.0/STM32CubeIDE/plugins/com.st.stm32cube.ide.mcu.externaltools.gnu-tools-for-stm32.13.3.rel1.win32_1.0.0.202411081344/tools/bin/../lib/gcc/arm-none-eabi/13.3.1/../../../../arm-none-eabi/lib/thumb/v7e-m+dp/hard\libc_nano.a(libc_a-findfp.o) (_fwalk_sglue)
C:/ST/STM32CubeIDE_1.19.0/STM32CubeIDE/plugins/com.st.stm32cube.ide.mcu.externaltools.gnu-tools-for-stm32.13.3.rel1.win32_1.0.0.202411081344/tools/bin/../lib/gcc/arm-none-eabi/13.3.1/../../../../arm-none-eabi/lib/thumb/v7e-m+dp/hard\libc_nano.a(libc_a-stdio.o)
                              C:/ST/STM32CubeIDE_1.19.0/STM32CubeIDE/plugins/com.st.stm32cube.ide.mcu.externaltools.gnu-tools-for-stm32.13.3.rel1.win32_1.0.0.202411081344/tools/bin/../lib/gcc/arm-none-eabi/13.3.1/../../../../arm-none-eabi/lib/thumb/v7e-m+dp/hard\libc_nano.a(libc_a-findfp.o) (__sread)
C:/ST/STM32CubeIDE_1.19.0/STM32CubeIDE/plugins/com.st.stm32cube.ide.mcu.externaltools.gnu-tools-for-stm32.13.3.rel1.win32_1.0.0.202411081344/tools/bin/../lib/gcc/arm-none-eabi/13.3.1/../../../../arm-none-eabi/lib/thumb/v7e-m+dp/hard\libc_nano.a(libc_a-memset.o)
                              C:/ST/STM32CubeIDE_1.19.0/STM32CubeIDE/plugins/com.st.stm32cube.ide.mcu.externaltools.gnu-tools-for-stm32.13.3.rel1.win32_1.0.0.202411081344/tools/bin/../lib/gcc/arm-none-eabi/13.3.1/../../../../arm-none-eabi/lib/thumb/v7e-m+dp/hard/crt0.o (memset)
C:/ST/STM32CubeIDE_1.19.0/STM32CubeIDE/plugins/com.st.stm32cube.ide.mcu.externaltools.gnu-tools-for-stm32.13.3.rel1.win32_1.0.0.202411081344/tools/bin/../lib/gcc/arm-none-eabi/13.3.1/../../../../arm-none-eabi/lib/thumb/v7e-m+dp/hard\libc_nano.a(libc_a-closer.o)
                              C:/ST/STM32CubeIDE_1.19.0/STM32CubeIDE/plugins/com.st.stm32cube.ide.mcu.externaltools.gnu-tools-for-stm32.13.3.rel1.win32_1.0.0.202411081344/tools/bin/../lib/gcc/arm-none-eabi/13.3.1/../../../../arm-none-eabi/lib/thumb/v7e-m+dp/hard\libc_nano.a(libc_a-stdio.o) (_close_r)
C:/ST/STM32CubeIDE_1.19.0/STM32CubeIDE/plugins/com.st.stm32cube.ide.mcu.externaltools.gnu-tools-for-stm32.13.3.rel1.win32_1.0.0.202411081344/tools/bin/../lib/gcc/arm-none-eabi/13.3.1/../../../../arm-none-eabi/lib/thumb/v7e-m+dp/hard\libc_nano.a(libc_a-reent.o)
                              C:/ST/STM32CubeIDE_1.19.0/STM32CubeIDE/plugins/com.st.stm32cube.ide.mcu.externaltools.gnu-tools-for-stm32.13.3.rel1.win32_1.0.0.202411081344/tools/bin/../lib/gcc/arm-none-eabi/13.3.1/../../../../arm-none-eabi/lib/thumb/v7e-m+dp/hard\libc_nano.a(libc_a-closer.o) (errno)
C:/ST/STM32CubeIDE_1.19.0/STM32CubeIDE/plugins/com.st.stm32cube.ide.mcu.externaltools.gnu-tools-for-stm32.13.3.rel1.win32_1.0.0.202411081344/tools/bin/../lib/gcc/arm-none-eabi/13.3.1/../../../../arm-none-eabi/lib/thumb/v7e-m+dp/hard\libc_nano.a(libc_a-impure.o)
                              C:/ST/STM32CubeIDE_1.19.0/STM32CubeIDE/plugins/com.st.stm32cube.ide.mcu.externaltools.gnu-tools-for-stm32.13.3.rel1.win32_1.0.0.202411081344/tools/bin/../lib/gcc/arm-none-eabi/13.3.1/../../../../arm-none-eabi/lib/thumb/v7e-m+dp/hard\libc_nano.a(libc_a-reent.o) (_impure_ptr)
C:/ST/STM32CubeIDE_1.19.0/STM32CubeIDE/plugins/com.st.stm32cube.ide.mcu.externaltools.gnu-tools-for-stm32.13.3.rel1.win32_1.0.0.202411081344/tools/bin/../lib/gcc/arm-none-eabi/13.3.1/../../../../arm-none-eabi/lib/thumb/v7e-m+dp/hard\libc_nano.a(libc_a-lseekr.o)
[...]
Memory Configuration

Name             Origin             Length             Attributes
RAM              0x20000000         0x00080000         xrw
FLASH            0x08000000         0x00100000         xr
BKPRAM           0x40024000         0x00001000         xrw
*default*        0x00000000         0xffffffff

Linker script and memory map

LOAD C:/ST/STM32CubeIDE_1.19.0/STM32CubeIDE/plugins/com.st.stm32cube.ide.mcu.externaltools.gnu-tools-for-stm32.13.3.rel1.win32_1.0.0.202411081344/tools/bin/../lib/gcc/arm-none-eabi/13.3.1/thumb/v7e-m+dp/hard/crti.o
LOAD C:/ST/STM32CubeIDE_1.19.0/STM32CubeIDE/plugins/com.st.stm32cube.ide.mcu.externaltools.gnu-tools-for-stm32.13.3.rel1.win32_1.0.0.202411081344/tools/bin/../lib/gcc/arm-none-eabi/13.3.1/thumb/v7e-m+dp/hard/crtbegin.o
LOAD C:/ST/STM32CubeIDE_1.19.0/STM32CubeIDE/plugins/com.st.stm32cube.ide.mcu.externaltools.gnu-tools-for-stm32.13.3.rel1.win32_1.0.0.202411081344/tools/bin/../lib/gcc/arm-none-eabi/13.3.1/../../../../arm-none-eabi/lib/thumb/v7e-m+dp/hard/crt0.o
LOAD ./Core/Src/main.o
LOAD ./Core/Src/stm32f7xx_hal_msp.o
LOAD ./Core/Src/stm32f7xx_it.o
LOAD ./Core/Src/syscalls.o
LOAD ./Core/Src/sysmem.o
LOAD ./Core/Src/system_stm32f7xx.o
LOAD ./Core/Startup/startup_stm32f765vgtx.o
LOAD ./Drivers/STM32F7xx_HAL_Driver/Src/stm32f7xx_hal.o
LOAD ./Drivers/STM32F7xx_HAL_Driver/Src/stm32f7xx_hal_cortex.o
LOAD ./Drivers/STM32F7xx_HAL_Driver/Src/stm32f7xx_hal_crc.o
LOAD ./Drivers/STM32F7xx_HAL_Driver/Src/stm32f7xx_hal_crc_ex.o
LOAD ./Drivers/STM32F7xx_HAL_Driver/Src/stm32f7xx_hal_dma.o
LOAD ./Drivers/STM32F7xx_HAL_Driver/Src/stm32f7xx_hal_dma_ex.o
LOAD ./Drivers/STM32F7xx_HAL_Driver/Src/stm32f7xx_hal_exti.o
LOAD ./Drivers/STM32F7xx_HAL_Driver/Src/stm32f7xx_hal_flash.o
LOAD ./Drivers/STM32F7xx_HAL_Driver/Src/stm32f7xx_hal_flash_ex.o
LOAD ./Drivers/STM32F7xx_HAL_Driver/Src/stm32f7xx_hal_gpio.o
LOAD ./Drivers/STM32F7xx_HAL_Driver/Src/stm32f7xx_hal_i2c.o
LOAD ./Drivers/STM32F7xx_HAL_Driver/Src/stm32f7xx_hal_i2c_ex.o
LOAD ./Drivers/STM32F7xx_HAL_Driver/Src/stm32f7xx_hal_pwr.o
LOAD ./Drivers/STM32F7xx_HAL_Driver/Src/stm32f7xx_hal_pwr_ex.o
LOAD ./Drivers/STM32F7xx_HAL_Driver/Src/stm32f7xx_hal_rcc.o
LOAD ./Drivers/STM32F7xx_HAL_Driver/Src/stm32f7xx_hal_rcc_ex.o
LOAD ./Drivers/STM32F7xx_HAL_Driver/Src/stm32f7xx_ll_dma.o
LOAD ./Drivers/STM32F7xx_HAL_Driver/Src/stm32f7xx_ll_exti.o
LOAD ./Drivers/STM32F7xx_HAL_Driver/Src/stm32f7xx_ll_gpio.o
LOAD ./Drivers/STM32F7xx_HAL_Driver/Src/stm32f7xx_ll_rcc.o
LOAD ./Drivers/STM32F7xx_HAL_Driver/Src/stm32f7xx_ll_usart.o
LOAD ./Drivers/STM32F7xx_HAL_Driver/Src/stm32f7xx_ll_utils.o
LOAD ./Source/UART/RingBuffer.o
LOAD ./Source/UART/UART.o
LOAD ./Source/bootloader/bootloader.o
LOAD ./Source/scheduler/scheduler.o
START GROUP
LOAD C:/ST/STM32CubeIDE_1.19.0/STM32CubeIDE/plugins/com.st.stm32cube.ide.mcu.externaltools.gnu-tools-for-stm32.13.3.rel1.win32_1.0.0.202411081344/tools/bin/../lib/gcc/arm-none-eabi/13.3.1/../../../../arm-none-eabi/lib/thumb/v7e-m+dp/hard\libc_nano.a
LOAD C:/ST/STM32CubeIDE_1.19.0/STM32CubeIDE/plugins/com.st.stm32cube.ide.mcu.externaltools.gnu-tools-for-stm32.13.3.rel1.win32_1.0.0.202411081344/tools/bin/../lib/gcc/arm-none-eabi/13.3.1/../../../../arm-none-eabi/lib/thumb/v7e-m+dp/hard\libm.a
END GROUP
START GROUP
LOAD C:/ST/STM32CubeIDE_1.19.0/STM32CubeIDE/plugins/com.st.stm32cube.ide.mcu.externaltools.gnu-tools-for-stm32.13.3.rel1.win32_1.0.0.202411081344/tools/bin/../lib/gcc/arm-none-eabi/13.3.1/thumb/v7e-m+dp/hard\libgcc.a
LOAD C:/ST/STM32CubeIDE_1.19.0/STM32CubeIDE/plugins/com.st.stm32cube.ide.mcu.externaltools.gnu-tools-for-stm32.13.3.rel1.win32_1.0.0.202411081344/tools/bin/../lib/gcc/arm-none-eabi/13.3.1/../../../../arm-none-eabi/lib/thumb/v7e-m+dp/hard\libc_nano.a
END GROUP
START GROUP
LOAD C:/ST/STM32CubeIDE_1.19.0/STM32CubeIDE/plugins/com.st.stm32cube.ide.mcu.externaltools.gnu-tools-for-stm32.13.3.rel1.win32_1.0.0.202411081344/tools/bin/../lib/gcc/arm-none-eabi/13.3.1/thumb/v7e-m+dp/hard\libgcc.a
LOAD C:/ST/STM32CubeIDE_1.19.0/STM32CubeIDE/plugins/com.st.stm32cube.ide.mcu.externaltools.gnu-tools-for-stm32.13.3.rel1.win32_1.0.0.202411081344/tools/bin/../lib/gcc/arm-none-eabi/13.3.1/../../../../arm-none-eabi/lib/thumb/v7e-m+dp/hard\libc_nano.a
LOAD C:/ST/STM32CubeIDE_1.19.0/STM32CubeIDE/plugins/com.st.stm32cube.ide.mcu.externaltools.gnu-tools-for-stm32.13.3.rel1.win32_1.0.0.202411081344/tools/bin/../lib/gcc/arm-none-eabi/13.3.1/../../../../arm-none-eabi/lib/thumb/v7e-m+dp/hard\libnosys.a
END GROUP
START GROUP
LOAD C:/ST/STM32CubeIDE_1.19.0/STM32CubeIDE/plugins/com.st.stm32cube.ide.mcu.externaltools.gnu-tools-for-stm32.13.3.rel1.win32_1.0.0.202411081344/tools/bin/../lib/gcc/arm-none-eabi/13.3.1/thumb/v7e-m+dp/hard\libgcc.a
LOAD C:/ST/STM32CubeIDE_1.19.0/STM32CubeIDE/plugins/com.st.stm32cube.ide.mcu.externaltools.gnu-tools-for-stm32.13.3.rel1.win32_1.0.0.202411081344/tools/bin/../lib/gcc/arm-none-eabi/13.3.1/../../../../arm-none-eabi/lib/thumb/v7e-m+dp/hard\libc_nano.a
LOAD C:/ST/STM32CubeIDE_1.19.0/STM32CubeIDE/plugins/com.st.stm32cube.ide.mcu.externaltools.gnu-tools-for-stm32.13.3.rel1.win32_1.0.0.202411081344/tools/bin/../lib/gcc/arm-none-eabi/13.3.1/../../../../arm-none-eabi/lib/thumb/v7e-m+dp/hard\libnosys.a
END GROUP
LOAD C:/ST/STM32CubeIDE_1.19.0/STM32CubeIDE/plugins/com.st.stm32cube.ide.mcu.externaltools.gnu-tools-for-stm32.13.3.rel1.win32_1.0.0.202411081344/tools/bin/../lib/gcc/arm-none-eabi/13.3.1/thumb/v7e-m+dp/hard/crtend.o
LOAD C:/ST/STM32CubeIDE_1.19.0/STM32CubeIDE/plugins/com.st.stm32cube.ide.mcu.externaltools.gnu-tools-for-stm32.13.3.rel1.win32_1.0.0.202411081344/tools/bin/../lib/gcc/arm-none-eabi/13.3.1/thumb/v7e-m+dp/hard/crtn.o
                0x20080000                        _estack = (ORIGIN (RAM) + LENGTH (RAM))
                0x00000200                        _Min_Heap_Size = 0x200
                0x00000400                        _Min_Stack_Size = 0x400

.isr_vector     0x08000000      0x1f8
                0x08000000                        . = ALIGN (0x4)
 *(.isr_vector)
 .isr_vector    0x08000000      0x1f8 ./Core/Startup/startup_stm32f765vgtx.o
                0x08000000                g_pfnVectors
                0x080001f8                        . = ALIGN (0x4)

.text           0x080001f8     0x4e60
                0x080001f8                        . = ALIGN (0x4)
 *(.text)
 .text          0x080001f8       0x40 C:/ST/STM32CubeIDE_1.19.0/STM32CubeIDE/plugins/com.st.stm32cube.ide.mcu.externaltools.gnu-tools-for-stm32.13.3.rel1.win32_1.0.0.202411081344/tools/bin/../lib/gcc/arm-none-eabi/13.3.1/thumb/v7e-m+dp/hard/crtbegin.o
 .text          0x08000238       0x30 C:/ST/STM32CubeIDE_1.19.0/STM32CubeIDE/plugins/com.st.stm32cube.ide.mcu.externaltools.gnu-tools-for-stm32.13.3.rel1.win32_1.0.0.202411081344/tools/bin/../lib/gcc/arm-none-eabi/13.3.1/thumb/v7e-m+dp/hard\libgcc.a(_aeabi_uldivmod.o)
                0x08000238                __aeabi_uldivmod
 .text          0x08000268      0x2f8 C:/ST/STM32CubeIDE_1.19.0/STM32CubeIDE/plugins/com.st.stm32cube.ide.mcu.externaltools.gnu-tools-for-stm32.13.3.rel1.win32_1.0.0.202411081344/tools/bin/../lib/gcc/arm-none-eabi/13.3.1/thumb/v7e-m+dp/hard\libgcc.a(_udivmoddi4.o)
                0x08000268                __udivmoddi4
 .text          0x08000560        0x4 C:/ST/STM32CubeIDE_1.19.0/STM32CubeIDE/plugins/com.st.stm32cube.ide.mcu.externaltools.gnu-tools-for-stm32.13.3.rel1.win32_1.0.0.202411081344/tools/bin/../lib/gcc/arm-none-eabi/13.3.1/thumb/v7e-m+dp/hard\libgcc.a(_dvmd_tls.o)
                0x08000560                __aeabi_idiv0
                0x08000560                __aeabi_ldiv0
 *(.text*)
 .text.__NVIC_GetPriorityGrouping
                0x08000564       0x1c ./Core/Src/main.o
 .text.__NVIC_EnableIRQ
                0x08000580       0x3c ./Core/Src/main.o
 .text.__NVIC_SetPriority
                0x080005bc       0x54 ./Core/Src/main.o
 .text.NVIC_EncodePriority
                0x08000610       0x66 ./Core/Src/main.o
 .text.LL_USART_Enable
                0x08000676       0x20 ./Core/Src/main.o
 .text.LL_USART_ConfigAsyncMode
                0x08000696       0x2c ./Core/Src/main.o
 *fill*         0x080006c2        0x2 
 .text.LL_AHB1_GRP1_EnableClock
                0x080006c4       0x30 ./Core/Src/main.o
 .text.LL_APB1_GRP1_EnableClock
                0x080006f4       0x30 ./Core/Src/main.o
 .text.watchdog_handler
                0x08000724       0x20 ./Core/Src/main.o
 .text.main     0x08000744       0x32 ./Core/Src/main.o
                0x08000744                main
 *fill*         0x08000776        0x2 
 .text.SystemClock_Config
                0x08000778       0xd0 ./Core/Src/main.o
                0x08000778                SystemClock_Config
 .text.MX_CRC_Init
                0x08000848       0x44 ./Core/Src/main.o
 .text.MX_UART7_Init
                0x0800088c      0x138 ./Core/Src/main.o
 .text.MX_GPIO_Init
                0x080009c4       0x80 ./Core/Src/main.o
 .text.MPU_Config
                0x08000a44       0x58 ./Core/Src/main.o
 .text.Error_Handler
                0x08000a9c        0xc ./Core/Src/main.o
                0x08000a9c                Error_Handler
 .text.HAL_MspInit
                0x08000aa8       0x48 ./Core/Src/stm32f7xx_hal_msp.o
                0x08000aa8                HAL_MspInit
 .text.HAL_CRC_MspInit
                0x08000af0       0x40 ./Core/Src/stm32f7xx_hal_msp.o
                0x08000af0                HAL_CRC_MspInit
 .text.NMI_Handler
                0x08000b30        0x8 ./Core/Src/stm32f7xx_it.o
                0x08000b30                NMI_Handler
 .text.HardFault_Handler
                0x08000b38        0x8 ./Core/Src/stm32f7xx_it.o
                0x08000b38                HardFault_Handler
 .text.MemManage_Handler
                0x08000b40        0x8 ./Core/Src/stm32f7xx_it.o
                0x08000b40                MemManage_Handler
 .text.BusFault_Handler
                0x08000b48        0x8 ./Core/Src/stm32f7xx_it.o
                0x08000b48                BusFault_Handler
 .text.UsageFault_Handler
                0x08000b50        0x8 ./Core/Src/stm32f7xx_it.o
                0x08000b50                UsageFault_Handler
 .text.SVC_Handler
                0x08000b58        0xe ./Core/Src/stm32f7xx_it.o
                0x08000b58                SVC_Handler
 .text.DebugMon_Handler
                0x08000b66        0xe ./Core/Src/stm32f7xx_it.o
                0x08000b66                DebugMon_Handler
 .text.PendSV_Handler
                0x08000b74        0xe ./Core/Src/stm32f7xx_it.o
                0x08000b74                PendSV_Handler
 .text.SysTick_Handler
                0x08000b82       0x10 ./Core/Src/stm32f7xx_it.o
                0x08000b82                SysTick_Handler
 *fill*         0x08000b92        0x2 
 .text.SystemInit
                0x08000b94       0x24 ./Core/Src/system_stm32f7xx.o
                0x08000b94                SystemInit
 .text.Reset_Handler
                0x08000bb8       0x50 ./Core/Startup/startup_stm32f765vgtx.o
                0x08000bb8                Reset_Handler
 .text.Default_Handler
                0x08000c08        0x2 ./Core/Startup/startup_stm32f765vgtx.o
                0x08000c08                RTC_Alarm_IRQHandler
                0x08000c08                EXTI2_IRQHandler
                0x08000c08                TIM8_CC_IRQHandler
                0x08000c08                UART8_IRQHandler
                0x08000c08                SPI4_IRQHandler
                0x08000c08                TIM1_CC_IRQHandler
                0x08000c08                DMA2_Stream5_IRQHandler
                0x08000c08                DMA1_Stream5_IRQHandler
                0x08000c08                CAN3_RX1_IRQHandler
                0x08000c08                PVD_IRQHandler
                0x08000c08                TAMP_STAMP_IRQHandler
                0x08000c08                CAN2_RX1_IRQHandler
                0x08000c08                EXTI3_IRQHandler
                0x08000c08                TIM8_TRG_COM_TIM14_IRQHandler
                0x08000c08                DFSDM1_FLT1_IRQHandler
                0x08000c08                TIM1_UP_TIM10_IRQHandler
                0x08000c08                TIM8_UP_TIM13_IRQHandler
                0x08000c08                I2C3_ER_IRQHandler
                0x08000c08                DFSDM1_FLT2_IRQHandler
                0x08000c08                EXTI0_IRQHandler
                0x08000c08                I2C2_EV_IRQHandler
                0x08000c08                DMA1_Stream2_IRQHandler
                0x08000c08                CAN1_RX0_IRQHandler
                0x08000c08                FPU_IRQHandler
                0x08000c08                OTG_HS_WKUP_IRQHandler
                0x08000c08                CAN3_SCE_IRQHandler
                0x08000c08                CAN2_SCE_IRQHandler
                0x08000c08                DMA2_Stream2_IRQHandler
                0x08000c08                SPI1_IRQHandler
                0x08000c08                TIM6_DAC_IRQHandler
                0x08000c08                TIM1_BRK_TIM9_IRQHandler
                0x08000c08                DCMI_IRQHandler
                0x08000c08                CAN2_RX0_IRQHandler
                0x08000c08                DMA2_Stream3_IRQHandler
                0x08000c08                SAI2_IRQHandler
                0x08000c08                DFSDM1_FLT3_IRQHandler
                0x08000c08                USART6_IRQHandler
                0x08000c08                CAN3_RX0_IRQHandler
                0x08000c08                USART3_IRQHandler
                0x08000c08                CAN1_RX1_IRQHandler
                0x08000c08                UART5_IRQHandler
                0x08000c08                DMA2_Stream0_IRQHandler
                0x08000c08                TIM4_IRQHandler
                0x08000c08                QUADSPI_IRQHandler
                0x08000c08                I2C1_EV_IRQHandler
                0x08000c08                DMA1_Stream6_IRQHandler
                0x08000c08                DMA1_Stream1_IRQHandler
                0x08000c08                UART4_IRQHandler
                0x08000c08                TIM3_IRQHandler
                0x08000c08                RCC_IRQHandler
                0x08000c08                TIM8_BRK_TIM12_IRQHandler
                0x08000c08                Default_Handler
                0x08000c08                CEC_IRQHandler
                0x08000c08                EXTI15_10_IRQHandler
                0x08000c08                ADC_IRQHandler
                0x08000c08                DMA1_Stream7_IRQHandler
                0x08000c08                SPI5_IRQHandler
                0x08000c08                TIM7_IRQHandler
                0x08000c08                SDMMC1_IRQHandler
                0x08000c08                CAN2_TX_IRQHandler
                0x08000c08                TIM5_IRQHandler
                0x08000c08                DMA2_Stream7_IRQHandler
                0x08000c08                I2C3_EV_IRQHandler
                0x08000c08                EXTI9_5_IRQHandler
                0x08000c08                RTC_WKUP_IRQHandler
                0x08000c08                ETH_WKUP_IRQHandler
                0x08000c08                SPDIF_RX_IRQHandler
                0x08000c08                SPI2_IRQHandler
                0x08000c08                OTG_HS_EP1_IN_IRQHandler
                0x08000c08                DMA1_Stream0_IRQHandler
                0x08000c08                CAN1_TX_IRQHandler
                0x08000c08                EXTI4_IRQHandler
                0x08000c08                RNG_IRQHandler
                0x08000c08                ETH_IRQHandler
                0x08000c08                OTG_HS_EP1_OUT_IRQHandler
                0x08000c08                WWDG_IRQHandler
                0x08000c08                SPI6_IRQHandler
                0x08000c08                MDIOS_IRQHandler
                0x08000c08                I2C4_EV_IRQHandler
                0x08000c08                CAN3_TX_IRQHandler
                0x08000c08                TIM2_IRQHandler
                0x08000c08                OTG_FS_WKUP_IRQHandler
                0x08000c08                TIM1_TRG_COM_TIM11_IRQHandler
                0x08000c08                OTG_HS_IRQHandler
                0x08000c08                DMA2D_IRQHandler
                0x08000c08                EXTI1_IRQHandler
                0x08000c08                SDMMC2_IRQHandler
                0x08000c08                USART2_IRQHandler
                0x08000c08                DFSDM1_FLT0_IRQHandler
                0x08000c08                I2C2_ER_IRQHandler
                0x08000c08                DMA2_Stream1_IRQHandler
                0x08000c08                CAN1_SCE_IRQHandler
                0x08000c08                FLASH_IRQHandler
                0x08000c08                DMA2_Stream4_IRQHandler
                0x08000c08                USART1_IRQHandler
                0x08000c08                OTG_FS_IRQHandler
                0x08000c08                SPI3_IRQHandler
                0x08000c08                DMA1_Stream4_IRQHandler
                0x08000c08                I2C1_ER_IRQHandler
                0x08000c08                FMC_IRQHandler
                0x08000c08                LPTIM1_IRQHandler
                0x08000c08                I2C4_ER_IRQHandler
                0x08000c08                DMA2_Stream6_IRQHandler
                0x08000c08                SAI1_IRQHandler
                0x08000c08                DMA1_Stream3_IRQHandler
 .text.HAL_Init
                0x08000c0a       0x1a ./Drivers/STM32F7xx_HAL_Driver/Src/stm32f7xx_hal.o
                0x08000c0a                HAL_Init
 .text.HAL_DeInit
                0x08000c24       0x58 ./Drivers/STM32F7xx_HAL_Driver/Src/stm32f7xx_hal.o
                0x08000c24                HAL_DeInit
 .text.HAL_MspDeInit
                0x08000c7c        0xe ./Drivers/STM32F7xx_HAL_Driver/Src/stm32f7xx_hal.o
                0x08000c7c                HAL_MspDeInit
 *fill*         0x08000c8a        0x2 
 .text.HAL_InitTick
                0x08000c8c       0x60 ./Drivers/STM32F7xx_HAL_Driver/Src/stm32f7xx_hal.o
                0x08000c8c                HAL_InitTick
 .text.HAL_IncTick
                0x08000cec       0x28 ./Drivers/STM32F7xx_HAL_Driver/Src/stm32f7xx_hal.o
                0x08000cec                HAL_IncTick
 .text.HAL_GetTick
                0x08000d14       0x18 ./Drivers/STM32F7xx_HAL_Driver/Src/stm32f7xx_hal.o
                0x08000d14                HAL_GetTick
 .text.HAL_Delay
                0x08000d2c       0x48 ./Drivers/STM32F7xx_HAL_Driver/Src/stm32f7xx_hal.o
                0x08000d2c                HAL_Delay
 .text.__NVIC_SetPriorityGrouping
                0x08000d74       0x48 ./Drivers/STM32F7xx_HAL_Driver/Src/stm32f7xx_hal_cortex.o
 .text.__NVIC_GetPriorityGrouping
                0x08000dbc       0x1c ./Drivers/STM32F7xx_HAL_Driver/Src/stm32f7xx_hal_cortex.o
 .text.__NVIC_SetPriority
                0x08000dd8       0x54 ./Drivers/STM32F7xx_HAL_Driver/Src/stm32f7xx_hal_cortex.o
 .text.NVIC_EncodePriority
                0x08000e2c       0x66 ./Drivers/STM32F7xx_HAL_Driver/Src/stm32f7xx_hal_cortex.o
 *fill*         0x08000e92        0x2 
 .text.SysTick_Config
                0x08000e94       0x44 ./Drivers/STM32F7xx_HAL_Driver/Src/stm32f7xx_hal_cortex.o
 .text.HAL_NVIC_SetPriorityGrouping
                0x08000ed8       0x16 ./Drivers/STM32F7xx_HAL_Driver/Src/stm32f7xx_hal_cortex.o
                0x08000ed8                HAL_NVIC_SetPriorityGrouping
 .text.HAL_NVIC_SetPriority
                0x08000eee       0x38 ./Drivers/STM32F7xx_HAL_Driver/Src/stm32f7xx_hal_cortex.o
                0x08000eee                HAL_NVIC_SetPriority
 .text.HAL_SYSTICK_Config
                0x08000f26       0x18 ./Drivers/STM32F7xx_HAL_Driver/Src/stm32f7xx_hal_cortex.o
                0x08000f26                HAL_SYSTICK_Config
 *fill*         0x08000f3e        0x2 
 .text.HAL_MPU_Disable
                0x08000f40       0x30 ./Drivers/STM32F7xx_HAL_Driver/Src/stm32f7xx_hal_cortex.o
                0x08000f40                HAL_MPU_Disable
 .text.HAL_MPU_Enable
                0x08000f70       0x40 ./Drivers/STM32F7xx_HAL_Driver/Src/stm32f7xx_hal_cortex.o
                0x08000f70                HAL_MPU_Enable
 .text.HAL_MPU_ConfigRegion
                0x08000fb0       0x80 ./Drivers/STM32F7xx_HAL_Driver/Src/stm32f7xx_hal_cortex.o
                0x08000fb0                HAL_MPU_ConfigRegion
 .text.HAL_CRC_Init
                0x08001030       0xc8 ./Drivers/STM32F7xx_HAL_Driver/Src/stm32f7xx_hal_crc.o
                0x08001030                HAL_CRC_Init
 .text.HAL_CRCEx_Polynomial_Set
                0x080010f8      0x11c ./Drivers/STM32F7xx_HAL_Driver/Src/stm32f7xx_hal_crc_ex.o
                0x080010f8                HAL_CRCEx_Polynomial_Set
 .text.HAL_FLASH_Program
                0x08001214       0xb4 ./Drivers/STM32F7xx_HAL_Driver/Src/stm32f7xx_hal_flash.o
                0x08001214                HAL_FLASH_Program
 .text.HAL_FLASH_Unlock
                0x080012c8       0x44 ./Drivers/STM32F7xx_HAL_Driver/Src/stm32f7xx_hal_flash.o
                0x080012c8                HAL_FLASH_Unlock
 .text.HAL_FLASH_Lock
                0x0800130c       0x20 ./Drivers/STM32F7xx_HAL_Driver/Src/stm32f7xx_hal_flash.o
                0x0800130c                HAL_FLASH_Lock
 .text.FLASH_WaitForLastOperation
                0x0800132c       0x80 ./Drivers/STM32F7xx_HAL_Driver/Src/stm32f7xx_hal_flash.o
                0x0800132c                FLASH_WaitForLastOperation
 .text.FLASH_Program_DoubleWord
                0x080013ac       0x6c ./Drivers/STM32F7xx_HAL_Driver/Src/stm32f7xx_hal_flash.o
 .text.FLASH_Program_Word
                0x08001418       0x4c ./Drivers/STM32F7xx_HAL_Driver/Src/stm32f7xx_hal_flash.o
 .text.FLASH_Program_HalfWord
                0x08001464       0x4c ./Drivers/STM32F7xx_HAL_Driver/Src/stm32f7xx_hal_flash.o
 .text.FLASH_Program_Byte
                0x080014b0       0x48 ./Drivers/STM32F7xx_HAL_Driver/Src/stm32f7xx_hal_flash.o
 .text.FLASH_SetErrorCode
                0x080014f8       0x94 ./Drivers/STM32F7xx_HAL_Driver/Src/stm32f7xx_hal_flash.o
 .text.HAL_FLASHEx_Erase
                0x0800158c       0xdc ./Drivers/STM32F7xx_HAL_Driver/Src/stm32f7xx_hal_flash_ex.o
                0x0800158c                HAL_FLASHEx_Erase
 .text.FLASH_MassErase
                0x08001668       0x78 ./Drivers/STM32F7xx_HAL_Driver/Src/stm32f7xx_hal_flash_ex.o
 .text.FLASH_Erase_Sector
                0x080016e0       0xa4 ./Drivers/STM32F7xx_HAL_Driver/Src/stm32f7xx_hal_flash_ex.o
                0x080016e0                FLASH_Erase_Sector
 .text.HAL_GPIO_Init
                0x08001784      0x358 ./Drivers/STM32F7xx_HAL_Driver/Src/stm32f7xx_hal_gpio.o
                0x08001784                HAL_GPIO_Init
 .text.HAL_GPIO_WritePin
                0x08001adc       0x32 ./Drivers/STM32F7xx_HAL_Driver/Src/stm32f7xx_hal_gpio.o
                0x08001adc                HAL_GPIO_WritePin
 .text.HAL_GPIO_TogglePin
                0x08001b0e       0x34 ./Drivers/STM32F7xx_HAL_Driver/Src/stm32f7xx_hal_gpio.o
                0x08001b0e                HAL_GPIO_TogglePin
 *fill*         0x08001b42        0x2 
 .text.HAL_PWR_EnableBkUpAccess
                0x08001b44       0x20 ./Drivers/STM32F7xx_HAL_Driver/Src/stm32f7xx_hal_pwr.o
                0x08001b44                HAL_PWR_EnableBkUpAccess
 .text.HAL_PWR_DisableBkUpAccess
                0x08001b64       0x20 ./Drivers/STM32F7xx_HAL_Driver/Src/stm32f7xx_hal_pwr.o
                0x08001b64                HAL_PWR_DisableBkUpAccess
 .text.HAL_PWREx_EnableBkUpReg
                0x08001b84       0x58 ./Drivers/STM32F7xx_HAL_Driver/Src/stm32f7xx_hal_pwr_ex.o
                0x08001b84                HAL_PWREx_EnableBkUpReg
 .text.HAL_PWREx_DisableBkUpReg
                0x08001bdc       0x58 ./Drivers/STM32F7xx_HAL_Driver/Src/stm32f7xx_hal_pwr_ex.o
                0x08001bdc                HAL_PWREx_DisableBkUpReg
 .text.HAL_RCC_DeInit
                0x08001c34      0x1c0 ./Drivers/STM32F7xx_HAL_Driver/Src/stm32f7xx_hal_rcc.o
                0x08001c34                HAL_RCC_DeInit
 .text.HAL_RCC_OscConfig
                0x08001df4      0x55c ./Drivers/STM32F7xx_HAL_Driver/Src/stm32f7xx_hal_rcc.o
                0x08001df4                HAL_RCC_OscConfig
 .text.HAL_RCC_ClockConfig
                0x08002350      0x1d8 ./Drivers/STM32F7xx_HAL_Driver/Src/stm32f7xx_hal_rcc.o
                0x08002350                HAL_RCC_ClockConfig
 .text.HAL_RCC_GetSysClockFreq
                0x08002528      0x18c ./Drivers/STM32F7xx_HAL_Driver/Src/stm32f7xx_hal_rcc.o
                0x08002528                HAL_RCC_GetSysClockFreq
 .text.HAL_RCCEx_PeriphCLKConfig
                0x080026b4      0x7e0 ./Drivers/STM32F7xx_HAL_Driver/Src/stm32f7xx_hal_rcc_ex.o
                0x080026b4                HAL_RCCEx_PeriphCLKConfig
 .text.LL_GPIO_SetPinMode
                0x08002e94       0x5e ./Drivers/STM32F7xx_HAL_Driver/Src/stm32f7xx_ll_gpio.o
 .text.LL_GPIO_SetPinOutputType
                0x08002ef2       0x30 ./Drivers/STM32F7xx_HAL_Driver/Src/stm32f7xx_ll_gpio.o
 .text.LL_GPIO_SetPinSpeed
                0x08002f22       0x5e ./Drivers/STM32F7xx_HAL_Driver/Src/stm32f7xx_ll_gpio.o
 .text.LL_GPIO_SetPinPull
                0x08002f80       0x5e ./Drivers/STM32F7xx_HAL_Driver/Src/stm32f7xx_ll_gpio.o
 .text.LL_GPIO_SetAFPin_0_7
                0x08002fde       0x5e ./Drivers/STM32F7xx_HAL_Driver/Src/stm32f7xx_ll_gpio.o
 .text.LL_GPIO_SetAFPin_8_15
                0x0800303c       0x62 ./Drivers/STM32F7xx_HAL_Driver/Src/stm32f7xx_ll_gpio.o
 .text.LL_GPIO_Init
                0x0800309e       0xe8 ./Drivers/STM32F7xx_HAL_Driver/Src/stm32f7xx_ll_gpio.o
                0x0800309e                LL_GPIO_Init
 *fill*         0x08003186        0x2 
 .text.LL_RCC_HSI_IsReady
                0x08003188       0x24 ./Drivers/STM32F7xx_HAL_Driver/Src/stm32f7xx_ll_rcc.o
 .text.LL_RCC_LSE_IsReady
                0x080031ac       0x24 ./Drivers/STM32F7xx_HAL_Driver/Src/stm32f7xx_ll_rcc.o
 .text.LL_RCC_GetSysClkSource
                0x080031d0       0x1c ./Drivers/STM32F7xx_HAL_Driver/Src/stm32f7xx_ll_rcc.o
 .text.LL_RCC_GetAHBPrescaler
                0x080031ec       0x1c ./Drivers/STM32F7xx_HAL_Driver/Src/stm32f7xx_ll_rcc.o
 .text.LL_RCC_GetAPB1Prescaler
                0x08003208       0x1c ./Drivers/STM32F7xx_HAL_Driver/Src/stm32f7xx_ll_rcc.o
 .text.LL_RCC_GetAPB2Prescaler
                0x08003224       0x1c ./Drivers/STM32F7xx_HAL_Driver/Src/stm32f7xx_ll_rcc.o
 .text.LL_RCC_GetUSARTClockSource
                0x08003240       0x28 ./Drivers/STM32F7xx_HAL_Driver/Src/stm32f7xx_ll_rcc.o
 .text.LL_RCC_GetUARTClockSource
                0x08003268       0x28 ./Drivers/STM32F7xx_HAL_Driver/Src/stm32f7xx_ll_rcc.o
 .text.LL_RCC_PLL_GetMainSource
                0x08003290       0x1c ./Drivers/STM32F7xx_HAL_Driver/Src/stm32f7xx_ll_rcc.o
 .text.LL_RCC_PLL_GetN
                0x080032ac       0x1c ./Drivers/STM32F7xx_HAL_Driver/Src/stm32f7xx_ll_rcc.o
 .text.LL_RCC_PLL_GetP
                0x080032c8       0x1c ./Drivers/STM32F7xx_HAL_Driver/Src/stm32f7xx_ll_rcc.o
 .text.LL_RCC_PLL_GetDivider
                0x080032e4       0x1c ./Drivers/STM32F7xx_HAL_Driver/Src/stm32f7xx_ll_rcc.o
 .text.LL_RCC_GetUSARTClockFreq
                0x08003300      0x20c ./Drivers/STM32F7xx_HAL_Driver/Src/stm32f7xx_ll_rcc.o
                0x08003300                LL_RCC_GetUSARTClockFreq
 .text.LL_RCC_GetUARTClockFreq
                0x0800350c      0x210 ./Drivers/STM32F7xx_HAL_Driver/Src/stm32f7xx_ll_rcc.o
                0x0800350c                LL_RCC_GetUARTClockFreq
 .text.RCC_GetSystemClockFreq
                0x0800371c       0x50 ./Drivers/STM32F7xx_HAL_Driver/Src/stm32f7xx_ll_rcc.o
                0x0800371c                RCC_GetSystemClockFreq
 .text.RCC_GetHCLKClockFreq
                0x0800376c       0x2c ./Drivers/STM32F7xx_HAL_Driver/Src/stm32f7xx_ll_rcc.o
                0x0800376c                RCC_GetHCLKClockFreq
 .text.RCC_GetPCLK1ClockFreq
                0x08003798       0x28 ./Drivers/STM32F7xx_HAL_Driver/Src/stm32f7xx_ll_rcc.o
                0x08003798                RCC_GetPCLK1ClockFreq
 .text.RCC_GetPCLK2ClockFreq
                0x080037c0       0x28 ./Drivers/STM32F7xx_HAL_Driver/Src/stm32f7xx_ll_rcc.o
                0x080037c0                RCC_GetPCLK2ClockFreq
 .text.RCC_PLL_GetFreqDomain_SYS
                0x080037e8       0x6c ./Drivers/STM32F7xx_HAL_Driver/Src/stm32f7xx_ll_rcc.o
                0x080037e8                RCC_PLL_GetFreqDomain_SYS
 .text.LL_USART_IsEnabled
                0x08003854       0x26 ./Drivers/STM32F7xx_HAL_Driver/Src/stm32f7xx_ll_usart.o
 .text.LL_USART_SetStopBitsLength
                0x0800387a       0x26 ./Drivers/STM32F7xx_HAL_Driver/Src/stm32f7xx_ll_usart.o
 .text.LL_USART_SetHWFlowCtrl
                0x080038a0       0x26 ./Drivers/STM32F7xx_HAL_Driver/Src/stm32f7xx_ll_usart.o
 .text.LL_USART_SetBaudRate
                0x080038c6       0x6e ./Drivers/STM32F7xx_HAL_Driver/Src/stm32f7xx_ll_usart.o
 .text.LL_USART_Init
                0x08003934      0x140 ./Drivers/STM32F7xx_HAL_Driver/Src/stm32f7xx_ll_usart.o
                0x08003934                LL_USART_Init
 .text.rbuffer_init
                0x08003a74       0x34 ./Source/UART/RingBuffer.o
                0x08003a74                rbuffer_init
 .text.rbuffer_full
                0x08003aa8       0x28 ./Source/UART/RingBuffer.o
                0x08003aa8                rbuffer_full
 .text.rbuffer_empty
                0x08003ad0       0x26 ./Source/UART/RingBuffer.o
                0x08003ad0                rbuffer_empty
 .text.rbuffer_insert
                0x08003af6       0x58 ./Source/UART/RingBuffer.o
                0x08003af6                rbuffer_insert
 .text.rbuffer_remove
                0x08003b4e       0x56 ./Source/UART/RingBuffer.o
                0x08003b4e                rbuffer_remove
 .text.LL_USART_IsActiveFlag_FE
                0x08003ba4       0x26 ./Source/UART/UART.o
 .text.LL_USART_IsActiveFlag_NE
                0x08003bca       0x26 ./Source/UART/UART.o
 .text.LL_USART_IsActiveFlag_ORE
                0x08003bf0       0x26 ./Source/UART/UART.o
 .text.LL_USART_IsActiveFlag_RXNE
                0x08003c16       0x26 ./Source/UART/UART.o
 .text.LL_USART_IsActiveFlag_TXE
                0x08003c3c       0x26 ./Source/UART/UART.o
 .text.LL_USART_ClearFlag_FE
                0x08003c62       0x1a ./Source/UART/UART.o
 .text.LL_USART_ClearFlag_NE
                0x08003c7c       0x1a ./Source/UART/UART.o
 .text.LL_USART_ClearFlag_ORE
                0x08003c96       0x1a ./Source/UART/UART.o
 .text.LL_USART_EnableIT_RXNE
                0x08003cb0       0x42 ./Source/UART/UART.o
 .text.LL_USART_EnableIT_TXE
                0x08003cf2       0x42 ./Source/UART/UART.o
 .text.LL_USART_DisableIT_TXE
                0x08003d34       0x42 ./Source/UART/UART.o
 .text.LL_USART_IsEnabledIT_RXNE
                0x08003d76       0x26 ./Source/UART/UART.o
 .text.LL_USART_ReceiveData8
                0x08003d9c       0x1a ./Source/UART/UART.o
 .text.LL_USART_TransmitData8
                0x08003db6       0x1e ./Source/UART/UART.o
 .text.UART7_IRQHandler
                0x08003dd4       0xe0 ./Source/UART/UART.o
                0x08003dd4                UART7_IRQHandler
 .text.UART7_init
                0x08003eb4       0x30 ./Source/UART/UART.o
                0x08003eb4                UART7_init
 .text.UART7_send_char
                0x08003ee4       0x48 ./Source/UART/UART.o
                0x08003ee4                UART7_send_char
 .text.UART7_send_array
                0x08003f2c       0x38 ./Source/UART/UART.o
                0x08003f2c                UART7_send_array
 .text.SCB_DisableICache
                0x08003f64       0x40 ./Source/bootloader/bootloader.o
 .text.SCB_InvalidateICache
                0x08003fa4       0x34 ./Source/bootloader/bootloader.o
 .text.SCB_DisableDCache
                0x08003fd8       0x88 ./Source/bootloader/bootloader.o
 .text.SCB_CleanInvalidateDCache
                0x08004060       0x78 ./Source/bootloader/bootloader.o
 .text.LL_APB1_GRP1_ForceReset
                0x080040d8       0x24 ./Source/bootloader/bootloader.o
 .text.LL_APB1_GRP1_ReleaseReset
                0x080040fc       0x28 ./Source/bootloader/bootloader.o
 .text.BL_UART_Fetch_Host_Command
                0x08004124      0x1a8 ./Source/bootloader/bootloader.o
                0x08004124                BL_UART_Fetch_Host_Command
 .text.Bootloader_check_connection
                0x080042cc       0x2c ./Source/bootloader/bootloader.o
 .text.Bootloader_Check_Timeout
                0x080042f8       0x28 ./Source/bootloader/bootloader.o
                0x080042f8                Bootloader_Check_Timeout
 .text.Bootloader_Get_Chip_Identification_Number
                0x08004320       0x34 ./Source/bootloader/bootloader.o
 .text.Jump_To_App
                0x08004354      0x134 ./Source/bootloader/bootloader.o
                0x08004354                Jump_To_App
 .text.Bootloader_Jump_To_User_App
                0x08004488       0x26 ./Source/bootloader/bootloader.o
 .text.Perform_Flash_Erase
                0x080044ae       0xb2 ./Source/bootloader/bootloader.o
 .text.Bootloader_Erase_Flash
                0x08004560       0x94 ./Source/bootloader/bootloader.o
 .text.Flash_Memory_Write_Payload
                0x080045f4       0xac ./Source/bootloader/bootloader.o
 .text.Bootloader_Memory_Write
                0x080046a0      0x160 ./Source/bootloader/bootloader.o
 .text.Bootloader_CRC_Verify
                0x08004800       0x70 ./Source/bootloader/bootloader.o
 .text.Bootloader_Send_NACK
                0x08004870       0x1c ./Source/bootloader/bootloader.o
 .text.Bootloader_Send_Data_To_Host
                0x0800488c       0x1e ./Source/bootloader/bootloader.o
 *fill*         0x080048aa        0x2 
 .text.Firmware_CRC_Verification
                0x080048ac       0x78 ./Source/bootloader/bootloader.o
 .text.Set_Firmware_Version
                0x08004924       0x7c ./Source/bootloader/bootloader.o
 .text.Get_Firmware_Version
                0x080049a0       0xb8 ./Source/bootloader/bootloader.o
 .text.Flash_Write_Metadata
                0x08004a58       0xd4 ./Source/bootloader/bootloader.o
 .text.Flash_Read_Metadata
                0x08004b2c       0x6c ./Source/bootloader/bootloader.o
 .text.Firmware_Check_Available
                0x08004b98       0xac ./Source/bootloader/bootloader.o
 .text.Flash_CopyData
                0x08004c44       0xa8 ./Source/bootloader/bootloader.o
 .text.validate_no_init_vars
                0x08004cec       0x64 ./Source/bootloader/bootloader.o
                0x08004cec                validate_no_init_vars
 .text.EnableBackupRAM
                0x08004d50       0x48 ./Source/bootloader/bootloader.o
 .text.DisableBackupRAM
                0x08004d98       0x20 ./Source/bootloader/bootloader.o
 .text.SchedulerSysTickIntHandler
                0x08004db8       0x34 ./Source/scheduler/scheduler.o
                0x08004db8                SchedulerSysTickIntHandler
 .text.SchedulerInit
                0x08004dec       0x44 ./Source/scheduler/scheduler.o
                0x08004dec                SchedulerInit
 .text.SchedulerRun
                0x08004e30       0x74 ./Source/scheduler/scheduler.o
                0x08004e30                SchedulerRun
 .text.SchedulerElapsedTicksGet
                0x08004ea4       0x24 ./Source/scheduler/scheduler.o
                0x08004ea4                SchedulerElapsedTicksGet
 .text.SchedulerElapsedTicksCalc
                0x08004ec8       0x1c ./Source/scheduler/scheduler.o
                0x08004ec8                SchedulerElapsedTicksCalc
 .text.memset   0x08004ee4       0x10 C:/ST/STM32CubeIDE_1.19.0/STM32CubeIDE/plugins/com.st.stm32cube.ide.mcu.externaltools.gnu-tools-for-stm32.13.3.rel1.win32_1.0.0.202411081344/tools/bin/../lib/gcc/arm-none-eabi/13.3.1/../../../../arm-none-eabi/lib/thumb/v7e-m+dp/hard\libc_nano.a(libc_a-memset.o)
                0x08004ee4                memset
 .text.__libc_init_array
                0x08004ef4       0x48 C:/ST/STM32CubeIDE_1.19.0/STM32CubeIDE/plugins/com.st.stm32cube.ide.mcu.externaltools.gnu-tools-for-stm32.13.3.rel1.win32_1.0.0.202411081344/tools/bin/../lib/gcc/arm-none-eabi/13.3.1/../../../../arm-none-eabi/lib/thumb/v7e-m+dp/hard\libc_nano.a(libc_a-init.o)
                0x08004ef4                __libc_init_array
 .text.memcpy   0x08004f3c       0x1c C:/ST/STM32CubeIDE_1.19.0/STM32CubeIDE/plugins/com.st.stm32cube.ide.mcu.externaltools.gnu-tools-for-stm32.13.3.rel1.win32_1.0.0.202411081344/tools/bin/../lib/gcc/arm-none-eabi/13.3.1/../../../../arm-none-eabi/lib/thumb/v7e-m+dp/hard\libc_nano.a(libc_a-memcpy-stub.o)
                0x08004f3c                memcpy
 .text.ceil     0x08004f58       0xe8 C:/ST/STM32CubeIDE_1.19.0/STM32CubeIDE/plugins/com.st.stm32cube.ide.mcu.externaltools.gnu-tools-for-stm32.13.3.rel1.win32_1.0.0.202411081344/tools/bin/../lib/gcc/arm-none-eabi/13.3.1/../../../../arm-none-eabi/lib/thumb/v7e-m+dp/hard\libm.a(libm_a-s_ceil.o)
                0x08004f58                ceil
 *(.glue_7)
 .glue_7        0x08005040        0x0 linker stubs
 *(.glue_7t)
 .glue_7t       0x08005040        0x0 linker stubs
 *(.eh_frame)
 .eh_frame      0x08005040        0x0 C:/ST/STM32CubeIDE_1.19.0/STM32CubeIDE/plugins/com.st.stm32cube.ide.mcu.externaltools.gnu-tools-for-stm32.13.3.rel1.win32_1.0.0.202411081344/tools/bin/../lib/gcc/arm-none-eabi/13.3.1/thumb/v7e-m+dp/hard/crtbegin.o
 *(.init)
 .init          0x08005040        0x4 C:/ST/STM32CubeIDE_1.19.0/STM32CubeIDE/plugins/com.st.stm32cube.ide.mcu.externaltools.gnu-tools-for-stm32.13.3.rel1.win32_1.0.0.202411081344/tools/bin/../lib/gcc/arm-none-eabi/13.3.1/thumb/v7e-m+dp/hard/crti.o
                0x08005040                _init
 .init          0x08005044        0x8 C:/ST/STM32CubeIDE_1.19.0/STM32CubeIDE/plugins/com.st.stm32cube.ide.mcu.externaltools.gnu-tools-for-stm32.13.3.rel1.win32_1.0.0.202411081344/tools/bin/../lib/gcc/arm-none-eabi/13.3.1/thumb/v7e-m+dp/hard/crtn.o
 *(.fini)
 .fini          0x0800504c        0x4 C:/ST/STM32CubeIDE_1.19.0/STM32CubeIDE/plugins/com.st.stm32cube.ide.mcu.externaltools.gnu-tools-for-stm32.13.3.rel1.win32_1.0.0.202411081344/tools/bin/../lib/gcc/arm-none-eabi/13.3.1/thumb/v7e-m+dp/hard/crti.o
                0x0800504c                _fini
 .fini          0x08005050        0x8 C:/ST/STM32CubeIDE_1.19.0/STM32CubeIDE/plugins/com.st.stm32cube.ide.mcu.externaltools.gnu-tools-for-stm32.13.3.rel1.win32_1.0.0.202411081344/tools/bin/../lib/gcc/arm-none-eabi/13.3.1/thumb/v7e-m+dp/hard/crtn.o
                0x08005058                        . = ALIGN (0x4)
                0x08005058                        _etext = .

.vfp11_veneer   0x08005058        0x0
 .vfp11_veneer  0x08005058        0x0 linker stubs

.v4_bx          0x08005058        0x0
 .v4_bx         0x08005058        0x0 linker stubs

.iplt           0x08005058        0x0
 .iplt          0x08005058        0x0 C:/ST/STM32CubeIDE_1.19.0/STM32CubeIDE/plugins/com.st.stm32cube.ide.mcu.externaltools.gnu-tools-for-stm32.13.3.rel1.win32_1.0.0.202411081344/tools/bin/../lib/gcc/arm-none-eabi/13.3.1/thumb/v7e-m+dp/hard/crtbegin.o

.rodata         0x08005058       0x1c
                0x08005058                        . = ALIGN (0x4)
 *(.rodata)
 .rodata        0x08005058        0x3 ./Source/bootloader/bootloader.o
 *(.rodata*)
 *fill*         0x0800505b        0x1 
 .rodata.AHBPrescTable
                0x0800505c       0x10 ./Core/Src/system_stm32f7xx.o
                0x0800505c                AHBPrescTable
 .rodata.APBPrescTable
                0x0800506c        0x8 ./Core/Src/system_stm32f7xx.o
                0x0800506c                APBPrescTable
                0x08005074                        . = ALIGN (0x4)

.ARM.extab      0x08005074        0x0
                0x08005074                        . = ALIGN (0x4)
 *(.ARM.extab* .gnu.linkonce.armextab.*)
                0x08005074                        . = ALIGN (0x4)

.ARM            0x08005074        0x8
                0x08005074                        . = ALIGN (0x4)
                0x08005074                        __exidx_start = .
 *(.ARM.exidx*)
 .ARM.exidx     0x08005074        0x8 C:/ST/STM32CubeIDE_1.19.0/STM32CubeIDE/plugins/com.st.stm32cube.ide.mcu.externaltools.gnu-tools-for-stm32.13.3.rel1.win32_1.0.0.202411081344/tools/bin/../lib/gcc/arm-none-eabi/13.3.1/thumb/v7e-m+dp/hard\libgcc.a(_udivmoddi4.o)
                0x0800507c                        __exidx_end = .
                0x0800507c                        . = ALIGN (0x4)

.preinit_array  0x0800507c        0x0
                0x0800507c                        . = ALIGN (0x4)
                0x0800507c                        PROVIDE (__preinit_array_start = .)
 *(.preinit_array*)
                0x0800507c                        PROVIDE (__preinit_array_end = .)
                0x0800507c                        . = ALIGN (0x4)

.init_array     0x0800507c        0x4
                0x0800507c                        . = ALIGN (0x4)
                0x0800507c                        PROVIDE (__init_array_start = .)
 *(SORT_BY_NAME(.init_array.*))
 *(.init_array*)
 .init_array    0x0800507c        0x4 C:/ST/STM32CubeIDE_1.19.0/STM32CubeIDE/plugins/com.st.stm32cube.ide.mcu.externaltools.gnu-tools-for-stm32.13.3.rel1.win32_1.0.0.202411081344/tools/bin/../lib/gcc/arm-none-eabi/13.3.1/thumb/v7e-m+dp/hard/crtbegin.o
                0x08005080                        PROVIDE (__init_array_end = .)
                0x08005080                        . = ALIGN (0x4)

.fini_array     0x08005080        0x4
                0x08005080                        . = ALIGN (0x4)
                [!provide]                        PROVIDE (__fini_array_start = .)
 *(SORT_BY_NAME(.fini_array.*))
 *(.fini_array*)
 .fini_array    0x08005080        0x4 C:/ST/STM32CubeIDE_1.19.0/STM32CubeIDE/plugins/com.st.stm32cube.ide.mcu.externaltools.gnu-tools-for-stm32.13.3.rel1.win32_1.0.0.202411081344/tools/bin/../lib/gcc/arm-none-eabi/13.3.1/thumb/v7e-m+dp/hard/crtbegin.o
                [!provide]                        PROVIDE (__fini_array_end = .)
                0x08005084                        . = ALIGN (0x4)
                0x08005084                        _sidata = LOADADDR (.data)

.rel.dyn        0x08005084        0x0
 .rel.iplt      0x08005084        0x0 C:/ST/STM32CubeIDE_1.19.0/STM32CubeIDE/plugins/com.st.stm32cube.ide.mcu.externaltools.gnu-tools-for-stm32.13.3.rel1.win32_1.0.0.202411081344/tools/bin/../lib/gcc/arm-none-eabi/13.3.1/thumb/v7e-m+dp/hard/crtbegin.o

.data           0x20000000       0x54 load address 0x08005084
                0x20000000                        . = ALIGN (0x4)
                0x20000000                        _sdata = .
 *(.data)
 *(.data*)
 .data.g_ui32SchedulerNumTasks
                0x20000000        0x4 ./Core/Src/main.o
                0x20000000                g_ui32SchedulerNumTasks
 .data.g_psSchedulerTable
                0x20000004       0x3c ./Core/Src/main.o
                0x20000004                g_psSchedulerTable
 .data.SystemCoreClock
                0x20000040        0x4 ./Core/Src/system_stm32f7xx.o
                0x20000040                SystemCoreClock
 .data.uwTickPrio
                0x20000044        0x4 ./Drivers/STM32F7xx_HAL_Driver/Src/stm32f7xx_hal.o
                0x20000044                uwTickPrio
 .data.uwTickFreq
                0x20000048        0x1 ./Drivers/STM32F7xx_HAL_Driver/Src/stm32f7xx_hal.o
                0x20000048                uwTickFreq
 *fill*         0x20000049        0x3 
 .data.p_UART7_meta
                0x2000004c        0x4 ./Source/UART/UART.o
                0x2000004c                p_UART7_meta
 .data.SchedulerTickPerSecond
                0x20000050        0x4 ./Source/scheduler/scheduler.o
 *(.RamFunc)
 *(.RamFunc*)
                0x20000054                        . = ALIGN (0x4)
                0x20000054                        _edata = .

.igot.plt       0x20000054        0x0 load address 0x080050d8
 .igot.plt      0x20000054        0x0 C:/ST/STM32CubeIDE_1.19.0/STM32CubeIDE/plugins/com.st.stm32cube.ide.mcu.externaltools.gnu-tools-for-stm32.13.3.rel1.win32_1.0.0.202411081344/tools/bin/../lib/gcc/arm-none-eabi/13.3.1/thumb/v7e-m+dp/hard/crtbegin.o
                0x20000054                        . = ALIGN (0x4)

.bss            0x20000054      0x328 load address 0x080050d8
                0x20000054                        _sbss = .
                0x20000054                        __bss_start__ = _sbss
 *(.bss)
 .bss           0x20000054       0x1c C:/ST/STM32CubeIDE_1.19.0/STM32CubeIDE/plugins/com.st.stm32cube.ide.mcu.externaltools.gnu-tools-for-stm32.13.3.rel1.win32_1.0.0.202411081344/tools/bin/../lib/gcc/arm-none-eabi/13.3.1/thumb/v7e-m+dp/hard/crtbegin.o
 *(.bss*)
 .bss.hcrc      0x20000070       0x24 ./Core/Src/main.o
                0x20000070                hcrc
 .bss.uwTick    0x20000094        0x4 ./Drivers/STM32F7xx_HAL_Driver/Src/stm32f7xx_hal.o
                0x20000094                uwTick
 .bss.pFlash    0x20000098       0x1c ./Drivers/STM32F7xx_HAL_Driver/Src/stm32f7xx_hal_flash.o
                0x20000098                pFlash
 .bss.UART7_meta
                0x200000b4      0x20e ./Source/UART/UART.o
                0x200000b4                UART7_meta
 *fill*         0x200002c2        0x2 
 .bss.Temp_Firmware
                0x200002c4       0x10 ./Source/bootloader/bootloader.o
                0x200002c4                Temp_Firmware
 .bss.Address_to_write
                0x200002d4        0x4 ./Source/bootloader/bootloader.o
 .bss.boot_timeout
                0x200002d8        0x4 ./Source/bootloader/bootloader.o
                0x200002d8                boot_timeout
 .bss.BL_Host_Buffer
                0x200002dc       0x96 ./Source/bootloader/bootloader.o
 .bss.frame_index
                0x20000372        0x1 ./Source/bootloader/bootloader.o
                0x20000372                frame_index
 .bss.frame_length
                0x20000373        0x1 ./Source/bootloader/bootloader.o
                0x20000373                frame_length
 .bss.receiving_frame
                0x20000374        0x1 ./Source/bootloader/bootloader.o
                0x20000374                receiving_frame
 *fill*         0x20000375        0x1 
 .bss.frame_timeout
                0x20000376        0x2 ./Source/bootloader/bootloader.o
                0x20000376                frame_timeout
 .bss.g_ui32SchedulerTickCount
                0x20000378        0x4 ./Source/scheduler/scheduler.o
 *(COMMON)
                0x2000037c                        . = ALIGN (0x4)
                0x2000037c                        _ebss = .
                0x2000037c                        __bss_end__ = _ebss

._user_heap_stack
                0x2000037c      0x604 load address 0x080050d8
                0x20000380                        . = ALIGN (0x8)
 *fill*         0x2000037c        0x4 
                [!provide]                        PROVIDE (end = .)
                0x20000380                        PROVIDE (_end = .)
                0x20000580                        . = (. + _Min_Heap_Size)
 *fill*         0x20000380      0x200 
                0x20000980                        . = (. + _Min_Stack_Size)
 *fill*         0x20000580      0x400 
                0x20000980                        . = ALIGN (0x8)

.bkpram         0x40024000        0xc
 *(.bkpram .bkpram.*)
 .bkpram        0x40024000        0xc ./Source/bootloader/bootloader.o
                0x40024000                no_init_vars
                0x4002400c                        . = ALIGN (0x4)

/DISCARD/
 libc.a(*)
 libm.a(*)
 libgcc.a(*)

.ARM.attributes
                0x00000000       0x2e
 *(.ARM.attributes)
 .ARM.attributes
                0x00000000       0x20 C:/ST/STM32CubeIDE_1.19.0/STM32CubeIDE/plugins/com.st.stm32cube.ide.mcu.externaltools.gnu-tools-for-stm32.13.3.rel1.win32_1.0.0.202411081344/tools/bin/../lib/gcc/arm-none-eabi/13.3.1/thumb/v7e-m+dp/hard/crti.o
 .ARM.attributes
                0x00000020       0x32 C:/ST/STM32CubeIDE_1.19.0/STM32CubeIDE/plugins/com.st.stm32cube.ide.mcu.externaltools.gnu-tools-for-stm32.13.3.rel1.win32_1.0.0.202411081344/tools/bin/../lib/gcc/arm-none-eabi/13.3.1/thumb/v7e-m+dp/hard/crtbegin.o
 .ARM.attributes
                0x00000052       0x32 ./Core/Src/main.o
 .ARM.attributes
                0x00000084       0x32 ./Core/Src/stm32f7xx_hal_msp.o
 .ARM.attributes
                0x000000b6       0x32 ./Core/Src/stm32f7xx_it.o
 .ARM.attributes
                0x000000e8       0x32 ./Core/Src/system_stm32f7xx.o
 .ARM.attributes
                0x0000011a       0x21 ./Core/Startup/startup_stm32f765vgtx.o
 .ARM.attributes
                0x0000013b       0x32 ./Drivers/STM32F7xx_HAL_Driver/Src/stm32f7xx_hal.o
 .ARM.attributes
                0x0000016d       0x32 ./Drivers/STM32F7xx_HAL_Driver/Src/stm32f7xx_hal_cortex.o
 .ARM.attributes
                0x0000019f       0x32 ./Drivers/STM32F7xx_HAL_Driver/Src/stm32f7xx_hal_crc.o
 .ARM.attributes
                0x000001d1       0x32 ./Drivers/STM32F7xx_HAL_Driver/Src/stm32f7xx_hal_crc_ex.o
 .ARM.attributes
                0x00000203       0x32 ./Drivers/STM32F7xx_HAL_Driver/Src/stm32f7xx_hal_flash.o
 .ARM.attributes
                0x00000235       0x32 ./Drivers/STM32F7xx_HAL_Driver/Src/stm32f7xx_hal_flash_ex.o
 .ARM.attributes
                0x00000267       0x32 ./Drivers/STM32F7xx_HAL_Driver/Src/stm32f7xx_hal_gpio.o
 .ARM.attributes
                0x00000299       0x32 ./Drivers/STM32F7xx_HAL_Driver/Src/stm32f7xx_hal_pwr.o
 .ARM.attributes
                0x000002cb       0x32 ./Drivers/STM32F7xx_HAL_Driver/Src/stm32f7xx_hal_pwr_ex.o
 .ARM.attributes
                0x000002fd       0x32 ./Drivers/STM32F7xx_HAL_Driver/Src/stm32f7xx_hal_rcc.o
 .ARM.attributes
                0x0000032f       0x32 ./Drivers/STM32F7xx_HAL_Driver/Src/stm32f7xx_hal_rcc_ex.o
 .ARM.attributes
                0x00000361       0x32 ./Drivers/STM32F7xx_HAL_Driver/Src/stm32f7xx_ll_gpio.o
 .ARM.attributes
                0x00000393       0x32 ./Drivers/STM32F7xx_HAL_Driver/Src/stm32f7xx_ll_rcc.o
 .ARM.attributes
                0x000003c5       0x32 ./Drivers/STM32F7xx_HAL_Driver/Src/stm32f7xx_ll_usart.o
 .ARM.attributes
                0x000003f7       0x32 ./Source/UART/RingBuffer.o
 .ARM.attributes
                0x00000429       0x32 ./Source/UART/UART.o
 .ARM.attributes
                0x0000045b       0x32 ./Source/bootloader/bootloader.o
 .ARM.attributes
                0x0000048d       0x32 ./Source/scheduler/scheduler.o
 .ARM.attributes
                0x000004bf       0x32 C:/ST/STM32CubeIDE_1.19.0/STM32CubeIDE/plugins/com.st.stm32cube.ide.mcu.externaltools.gnu-tools-for-stm32.13.3.rel1.win32_1.0.0.202411081344/tools/bin/../lib/gcc/arm-none-eabi/13.3.1/../../../../arm-none-eabi/lib/thumb/v7e-m+dp/hard\libc_nano.a(libc_a-memset.o)
 .ARM.attributes
                0x000004f1       0x32 C:/ST/STM32CubeIDE_1.19.0/STM32CubeIDE/plugins/com.st.stm32cube.ide.mcu.externaltools.gnu-tools-for-stm32.13.3.rel1.win32_1.0.0.202411081344/tools/bin/../lib/gcc/arm-none-eabi/13.3.1/../../../../arm-none-eabi/lib/thumb/v7e-m+dp/hard\libc_nano.a(libc_a-init.o)
 .ARM.attributes
                0x00000523       0x32 C:/ST/STM32CubeIDE_1.19.0/STM32CubeIDE/plugins/com.st.stm32cube.ide.mcu.externaltools.gnu-tools-for-stm32.13.3.rel1.win32_1.0.0.202411081344/tools/bin/../lib/gcc/arm-none-eabi/13.3.1/../../../../arm-none-eabi/lib/thumb/v7e-m+dp/hard\libc_nano.a(libc_a-memcpy-stub.o)
 .ARM.attributes
                0x00000555       0x32 C:/ST/STM32CubeIDE_1.19.0/STM32CubeIDE/plugins/com.st.stm32cube.ide.mcu.externaltools.gnu-tools-for-stm32.13.3.rel1.win32_1.0.0.202411081344/tools/bin/../lib/gcc/arm-none-eabi/13.3.1/../../../../arm-none-eabi/lib/thumb/v7e-m+dp/hard\libm.a(libm_a-s_ceil.o)
 .ARM.attributes
                0x00000587       0x20 C:/ST/STM32CubeIDE_1.19.0/STM32CubeIDE/plugins/com.st.stm32cube.ide.mcu.externaltools.gnu-tools-for-stm32.13.3.rel1.win32_1.0.0.202411081344/tools/bin/../lib/gcc/arm-none-eabi/13.3.1/thumb/v7e-m+dp/hard\libgcc.a(_aeabi_uldivmod.o)
 .ARM.attributes
                0x000005a7       0x32 C:/ST/STM32CubeIDE_1.19.0/STM32CubeIDE/plugins/com.st.stm32cube.ide.mcu.externaltools.gnu-tools-for-stm32.13.3.rel1.win32_1.0.0.202411081344/tools/bin/../lib/gcc/arm-none-eabi/13.3.1/thumb/v7e-m+dp/hard\libgcc.a(_udivmoddi4.o)
 .ARM.attributes
                0x000005d9       0x20 C:/ST/STM32CubeIDE_1.19.0/STM32CubeIDE/plugins/com.st.stm32cube.ide.mcu.externaltools.gnu-tools-for-stm32.13.3.rel1.win32_1.0.0.202411081344/tools/bin/../lib/gcc/arm-none-eabi/13.3.1/thumb/v7e-m+dp/hard\libgcc.a(_dvmd_tls.o)
 .ARM.attributes
                0x000005f9       0x20 C:/ST/STM32CubeIDE_1.19.0/STM32CubeIDE/plugins/com.st.stm32cube.ide.mcu.externaltools.gnu-tools-for-stm32.13.3.rel1.win32_1.0.0.202411081344/tools/bin/../lib/gcc/arm-none-eabi/13.3.1/thumb/v7e-m+dp/hard/crtn.o
OUTPUT(EXP_FOTA.elf elf32-littlearm)
LOAD linker stubs
LOAD C:/ST/STM32CubeIDE_1.19.0/STM32CubeIDE/plugins/com.st.stm32cube.ide.mcu.externaltools.gnu-tools-for-stm32.13.3.rel1.win32_1.0.0.202411081344/tools/bin/../lib/gcc/arm-none-eabi/13.3.1/../../../../arm-none-eabi/lib/thumb/v7e-m+dp/hard\libc.a
LOAD C:/ST/STM32CubeIDE_1.19.0/STM32CubeIDE/plugins/com.st.stm32cube.ide.mcu.externaltools.gnu-tools-for-stm32.13.3.rel1.win32_1.0.0.202411081344/tools/bin/../lib/gcc/arm-none-eabi/13.3.1/../../../../arm-none-eabi/lib/thumb/v7e-m+dp/hard\libm.a
LOAD C:/ST/STM32CubeIDE_1.19.0/STM32CubeIDE/plugins/com.st.stm32cube.ide.mcu.externaltools.gnu-tools-for-stm32.13.3.rel1.win32_1.0.0.202411081344/tools/bin/../lib/gcc/arm-none-eabi/13.3.1/thumb/v7e-m+dp/hard\libgcc.a

.debug_info     0x00000000     0xc125
 .debug_info    0x00000000     0x1930 ./Core/Src/main.o
 .debug_info    0x00001930      0x509 ./Core/Src/stm32f7xx_hal_msp.o
 .debug_info    0x00001e39      0x17a ./Core/Src/stm32f7xx_it.o
 .debug_info    0x00001fb3      0x6ed ./Core/Src/system_stm32f7xx.o
 .debug_info    0x000026a0       0x30 ./Core/Startup/startup_stm32f765vgtx.o
 .debug_info    0x000026d0      0xa3a ./Drivers/STM32F7xx_HAL_Driver/Src/stm32f7xx_hal.o
 .debug_info    0x0000310a      0xfae ./Drivers/STM32F7xx_HAL_Driver/Src/stm32f7xx_hal_cortex.o
 .debug_info    0x000040b8      0x530 ./Drivers/STM32F7xx_HAL_Driver/Src/stm32f7xx_hal_crc.o
 .debug_info    0x000045e8      0x35b ./Drivers/STM32F7xx_HAL_Driver/Src/stm32f7xx_hal_crc_ex.o
 .debug_info    0x00004943      0x5a7 ./Drivers/STM32F7xx_HAL_Driver/Src/stm32f7xx_hal_flash.o
 .debug_info    0x00004eea      0x71d ./Drivers/STM32F7xx_HAL_Driver/Src/stm32f7xx_hal_flash_ex.o
 .debug_info    0x00005607      0x6f3 ./Drivers/STM32F7xx_HAL_Driver/Src/stm32f7xx_hal_gpio.o
 .debug_info    0x00005cfa      0x90e ./Drivers/STM32F7xx_HAL_Driver/Src/stm32f7xx_hal_pwr.o
 .debug_info    0x00006608      0x8cd ./Drivers/STM32F7xx_HAL_Driver/Src/stm32f7xx_hal_pwr_ex.o
 .debug_info    0x00006ed5      0x94b ./Drivers/STM32F7xx_HAL_Driver/Src/stm32f7xx_hal_rcc.o
 .debug_info    0x00007820      0x6e1 ./Drivers/STM32F7xx_HAL_Driver/Src/stm32f7xx_hal_rcc_ex.o
 .debug_info    0x00007f01      0x7de ./Drivers/STM32F7xx_HAL_Driver/Src/stm32f7xx_ll_gpio.o
 .debug_info    0x000086df      0xce2 ./Drivers/STM32F7xx_HAL_Driver/Src/stm32f7xx_ll_rcc.o
 .debug_info    0x000093c1      0x701 ./Drivers/STM32F7xx_HAL_Driver/Src/stm32f7xx_ll_usart.o
 .debug_info    0x00009ac2      0x280 ./Source/UART/RingBuffer.o
 .debug_info    0x00009d42      0x930 ./Source/UART/UART.o
 .debug_info    0x0000a672     0x1755 ./Source/bootloader/bootloader.o
 .debug_info    0x0000bdc7      0x35e ./Source/scheduler/scheduler.o

.debug_abbrev   0x00000000     0x2efe
 .debug_abbrev  0x00000000      0x37c ./Core/Src/main.o
 .debug_abbrev  0x0000037c      0x15a ./Core/Src/stm32f7xx_hal_msp.o
 .debug_abbrev  0x000004d6       0xac ./Core/Src/stm32f7xx_it.o
 .debug_abbrev  0x00000582      0x13b ./Core/Src/system_stm32f7xx.o
 .debug_abbrev  0x000006bd       0x24 ./Core/Startup/startup_stm32f765vgtx.o
 .debug_abbrev  0x000006e1      0x213 ./Drivers/STM32F7xx_HAL_Driver/Src/stm32f7xx_hal.o
 .debug_abbrev  0x000008f4      0x31e ./Drivers/STM32F7xx_HAL_Driver/Src/stm32f7xx_hal_cortex.o
 .debug_abbrev  0x00000c12      0x1ee ./Drivers/STM32F7xx_HAL_Driver/Src/stm32f7xx_hal_crc.o
 .debug_abbrev  0x00000e00      0x151 ./Drivers/STM32F7xx_HAL_Driver/Src/stm32f7xx_hal_crc_ex.o
 .debug_abbrev  0x00000f51      0x27e ./Drivers/STM32F7xx_HAL_Driver/Src/stm32f7xx_hal_flash.o
 .debug_abbrev  0x000011cf      0x24c ./Drivers/STM32F7xx_HAL_Driver/Src/stm32f7xx_hal_flash_ex.o
 .debug_abbrev  0x0000141b      0x1d4 ./Drivers/STM32F7xx_HAL_Driver/Src/stm32f7xx_hal_gpio.o
 .debug_abbrev  0x000015ef      0x1c5 ./Drivers/STM32F7xx_HAL_Driver/Src/stm32f7xx_hal_pwr.o
 .debug_abbrev  0x000017b4      0x1d5 ./Drivers/STM32F7xx_HAL_Driver/Src/stm32f7xx_hal_pwr_ex.o
 .debug_abbrev  0x00001989      0x2de ./Drivers/STM32F7xx_HAL_Driver/Src/stm32f7xx_hal_rcc.o
 .debug_abbrev  0x00001c67      0x1c9 ./Drivers/STM32F7xx_HAL_Driver/Src/stm32f7xx_hal_rcc_ex.o
 .debug_abbrev  0x00001e30      0x220 ./Drivers/STM32F7xx_HAL_Driver/Src/stm32f7xx_ll_gpio.o
 .debug_abbrev  0x00002050      0x1ee ./Drivers/STM32F7xx_HAL_Driver/Src/stm32f7xx_ll_rcc.o
 .debug_abbrev  0x0000223e      0x1df ./Drivers/STM32F7xx_HAL_Driver/Src/stm32f7xx_ll_usart.o
 .debug_abbrev  0x0000241d      0x137 ./Source/UART/RingBuffer.o
 .debug_abbrev  0x00002554      0x323 ./Source/UART/UART.o
 .debug_abbrev  0x00002877      0x49d ./Source/bootloader/bootloader.o
 .debug_abbrev  0x00002d14      0x1ea ./Source/scheduler/scheduler.o

.debug_aranges  0x00000000      0xd90
 .debug_aranges
                0x00000000       0x98 ./Core/Src/main.o
 .debug_aranges
                0x00000098       0x30 ./Core/Src/stm32f7xx_hal_msp.o
 .debug_aranges
                0x000000c8       0x60 ./Core/Src/stm32f7xx_it.o
 .debug_aranges
                0x00000128       0x28 ./Core/Src/system_stm32f7xx.o
 .debug_aranges
                0x00000150       0x28 ./Core/Startup/startup_stm32f765vgtx.o
 .debug_aranges
                0x00000178      0x110 ./Drivers/STM32F7xx_HAL_Driver/Src/stm32f7xx_hal.o
 .debug_aranges
                0x00000288      0x128 ./Drivers/STM32F7xx_HAL_Driver/Src/stm32f7xx_hal_cortex.o
 .debug_aranges
                0x000003b0       0x60 ./Drivers/STM32F7xx_HAL_Driver/Src/stm32f7xx_hal_crc.o
 .debug_aranges
                0x00000410       0x30 ./Drivers/STM32F7xx_HAL_Driver/Src/stm32f7xx_hal_crc_ex.o
 .debug_aranges
                0x00000440       0xa0 ./Drivers/STM32F7xx_HAL_Driver/Src/stm32f7xx_hal_flash.o
 .debug_aranges
                0x000004e0       0xa0 ./Drivers/STM32F7xx_HAL_Driver/Src/stm32f7xx_hal_flash_ex.o
 .debug_aranges
                0x00000580       0x58 ./Drivers/STM32F7xx_HAL_Driver/Src/stm32f7xx_hal_gpio.o
 .debug_aranges
                0x000005d8       0xa0 ./Drivers/STM32F7xx_HAL_Driver/Src/stm32f7xx_hal_pwr.o
 .debug_aranges
                0x00000678       0x80 ./Drivers/STM32F7xx_HAL_Driver/Src/stm32f7xx_hal_pwr_ex.o
 .debug_aranges
                0x000006f8       0x88 ./Drivers/STM32F7xx_HAL_Driver/Src/stm32f7xx_hal_rcc.o
 .debug_aranges
                0x00000780       0x50 ./Drivers/STM32F7xx_HAL_Driver/Src/stm32f7xx_hal_rcc_ex.o
 .debug_aranges
                0x000007d0       0x70 ./Drivers/STM32F7xx_HAL_Driver/Src/stm32f7xx_ll_gpio.o
 .debug_aranges
                0x00000840      0x228 ./Drivers/STM32F7xx_HAL_Driver/Src/stm32f7xx_ll_rcc.o
 .debug_aranges
                0x00000a68       0x88 ./Drivers/STM32F7xx_HAL_Driver/Src/stm32f7xx_ll_usart.o
 .debug_aranges
                0x00000af0       0x48 ./Source/UART/RingBuffer.o
 .debug_aranges
                0x00000b38       0xf0 ./Source/UART/UART.o
 .debug_aranges
                0x00000c28      0x108 ./Source/bootloader/bootloader.o
 .debug_aranges
                0x00000d30       0x60 ./Source/scheduler/scheduler.o

.debug_rnglists
                0x00000000      0x9f7
 .debug_rnglists
                0x00000000       0x70 ./Core/Src/main.o
 .debug_rnglists
                0x00000070       0x1f ./Core/Src/stm32f7xx_hal_msp.o
 .debug_rnglists
                0x0000008f       0x43 ./Core/Src/stm32f7xx_it.o
 .debug_rnglists
                0x000000d2       0x1a ./Core/Src/system_stm32f7xx.o
 .debug_rnglists
                0x000000ec       0x19 ./Core/Startup/startup_stm32f765vgtx.o
 .debug_rnglists
                0x00000105       0xc7 ./Drivers/STM32F7xx_HAL_Driver/Src/stm32f7xx_hal.o
 .debug_rnglists
                0x000001cc       0xda ./Drivers/STM32F7xx_HAL_Driver/Src/stm32f7xx_hal_cortex.o
 .debug_rnglists
                0x000002a6       0x47 ./Drivers/STM32F7xx_HAL_Driver/Src/stm32f7xx_hal_crc.o
 .debug_rnglists
                0x000002ed       0x20 ./Drivers/STM32F7xx_HAL_Driver/Src/stm32f7xx_hal_crc_ex.o
 .debug_rnglists
                0x0000030d       0x78 ./Drivers/STM32F7xx_HAL_Driver/Src/stm32f7xx_hal_flash.o
 .debug_rnglists
                0x00000385       0x77 ./Drivers/STM32F7xx_HAL_Driver/Src/stm32f7xx_hal_flash_ex.o
 .debug_rnglists
                0x000003fc       0x3f ./Drivers/STM32F7xx_HAL_Driver/Src/stm32f7xx_hal_gpio.o
 .debug_rnglists
                0x0000043b       0x74 ./Drivers/STM32F7xx_HAL_Driver/Src/stm32f7xx_hal_pwr.o
 .debug_rnglists
                0x000004af       0x5f ./Drivers/STM32F7xx_HAL_Driver/Src/stm32f7xx_hal_pwr_ex.o
 .debug_rnglists
                0x0000050e       0x67 ./Drivers/STM32F7xx_HAL_Driver/Src/stm32f7xx_hal_rcc.o
 .debug_rnglists
                0x00000575       0x3c ./Drivers/STM32F7xx_HAL_Driver/Src/stm32f7xx_hal_rcc_ex.o
 .debug_rnglists
                0x000005b1       0x51 ./Drivers/STM32F7xx_HAL_Driver/Src/stm32f7xx_ll_gpio.o
 .debug_rnglists
                0x00000602      0x1a0 ./Drivers/STM32F7xx_HAL_Driver/Src/stm32f7xx_ll_rcc.o
 .debug_rnglists
                0x000007a2       0x63 ./Drivers/STM32F7xx_HAL_Driver/Src/stm32f7xx_ll_usart.o
 .debug_rnglists
                0x00000805       0x31 ./Source/UART/RingBuffer.o
 .debug_rnglists
                0x00000836       0xb1 ./Source/UART/UART.o
 .debug_rnglists
                0x000008e7       0xcc ./Source/bootloader/bootloader.o
 .debug_rnglists
                0x000009b3       0x44 ./Source/scheduler/scheduler.o

.debug_macro    0x00000000    0x29d55
 .debug_macro   0x00000000      0x38d ./Core/Src/main.o
 .debug_macro   0x0000038d      0xaf6 ./Core/Src/main.o
 .debug_macro   0x00000e83      0x28d ./Core/Src/main.o
 .debug_macro   0x00001110       0x2e ./Core/Src/main.o
 .debug_macro   0x0000113e       0x3b ./Core/Src/main.o
 .debug_macro   0x00001179       0x22 ./Core/Src/main.o
 .debug_macro   0x0000119b       0x8e ./Core/Src/main.o
 .debug_macro   0x00001229       0x51 ./Core/Src/main.o
 .debug_macro   0x0000127a      0x103 ./Core/Src/main.o
 .debug_macro   0x0000137d       0x6a ./Core/Src/main.o
 .debug_macro   0x000013e7      0x1df ./Core/Src/main.o
 .debug_macro   0x000015c6       0x1c ./Core/Src/main.o
 .debug_macro   0x000015e2       0x22 ./Core/Src/main.o
 .debug_macro   0x00001604       0xd9 ./Core/Src/main.o
 .debug_macro   0x000016dd     0x12cd ./Core/Src/main.o
 .debug_macro   0x000029aa      0x11f ./Core/Src/main.o
 .debug_macro   0x00002ac9       0x19 ./Core/Src/main.o
 .debug_macro   0x00002ae2    0x19b32 ./Core/Src/main.o
 .debug_macro   0x0001c614       0x6d ./Core/Src/main.o
 .debug_macro   0x0001c681     0x375e ./Core/Src/main.o
 .debug_macro   0x0001fddf      0x190 ./Core/Src/main.o
 .debug_macro   0x0001ff6f       0x63 ./Core/Src/main.o
 .debug_macro   0x0001ffd2     0x1a43 ./Core/Src/main.o
 .debug_macro   0x00021a15      0x6c4 ./Core/Src/main.o
 .debug_macro   0x000220d9      0x18b ./Core/Src/main.o
 .debug_macro   0x00022264      0x115 ./Core/Src/main.o
 .debug_macro   0x00022379      0x259 ./Core/Src/main.o
 .debug_macro   0x000225d2       0xa5 ./Core/Src/main.o
 .debug_macro   0x00022677      0x24f ./Core/Src/main.o
 .debug_macro   0x000228c6       0x71 ./Core/Src/main.o
 .debug_macro   0x00022937       0x58 ./Core/Src/main.o
 .debug_macro   0x0002298f      0x236 ./Core/Src/main.o
 .debug_macro   0x00022bc5       0xc7 ./Core/Src/main.o
 .debug_macro   0x00022c8c       0x4c ./Core/Src/main.o
 .debug_macro   0x00022cd8      0x14e ./Core/Src/main.o
 .debug_macro   0x00022e26      0x3db ./Core/Src/main.o
 .debug_macro   0x00023201       0x12 ./Core/Src/main.o
 .debug_macro   0x00023213      0x22c ./Core/Src/main.o
 .debug_macro   0x0002343f       0x61 ./Core/Src/main.o
 .debug_macro   0x000234a0       0xa5 ./Core/Src/main.o
 .debug_macro   0x00023545      0x12e ./Core/Src/main.o
 .debug_macro   0x00023673      0x108 ./Core/Src/main.o
 .debug_macro   0x0002377b       0x35 ./Core/Src/main.o
 .debug_macro   0x000237b0      0x15b ./Core/Src/main.o
 .debug_macro   0x0002390b      0x2f7 ./Core/Src/main.o
 .debug_macro   0x00023c02      0xbee ./Core/Src/main.o
 .debug_macro   0x000247f0      0x262 ./Core/Src/main.o
 .debug_macro   0x00024a52      0x1a6 ./Core/Src/main.o
 .debug_macro   0x00024bf8      0x279 ./Core/Src/main.o
 .debug_macro   0x00024e71       0x61 ./Core/Src/main.o
 .debug_macro   0x00024ed2      0x12f ./Core/Src/main.o
 .debug_macro   0x00025001      0x149 ./Core/Src/main.o
 .debug_macro   0x0002514a      0x224 ./Core/Src/main.o
 .debug_macro   0x0002536e       0xf4 ./Core/Src/main.o
 .debug_macro   0x00025462       0x10 ./Core/Src/main.o
 .debug_macro   0x00025472       0x61 ./Core/Src/main.o
 .debug_macro   0x000254d3       0x29 ./Core/Src/main.o
 .debug_macro   0x000254fc       0x43 ./Core/Src/main.o
 .debug_macro   0x0002553f       0x34 ./Core/Src/main.o
 .debug_macro   0x00025573      0x370 ./Core/Src/main.o
 .debug_macro   0x000258e3       0x16 ./Core/Src/main.o
 .debug_macro   0x000258f9       0x4a ./Core/Src/main.o
 .debug_macro   0x00025943       0x34 ./Core/Src/main.o
 .debug_macro   0x00025977       0x10 ./Core/Src/main.o
 .debug_macro   0x00025987       0x58 ./Core/Src/main.o
 .debug_macro   0x000259df       0x8e ./Core/Src/main.o
 .debug_macro   0x00025a6d       0x1c ./Core/Src/main.o
 .debug_macro   0x00025a89      0x185 ./Core/Src/main.o
 .debug_macro   0x00025c0e      0x19b ./Core/Src/main.o
 .debug_macro   0x00025da9       0x58 ./Core/Src/main.o
 .debug_macro   0x00025e01       0x1c ./Core/Src/main.o
 .debug_macro   0x00025e1d       0x3c ./Core/Src/main.o
 .debug_macro   0x00025e59       0x1c ./Core/Src/main.o
 .debug_macro   0x00025e75       0x16 ./Core/Src/main.o
 .debug_macro   0x00025e8b      0x146 ./Core/Src/main.o
 .debug_macro   0x00025fd1       0x16 ./Core/Src/main.o
 .debug_macro   0x00025fe7       0x20 ./Core/Src/main.o
 .debug_macro   0x00026007       0x22 ./Core/Src/main.o
 .debug_macro   0x00026029       0xe2 ./Core/Src/main.o
 .debug_macro   0x0002610b      0x238 ./Core/Src/stm32f7xx_hal_msp.o
 .debug_macro   0x00026343      0x391 ./Core/Src/stm32f7xx_it.o
 .debug_macro   0x000266d4      0x1cf ./Core/Src/system_stm32f7xx.o
 .debug_macro   0x000268a3      0x1f3 ./Drivers/STM32F7xx_HAL_Driver/Src/stm32f7xx_hal.o
 .debug_macro   0x00026a96      0x1cf ./Drivers/STM32F7xx_HAL_Driver/Src/stm32f7xx_hal_cortex.o
 .debug_macro   0x00026c65      0x1cf ./Drivers/STM32F7xx_HAL_Driver/Src/stm32f7xx_hal_crc.o
 .debug_macro   0x00026e34      0x1cf ./Drivers/STM32F7xx_HAL_Driver/Src/stm32f7xx_hal_crc_ex.o
 .debug_macro   0x00027003      0x1db ./Drivers/STM32F7xx_HAL_Driver/Src/stm32f7xx_hal_flash.o
 .debug_macro   0x000271de      0x1db ./Drivers/STM32F7xx_HAL_Driver/Src/stm32f7xx_hal_flash_ex.o
 .debug_macro   0x000273b9      0x1d5 ./Drivers/STM32F7xx_HAL_Driver/Src/stm32f7xx_hal_gpio.o
 .debug_macro   0x0002758e      0x1ed ./Drivers/STM32F7xx_HAL_Driver/Src/stm32f7xx_hal_pwr.o
 .debug_macro   0x0002777b      0x1e7 ./Drivers/STM32F7xx_HAL_Driver/Src/stm32f7xx_hal_pwr_ex.o
 .debug_macro   0x00027962      0x1f3 ./Drivers/STM32F7xx_HAL_Driver/Src/stm32f7xx_hal_rcc.o
 .debug_macro   0x00027b55      0x1cf ./Drivers/STM32F7xx_HAL_Driver/Src/stm32f7xx_hal_rcc_ex.o
 .debug_macro   0x00027d24      0x211 ./Drivers/STM32F7xx_HAL_Driver/Src/stm32f7xx_ll_gpio.o
 .debug_macro   0x00027f35      0x143 ./Drivers/STM32F7xx_HAL_Driver/Src/stm32f7xx_ll_gpio.o
 .debug_macro   0x00028078      0x232 ./Drivers/STM32F7xx_HAL_Driver/Src/stm32f7xx_ll_rcc.o
 .debug_macro   0x000282aa      0xbe8 ./Drivers/STM32F7xx_HAL_Driver/Src/stm32f7xx_ll_rcc.o
 .debug_macro   0x00028e92      0x244 ./Drivers/STM32F7xx_HAL_Driver/Src/stm32f7xx_ll_usart.o
 .debug_macro   0x000290d6      0x2f1 ./Drivers/STM32F7xx_HAL_Driver/Src/stm32f7xx_ll_usart.o
 .debug_macro   0x000293c7       0x85 ./Source/UART/RingBuffer.o
 .debug_macro   0x0002944c      0x205 ./Source/UART/UART.o
 .debug_macro   0x00029651      0x37d ./Source/bootloader/bootloader.o
 .debug_macro   0x000299ce      0x387 ./Source/scheduler/scheduler.o

.debug_line     0x00000000    0x103cf
 .debug_line    0x00000000      0xd88 ./Core/Src/main.o
 .debug_line    0x00000d88      0x85e ./Core/Src/stm32f7xx_hal_msp.o
 .debug_line    0x000015e6      0xb3a ./Core/Src/stm32f7xx_it.o
 .debug_line    0x00002120      0x7c1 ./Core/Src/system_stm32f7xx.o
 .debug_line    0x000028e1       0x7a ./Core/Startup/startup_stm32f765vgtx.o
 .debug_line    0x0000295b      0xa95 ./Drivers/STM32F7xx_HAL_Driver/Src/stm32f7xx_hal.o
 .debug_line    0x000033f0      0xce5 ./Drivers/STM32F7xx_HAL_Driver/Src/stm32f7xx_hal_cortex.o
 .debug_line    0x000040d5      0x9ff ./Drivers/STM32F7xx_HAL_Driver/Src/stm32f7xx_hal_crc.o
 .debug_line    0x00004ad4      0x7fb ./Drivers/STM32F7xx_HAL_Driver/Src/stm32f7xx_hal_crc_ex.o
 .debug_line    0x000052cf      0xb3c ./Drivers/STM32F7xx_HAL_Driver/Src/stm32f7xx_hal_flash.o
 .debug_line    0x00005e0b      0xb8a ./Drivers/STM32F7xx_HAL_Driver/Src/stm32f7xx_hal_flash_ex.o
 .debug_line    0x00006995      0xbbf ./Drivers/STM32F7xx_HAL_Driver/Src/stm32f7xx_hal_gpio.o
 .debug_line    0x00007554      0x965 ./Drivers/STM32F7xx_HAL_Driver/Src/stm32f7xx_hal_pwr.o
 .debug_line    0x00007eb9      0xa35 ./Drivers/STM32F7xx_HAL_Driver/Src/stm32f7xx_hal_pwr_ex.o
 .debug_line    0x000088ee      0xf9a ./Drivers/STM32F7xx_HAL_Driver/Src/stm32f7xx_hal_rcc.o
 .debug_line    0x00009888      0xec1 ./Drivers/STM32F7xx_HAL_Driver/Src/stm32f7xx_hal_rcc_ex.o
 .debug_line    0x0000a749      0xaad ./Drivers/STM32F7xx_HAL_Driver/Src/stm32f7xx_ll_gpio.o
 .debug_line    0x0000b1f6     0x167b ./Drivers/STM32F7xx_HAL_Driver/Src/stm32f7xx_ll_rcc.o
 .debug_line    0x0000c871      0x9e2 ./Drivers/STM32F7xx_HAL_Driver/Src/stm32f7xx_ll_usart.o
 .debug_line    0x0000d253      0x56b ./Source/UART/RingBuffer.o
 .debug_line    0x0000d7be      0xc1a ./Source/UART/UART.o
 .debug_line    0x0000e3d8     0x1434 ./Source/bootloader/bootloader.o
 .debug_line    0x0000f80c      0xbc3 ./Source/scheduler/scheduler.o

.debug_str      0x00000000    0xf9158
 .debug_str     0x00000000    0xf9158 ./Core/Src/main.o
                              0xf63b5 (size before relaxing)
 .debug_str     0x000f9158    0xf0d05 ./Core/Src/stm32f7xx_hal_msp.o
 .debug_str     0x000f9158    0xf509b ./Core/Src/stm32f7xx_it.o
 .debug_str     0x000f9158    0xe23cb ./Core/Src/system_stm32f7xx.o
 .debug_str     0x000f9158       0x6a ./Core/Startup/startup_stm32f765vgtx.o
 .debug_str     0x000f9158    0xe2dea ./Drivers/STM32F7xx_HAL_Driver/Src/stm32f7xx_hal.o
 .debug_str     0x000f9158    0xe2dcc ./Drivers/STM32F7xx_HAL_Driver/Src/stm32f7xx_hal_cortex.o
 .debug_str     0x000f9158    0xe2406 ./Drivers/STM32F7xx_HAL_Driver/Src/stm32f7xx_hal_crc.o
 .debug_str     0x000f9158    0xe23c0 ./Drivers/STM32F7xx_HAL_Driver/Src/stm32f7xx_hal_crc_ex.o
 .debug_str     0x000f9158    0xe24ee ./Drivers/STM32F7xx_HAL_Driver/Src/stm32f7xx_hal_flash.o
 .debug_str     0x000f9158    0xe259f ./Drivers/STM32F7xx_HAL_Driver/Src/stm32f7xx_hal_flash_ex.o
 .debug_str     0x000f9158    0xe2489 ./Drivers/STM32F7xx_HAL_Driver/Src/stm32f7xx_hal_gpio.o
 .debug_str     0x000f9158    0xe266c ./Drivers/STM32F7xx_HAL_Driver/Src/stm32f7xx_hal_pwr.o
 .debug_str     0x000f9158    0xe263a ./Drivers/STM32F7xx_HAL_Driver/Src/stm32f7xx_hal_pwr_ex.o
 .debug_str     0x000f9158    0xe2746 ./Drivers/STM32F7xx_HAL_Driver/Src/stm32f7xx_hal_rcc.o
 .debug_str     0x000f9158    0xe26a9 ./Drivers/STM32F7xx_HAL_Driver/Src/stm32f7xx_hal_rcc_ex.o
 .debug_str     0x000f9158    0xe40b9 ./Drivers/STM32F7xx_HAL_Driver/Src/stm32f7xx_ll_gpio.o
 .debug_str     0x000f9158    0xeaccc ./Drivers/STM32F7xx_HAL_Driver/Src/stm32f7xx_ll_rcc.o
 .debug_str     0x000f9158    0xec8e4 ./Drivers/STM32F7xx_HAL_Driver/Src/stm32f7xx_ll_usart.o
 .debug_str     0x000f9158     0x46c4 ./Source/UART/RingBuffer.o
 .debug_str     0x000f9158    0xe36a3 ./Source/UART/UART.o
 .debug_str     0x000f9158    0xf5a9e ./Source/bootloader/bootloader.o
 .debug_str     0x000f9158    0xf51e1 ./Source/scheduler/scheduler.o

.comment        0x00000000       0x43
 .comment       0x00000000       0x43 ./Core/Src/main.o
                                 0x44 (size before relaxing)
 .comment       0x00000043       0x44 ./Core/Src/stm32f7xx_hal_msp.o
 .comment       0x00000043       0x44 ./Core/Src/stm32f7xx_it.o
 .comment       0x00000043       0x44 ./Core/Src/system_stm32f7xx.o
 .comment       0x00000043       0x44 ./Drivers/STM32F7xx_HAL_Driver/Src/stm32f7xx_hal.o
 .comment       0x00000043       0x44 ./Drivers/STM32F7xx_HAL_Driver/Src/stm32f7xx_hal_cortex.o
 .comment       0x00000043       0x44 ./Drivers/STM32F7xx_HAL_Driver/Src/stm32f7xx_hal_crc.o
 .comment       0x00000043       0x44 ./Drivers/STM32F7xx_HAL_Driver/Src/stm32f7xx_hal_crc_ex.o
 .comment       0x00000043       0x44 ./Drivers/STM32F7xx_HAL_Driver/Src/stm32f7xx_hal_flash.o
 .comment       0x00000043       0x44 ./Drivers/STM32F7xx_HAL_Driver/Src/stm32f7xx_hal_flash_ex.o
 .comment       0x00000043       0x44 ./Drivers/STM32F7xx_HAL_Driver/Src/stm32f7xx_hal_gpio.o
 .comment       0x00000043       0x44 ./Drivers/STM32F7xx_HAL_Driver/Src/stm32f7xx_hal_pwr.o
 .comment       0x00000043       0x44 ./Drivers/STM32F7xx_HAL_Driver/Src/stm32f7xx_hal_pwr_ex.o
 .comment       0x00000043       0x44 ./Drivers/STM32F7xx_HAL_Driver/Src/stm32f7xx_hal_rcc.o
 .comment       0x00000043       0x44 ./Drivers/STM32F7xx_HAL_Driver/Src/stm32f7xx_hal_rcc_ex.o
 .comment       0x00000043       0x44 ./Drivers/STM32F7xx_HAL_Driver/Src/stm32f7xx_ll_gpio.o
 .comment       0x00000043       0x44 ./Drivers/STM32F7xx_HAL_Driver/Src/stm32f7xx_ll_rcc.o
 .comment       0x00000043       0x44 ./Drivers/STM32F7xx_HAL_Driver/Src/stm32f7xx_ll_usart.o
 .comment       0x00000043       0x44 ./Source/UART/RingBuffer.o
 .comment       0x00000043       0x44 ./Source/UART/UART.o
 .comment       0x00000043       0x44 ./Source/bootloader/bootloader.o
 .comment       0x00000043       0x44 ./Source/scheduler/scheduler.o

.debug_frame    0x00000000     0x3558
 .debug_frame   0x00000000      0x250 ./Core/Src/main.o
 .debug_frame   0x00000250       0x88 ./Core/Src/stm32f7xx_hal_msp.o
 .debug_frame   0x000002d8      0x104 ./Core/Src/stm32f7xx_it.o
 .debug_frame   0x000003dc       0x58 ./Core/Src/system_stm32f7xx.o
 .debug_frame   0x00000434      0x3f4 ./Drivers/STM32F7xx_HAL_Driver/Src/stm32f7xx_hal.o
 .debug_frame   0x00000828      0x4e8 ./Drivers/STM32F7xx_HAL_Driver/Src/stm32f7xx_hal_cortex.o
 .debug_frame   0x00000d10      0x168 ./Drivers/STM32F7xx_HAL_Driver/Src/stm32f7xx_hal_crc.o
 .debug_frame   0x00000e78       0x88 ./Drivers/STM32F7xx_HAL_Driver/Src/stm32f7xx_hal_crc_ex.o
 .debug_frame   0x00000f00      0x274 ./Drivers/STM32F7xx_HAL_Driver/Src/stm32f7xx_hal_flash.o
 .debug_frame   0x00001174      0x284 ./Drivers/STM32F7xx_HAL_Driver/Src/stm32f7xx_hal_flash_ex.o
 .debug_frame   0x000013f8      0x14c ./Drivers/STM32F7xx_HAL_Driver/Src/stm32f7xx_hal_gpio.o
 .debug_frame   0x00001544      0x254 ./Drivers/STM32F7xx_HAL_Driver/Src/stm32f7xx_hal_pwr.o
 .debug_frame   0x00001798      0x1c8 ./Drivers/STM32F7xx_HAL_Driver/Src/stm32f7xx_hal_pwr_ex.o
 .debug_frame   0x00001960      0x1f8 ./Drivers/STM32F7xx_HAL_Driver/Src/stm32f7xx_hal_rcc.o
 .debug_frame   0x00001b58      0x118 ./Drivers/STM32F7xx_HAL_Driver/Src/stm32f7xx_hal_rcc_ex.o
 .debug_frame   0x00001c70      0x1c0 ./Drivers/STM32F7xx_HAL_Driver/Src/stm32f7xx_ll_gpio.o
 .debug_frame   0x00001e30      0x944 ./Drivers/STM32F7xx_HAL_Driver/Src/stm32f7xx_ll_rcc.o
 .debug_frame   0x00002774      0x234 ./Drivers/STM32F7xx_HAL_Driver/Src/stm32f7xx_ll_usart.o
 .debug_frame   0x000029a8      0x100 ./Source/UART/RingBuffer.o
 .debug_frame   0x00002aa8      0x3fc ./Source/UART/UART.o
 .debug_frame   0x00002ea4      0x45c ./Source/bootloader/bootloader.o
 .debug_frame   0x00003300      0x158 ./Source/scheduler/scheduler.o
 .debug_frame   0x00003458       0x20 C:/ST/STM32CubeIDE_1.19.0/STM32CubeIDE/plugins/com.st.stm32cube.ide.mcu.externaltools.gnu-tools-for-stm32.13.3.rel1.win32_1.0.0.202411081344/tools/bin/../lib/gcc/arm-none-eabi/13.3.1/../../../../arm-none-eabi/lib/thumb/v7e-m+dp/hard\libc_nano.a(libc_a-memset.o)
 .debug_frame   0x00003478       0x2c C:/ST/STM32CubeIDE_1.19.0/STM32CubeIDE/plugins/com.st.stm32cube.ide.mcu.externaltools.gnu-tools-for-stm32.13.3.rel1.win32_1.0.0.202411081344/tools/bin/../lib/gcc/arm-none-eabi/13.3.1/../../../../arm-none-eabi/lib/thumb/v7e-m+dp/hard\libc_nano.a(libc_a-init.o)
 .debug_frame   0x000034a4       0x28 C:/ST/STM32CubeIDE_1.19.0/STM32CubeIDE/plugins/com.st.stm32cube.ide.mcu.externaltools.gnu-tools-for-stm32.13.3.rel1.win32_1.0.0.202411081344/tools/bin/../lib/gcc/arm-none-eabi/13.3.1/../../../../arm-none-eabi/lib/thumb/v7e-m+dp/hard\libc_nano.a(libc_a-memcpy-stub.o)
 .debug_frame   0x000034cc       0x2c C:/ST/STM32CubeIDE_1.19.0/STM32CubeIDE/plugins/com.st.stm32cube.ide.mcu.externaltools.gnu-tools-for-stm32.13.3.rel1.win32_1.0.0.202411081344/tools/bin/../lib/gcc/arm-none-eabi/13.3.1/../../../../arm-none-eabi/lib/thumb/v7e-m+dp/hard\libm.a(libm_a-s_ceil.o)
 .debug_frame   0x000034f8       0x2c C:/ST/STM32CubeIDE_1.19.0/STM32CubeIDE/plugins/com.st.stm32cube.ide.mcu.externaltools.gnu-tools-for-stm32.13.3.rel1.win32_1.0.0.202411081344/tools/bin/../lib/gcc/arm-none-eabi/13.3.1/thumb/v7e-m+dp/hard\libgcc.a(_aeabi_uldivmod.o)
 .debug_frame   0x00003524       0x34 C:/ST/STM32CubeIDE_1.19.0/STM32CubeIDE/plugins/com.st.stm32cube.ide.mcu.externaltools.gnu-tools-for-stm32.13.3.rel1.win32_1.0.0.202411081344/tools/bin/../lib/gcc/arm-none-eabi/13.3.1/thumb/v7e-m+dp/hard\libgcc.a(_udivmoddi4.o)

.debug_line_str
                0x00000000       0x4e
 .debug_line_str
                0x00000000       0x4e ./Core/Startup/startup_stm32f765vgtx.o
