../../Drivers/STM32H7xx_HAL_Driver/Inc/stm32h7xx_ll_bus.h:2056:22:LL_APB1_GRP1_ForceReset	16	static
../../Drivers/STM32H7xx_HAL_Driver/Inc/stm32h7xx_ll_bus.h:2118:22:LL_APB1_GRP1_ReleaseReset	16	static
../Source/bootloader/bootloader.c:40:6:BL_UART_Fetch_Host_Command	24	static
../Source/bootloader/bootloader.c:125:13:Bootloader_check_connection	16	static
../Source/bootloader/bootloader.c:149:6:Bootloader_Check_Timeout	16	static
../Source/bootloader/bootloader.c:162:13:Bootloader_Get_Chip_Identification_Number	24	static
../Source/bootloader/bootloader.c:174:9:Jump_To_App	64	static,ignoring_inline_asm
../Source/bootloader/bootloader.c:237:13:Bootloader_Jump_To_User_App	16	static
../Source/bootloader/bootloader.c:252:16:Perform_Flash_Erase	40	static
../Source/bootloader/bootloader.c:296:13:Bootloader_Erase_Flash	40	static
../Source/bootloader/bootloader.c:336:16:Flash_Memory_Write_Payload	96	static
../Source/bootloader/bootloader.c:375:13:Bootloader_Memory_Write	24	static
../Source/bootloader/bootloader.c:437:16:Bootloader_CRC_Verify	40	static
../Source/bootloader/bootloader.c:462:13:Bootloader_Send_NACK	16	static
../Source/bootloader/bootloader.c:472:13:Bootloader_Send_Data_To_Host	16	static
../Source/bootloader/bootloader.c:500:17:Firmware_CRC_Verification	32	static
../Source/bootloader/bootloader.c:528:13:Set_Firmware_Version	40	static
../Source/bootloader/bootloader.c:561:13:Get_Firmware_Version	48	static
../Source/bootloader/bootloader.c:599:16:Flash_Write_Metadata	120	static
../Source/bootloader/bootloader.c:642:16:Flash_Read_Metadata	96	static
../Source/bootloader/bootloader.c:666:16:Firmware_Check_Available	48	static
../Source/bootloader/bootloader.c:716:16:Flash_CopyData	96	static
../Source/bootloader/bootloader.c:753:6:update_no_init_vars	16	static
../Source/bootloader/bootloader.c:763:6:validate_no_init_vars	8	static
../Source/bootloader/bootloader.c:789:13:EnableBackupRAM	16	static
../Source/bootloader/bootloader.c:797:13:DisableBackupRAM	8	static
