../0_DEV/M1_Driver4/USB_CDC/cdc_driver.c:28:6:CDC_RingBuffer_Init	16	static
../0_DEV/M1_Driver4/USB_CDC/cdc_driver.c:34:14:CDC_TX_RingBuffer_Put	16	static
../0_DEV/M1_Driver4/USB_CDC/cdc_driver.c:39:14:CDC_RX_RingBuffer_Put	16	static
../0_DEV/M1_Driver4/USB_CDC/cdc_driver.c:44:10:CDC_TX_RingBuffer_PutBuffer	24	static
../0_DEV/M1_Driver4/USB_CDC/cdc_driver.c:57:10:CDC_RX_RingBuffer_PutBuffer	24	static
../0_DEV/M1_Driver4/USB_CDC/cdc_driver.c:70:7:CDC_TX_RingBuffer_Get	16	static
../0_DEV/M1_Driver4/USB_CDC/cdc_driver.c:75:7:CDC_RX_RingBuffer_Get	16	static
../0_DEV/M1_Driver4/USB_CDC/cdc_driver.c:81:6:CDC_ISR_RxNotify	4	static
../0_DEV/M1_Driver4/USB_CDC/cdc_driver.c:86:6:USB_Check_Notify	4	static
../0_DEV/M1_Driver4/USB_CDC/cdc_driver.c:91:9:CDC_getRxReady	4	static
../0_DEV/M1_Driver4/USB_CDC/cdc_driver.c:96:6:CDC_setRxReady	16	static
../0_DEV/M1_Driver4/USB_CDC/cdc_driver.c:101:9:USB_checkUSB	4	static
../0_DEV/M1_Driver4/USB_CDC/cdc_driver.c:106:6:USB_setCheckFlag	16	static
../0_DEV/M1_Driver4/USB_CDC/cdc_driver.c:115:7:CDCTxBuffer_IsDataAvailable	8	static
../0_DEV/M1_Driver4/USB_CDC/cdc_driver.c:120:7:CDC_SendString	24	static
../0_DEV/M1_Driver4/USB_CDC/cdc_driver.c:128:7:CDC_SendChar	16	static
