../1_DEV/M5_ThirdParty/FatFS_R015/Core/ff.c:621:13:ld_word	24	static
../1_DEV/M5_ThirdParty/FatFS_R015/Core/ff.c:630:14:ld_dword	24	static
../1_DEV/M5_ThirdParty/FatFS_R015/Core/ff.c:642:14:ld_qword	144	static
../1_DEV/M5_ThirdParty/FatFS_R015/Core/ff.c:659:13:st_word	16	static
../1_DEV/M5_ThirdParty/FatFS_R015/Core/ff.c:665:13:st_dword	16	static
../1_DEV/M5_ThirdParty/FatFS_R015/Core/ff.c:674:13:st_qword	24	static
../1_DEV/M5_ThirdParty/FatFS_R015/Core/ff.c:695:12:dbc_1st	16	static
../1_DEV/M5_ThirdParty/FatFS_R015/Core/ff.c:715:12:dbc_2nd	16	static
../1_DEV/M5_ThirdParty/FatFS_R015/Core/ff.c:739:14:tchar2uni	32	static
../1_DEV/M5_ThirdParty/FatFS_R015/Core/ff.c:808:13:put_utf	32	static
../1_DEV/M5_ThirdParty/FatFS_R015/Core/ff.c:898:12:lock_volume	24	static
../1_DEV/M5_ThirdParty/FatFS_R015/Core/ff.c:924:13:unlock_volume	16	static
../1_DEV/M5_ThirdParty/FatFS_R015/Core/ff.c:949:16:chk_share	24	static
../1_DEV/M5_ThirdParty/FatFS_R015/Core/ff.c:976:12:enq_share	16	static
../1_DEV/M5_ThirdParty/FatFS_R015/Core/ff.c:985:13:inc_share	24	static
../1_DEV/M5_ThirdParty/FatFS_R015/Core/ff.c:1016:16:dec_share	24	static
../1_DEV/M5_ThirdParty/FatFS_R015/Core/ff.c:1040:13:clear_share	24	static
../1_DEV/M5_ThirdParty/FatFS_R015/Core/ff.c:1059:16:sync_window	24	static
../1_DEV/M5_ThirdParty/FatFS_R015/Core/ff.c:1081:16:move_window	24	static
../1_DEV/M5_ThirdParty/FatFS_R015/Core/ff.c:1112:16:sync_fs	24	static
../1_DEV/M5_ThirdParty/FatFS_R015/Core/ff.c:1148:14:clst2sect	16	static
../1_DEV/M5_ThirdParty/FatFS_R015/Core/ff.c:1165:14:get_fat	40	static
../1_DEV/M5_ThirdParty/FatFS_R015/Core/ff.c:1243:16:put_fat	48	static
../1_DEV/M5_ThirdParty/FatFS_R015/Core/ff.c:1308:14:find_bitmap	48	static
../1_DEV/M5_ThirdParty/FatFS_R015/Core/ff.c:1348:16:change_bitmap	40	static
../1_DEV/M5_ThirdParty/FatFS_R015/Core/ff.c:1384:16:fill_first_frag	32	static
../1_DEV/M5_ThirdParty/FatFS_R015/Core/ff.c:1407:16:fill_last_frag	32	static
../1_DEV/M5_ThirdParty/FatFS_R015/Core/ff.c:1433:16:remove_chain	48	static
../1_DEV/M5_ThirdParty/FatFS_R015/Core/ff.c:1528:14:create_chain	40	static
../1_DEV/M5_ThirdParty/FatFS_R015/Core/ff.c:1631:14:clmt_clust	48	static
../1_DEV/M5_ThirdParty/FatFS_R015/Core/ff.c:1662:16:dir_clear	32	static
../1_DEV/M5_ThirdParty/FatFS_R015/Core/ff.c:1701:16:dir_sdi	32	static
../1_DEV/M5_ThirdParty/FatFS_R015/Core/ff.c:1749:16:dir_next	32	static
../1_DEV/M5_ThirdParty/FatFS_R015/Core/ff.c:1810:16:dir_alloc	32	static
../1_DEV/M5_ThirdParty/FatFS_R015/Core/ff.c:1852:14:ld_clust	24	static
../1_DEV/M5_ThirdParty/FatFS_R015/Core/ff.c:1869:13:st_clust	24	static
../1_DEV/M5_ThirdParty/FatFS_R015/Core/ff.c:1889:12:cmp_lfn	40	static
../1_DEV/M5_ThirdParty/FatFS_R015/Core/ff.c:1925:12:pick_lfn	32	static
../1_DEV/M5_ThirdParty/FatFS_R015/Core/ff.c:1963:13:put_lfn	40	static
../1_DEV/M5_ThirdParty/FatFS_R015/Core/ff.c:2000:13:gen_numname	56	static
../1_DEV/M5_ThirdParty/FatFS_R015/Core/ff.c:2057:13:sum_sfn	24	static
../1_DEV/M5_ThirdParty/FatFS_R015/Core/ff.c:2079:13:xdir_sum	32	static
../1_DEV/M5_ThirdParty/FatFS_R015/Core/ff.c:2100:13:xname_sum	24	static
../1_DEV/M5_ThirdParty/FatFS_R015/Core/ff.c:2118:14:xsum32	16	static
../1_DEV/M5_ThirdParty/FatFS_R015/Core/ff.c:2134:16:load_xdir	40	static
../1_DEV/M5_ThirdParty/FatFS_R015/Core/ff.c:2185:13:init_alloc_info	16	static
../1_DEV/M5_ThirdParty/FatFS_R015/Core/ff.c:2203:16:load_obj_xdir	32	static
../1_DEV/M5_ThirdParty/FatFS_R015/Core/ff.c:2232:16:store_xdir	40	static
../1_DEV/M5_ThirdParty/FatFS_R015/Core/ff.c:2264:13:create_xdir	32	static
../1_DEV/M5_ThirdParty/FatFS_R015/Core/ff.c:2310:16:dir_read	32	static
../1_DEV/M5_ThirdParty/FatFS_R015/Core/ff.c:2388:16:dir_find	48	static
../1_DEV/M5_ThirdParty/FatFS_R015/Core/ff.c:2469:16:dir_register	152	static
../1_DEV/M5_ThirdParty/FatFS_R015/Core/ff.c:2575:16:dir_remove	32	static
../1_DEV/M5_ThirdParty/FatFS_R015/Core/ff.c:2621:13:get_fileinfo	56	static
../1_DEV/M5_ThirdParty/FatFS_R015/Core/ff.c:2851:16:create_name	48	static
../1_DEV/M5_ThirdParty/FatFS_R015/Core/ff.c:3055:16:follow_path	120	static
../1_DEV/M5_ThirdParty/FatFS_R015/Core/ff.c:3142:12:get_ldnumber	40	static
../1_DEV/M5_ThirdParty/FatFS_R015/Core/ff.c:3295:13:check_fs	24	static
../1_DEV/M5_ThirdParty/FatFS_R015/Core/ff.c:3335:13:find_volume	40	static
../1_DEV/M5_ThirdParty/FatFS_R015/Core/ff.c:3389:16:mount_volume	136	static
../1_DEV/M5_ThirdParty/FatFS_R015/Core/ff.c:3617:16:validate	24	static
../1_DEV/M5_ThirdParty/FatFS_R015/Core/ff.c:3661:9:f_mount	40	static
../1_DEV/M5_ThirdParty/FatFS_R015/Core/ff.c:3721:9:f_open	1312	static
../1_DEV/M5_ThirdParty/FatFS_R015/Core/ff.c:3918:9:f_read	120	static
../1_DEV/M5_ThirdParty/FatFS_R015/Core/ff.c:4018:9:f_write	88	static
../1_DEV/M5_ThirdParty/FatFS_R015/Core/ff.c:4139:9:f_sync	1232	static
../1_DEV/M5_ThirdParty/FatFS_R015/Core/ff.c:4220:9:f_close	24	static
../1_DEV/M5_ThirdParty/FatFS_R015/Core/ff.c:4256:9:f_chdrive	24	static
../1_DEV/M5_ThirdParty/FatFS_R015/Core/ff.c:4273:9:f_chdir	1240	static
../1_DEV/M5_ThirdParty/FatFS_R015/Core/ff.c:4437:9:f_lseek	248	static
../1_DEV/M5_ThirdParty/FatFS_R015/Core/ff.c:4601:9:f_opendir	1144	static
../1_DEV/M5_ThirdParty/FatFS_R015/Core/ff.c:4667:9:f_closedir	24	static
../1_DEV/M5_ThirdParty/FatFS_R015/Core/ff.c:4697:9:f_readdir	1144	static
../1_DEV/M5_ThirdParty/FatFS_R015/Core/ff.c:4785:9:f_stat	1224	static
../1_DEV/M5_ThirdParty/FatFS_R015/Core/ff.c:4820:9:f_getfree	112	static
../1_DEV/M5_ThirdParty/FatFS_R015/Core/ff.c:4916:9:f_truncate	32	static
../1_DEV/M5_ThirdParty/FatFS_R015/Core/ff.c:4966:9:f_unlink	1360	static
../1_DEV/M5_ThirdParty/FatFS_R015/Core/ff.c:5060:9:f_mkdir	1288	static
../1_DEV/M5_ThirdParty/FatFS_R015/Core/ff.c:5144:9:f_rename	1400	static
../1_DEV/M5_ThirdParty/FatFS_R015/Core/ff.c:5348:9:f_getlabel	128	static
../1_DEV/M5_ThirdParty/FatFS_R015/Core/ff.c:5449:9:f_setlabel	152	static
../1_DEV/M5_ThirdParty/FatFS_R015/Core/ff.c:5743:16:create_partition	64	static
../1_DEV/M5_ThirdParty/FatFS_R015/Core/ff.c:5886:9:f_mkfs	200	static
../1_DEV/M5_ThirdParty/FatFS_R015/Core/ff.c:6430:8:f_gets	48	static
../1_DEV/M5_ThirdParty/FatFS_R015/Core/ff.c:6582:13:putc_bfd	32	static
../1_DEV/M5_ThirdParty/FatFS_R015/Core/ff.c:6713:12:putc_flush	24	static
../1_DEV/M5_ThirdParty/FatFS_R015/Core/ff.c:6726:13:putc_init	16	static
../1_DEV/M5_ThirdParty/FatFS_R015/Core/ff.c:6734:5:f_putc	96	static
../1_DEV/M5_ThirdParty/FatFS_R015/Core/ff.c:6754:5:f_puts	96	static
../1_DEV/M5_ThirdParty/FatFS_R015/Core/ff.c:6776:12:ilog10	24	static
../1_DEV/M5_ThirdParty/FatFS_R015/Core/ff.c:6798:15:i10x	24	static
../1_DEV/M5_ThirdParty/FatFS_R015/Core/ff.c:6820:13:ftoa	72	static
../1_DEV/M5_ThirdParty/FatFS_R015/Core/ff.c:6897:5:f_printf	220	static
