Archive member included to satisfy reference by file (symbol)

C:/ST/STM32CubeIDE_1.19.0/STM32CubeIDE/plugins/com.st.stm32cube.ide.mcu.externaltools.gnu-tools-for-stm32.13.3.rel1.win32_1.0.0.202411081344/tools/bin/../lib/gcc/arm-none-eabi/13.3.1/../../../../arm-none-eabi/lib/thumb/v7e-m+fp/hard\libc_nano.a(libc_a-exit.o)
                              C:/ST/STM32CubeIDE_1.19.0/STM32CubeIDE/plugins/com.st.stm32cube.ide.mcu.externaltools.gnu-tools-for-stm32.13.3.rel1.win32_1.0.0.202411081344/tools/bin/../lib/gcc/arm-none-eabi/13.3.1/../../../../arm-none-eabi/lib/thumb/v7e-m+fp/hard/crt0.o (exit)
C:/ST/STM32CubeIDE_1.19.0/STM32CubeIDE/plugins/com.st.stm32cube.ide.mcu.externaltools.gnu-tools-for-stm32.13.3.rel1.win32_1.0.0.202411081344/tools/bin/../lib/gcc/arm-none-eabi/13.3.1/../../../../arm-none-eabi/lib/thumb/v7e-m+fp/hard\libc_nano.a(libc_a-findfp.o)
                              C:/ST/STM32CubeIDE_1.19.0/STM32CubeIDE/plugins/com.st.stm32cube.ide.mcu.externaltools.gnu-tools-for-stm32.13.3.rel1.win32_1.0.0.202411081344/tools/bin/../lib/gcc/arm-none-eabi/13.3.1/../../../../arm-none-eabi/lib/thumb/v7e-m+fp/hard\libc_nano.a(libc_a-exit.o) (__stdio_exit_handler)
C:/ST/STM32CubeIDE_1.19.0/STM32CubeIDE/plugins/com.st.stm32cube.ide.mcu.externaltools.gnu-tools-for-stm32.13.3.rel1.win32_1.0.0.202411081344/tools/bin/../lib/gcc/arm-none-eabi/13.3.1/../../../../arm-none-eabi/lib/thumb/v7e-m+fp/hard\libc_nano.a(libc_a-fwalk.o)
                              C:/ST/STM32CubeIDE_1.19.0/STM32CubeIDE/plugins/com.st.stm32cube.ide.mcu.externaltools.gnu-tools-for-stm32.13.3.rel1.win32_1.0.0.202411081344/tools/bin/../lib/gcc/arm-none-eabi/13.3.1/../../../../arm-none-eabi/lib/thumb/v7e-m+fp/hard\libc_nano.a(libc_a-findfp.o) (_fwalk_sglue)
C:/ST/STM32CubeIDE_1.19.0/STM32CubeIDE/plugins/com.st.stm32cube.ide.mcu.externaltools.gnu-tools-for-stm32.13.3.rel1.win32_1.0.0.202411081344/tools/bin/../lib/gcc/arm-none-eabi/13.3.1/../../../../arm-none-eabi/lib/thumb/v7e-m+fp/hard\libc_nano.a(libc_a-stdio.o)
                              C:/ST/STM32CubeIDE_1.19.0/STM32CubeIDE/plugins/com.st.stm32cube.ide.mcu.externaltools.gnu-tools-for-stm32.13.3.rel1.win32_1.0.0.202411081344/tools/bin/../lib/gcc/arm-none-eabi/13.3.1/../../../../arm-none-eabi/lib/thumb/v7e-m+fp/hard\libc_nano.a(libc_a-findfp.o) (__sread)
C:/ST/STM32CubeIDE_1.19.0/STM32CubeIDE/plugins/com.st.stm32cube.ide.mcu.externaltools.gnu-tools-for-stm32.13.3.rel1.win32_1.0.0.202411081344/tools/bin/../lib/gcc/arm-none-eabi/13.3.1/../../../../arm-none-eabi/lib/thumb/v7e-m+fp/hard\libc_nano.a(libc_a-memset.o)
                              C:/ST/STM32CubeIDE_1.19.0/STM32CubeIDE/plugins/com.st.stm32cube.ide.mcu.externaltools.gnu-tools-for-stm32.13.3.rel1.win32_1.0.0.202411081344/tools/bin/../lib/gcc/arm-none-eabi/13.3.1/../../../../arm-none-eabi/lib/thumb/v7e-m+fp/hard/crt0.o (memset)
C:/ST/STM32CubeIDE_1.19.0/STM32CubeIDE/plugins/com.st.stm32cube.ide.mcu.externaltools.gnu-tools-for-stm32.13.3.rel1.win32_1.0.0.202411081344/tools/bin/../lib/gcc/arm-none-eabi/13.3.1/../../../../arm-none-eabi/lib/thumb/v7e-m+fp/hard\libc_nano.a(libc_a-strncpy.o)
                              ./0_DEV/M4_Util4/RingBuffer/ring_buffer.o (strncpy)
C:/ST/STM32CubeIDE_1.19.0/STM32CubeIDE/plugins/com.st.stm32cube.ide.mcu.externaltools.gnu-tools-for-stm32.13.3.rel1.win32_1.0.0.202411081344/tools/bin/../lib/gcc/arm-none-eabi/13.3.1/../../../../arm-none-eabi/lib/thumb/v7e-m+fp/hard\libc_nano.a(libc_a-closer.o)
                              C:/ST/STM32CubeIDE_1.19.0/STM32CubeIDE/plugins/com.st.stm32cube.ide.mcu.externaltools.gnu-tools-for-stm32.13.3.rel1.win32_1.0.0.202411081344/tools/bin/../lib/gcc/arm-none-eabi/13.3.1/../../../../arm-none-eabi/lib/thumb/v7e-m+fp/hard\libc_nano.a(libc_a-stdio.o) (_close_r)
C:/ST/STM32CubeIDE_1.19.0/STM32CubeIDE/plugins/com.st.stm32cube.ide.mcu.externaltools.gnu-tools-for-stm32.13.3.rel1.win32_1.0.0.202411081344/tools/bin/../lib/gcc/arm-none-eabi/13.3.1/../../../../arm-none-eabi/lib/thumb/v7e-m+fp/hard\libc_nano.a(libc_a-reent.o)
                              C:/ST/STM32CubeIDE_1.19.0/STM32CubeIDE/plugins/com.st.stm32cube.ide.mcu.externaltools.gnu-tools-for-stm32.13.3.rel1.win32_1.0.0.202411081344/tools/bin/../lib/gcc/arm-none-eabi/13.3.1/../../../../arm-none-eabi/lib/thumb/v7e-m+fp/hard\libc_nano.a(libc_a-closer.o) (errno)
C:/ST/STM32CubeIDE_1.19.0/STM32CubeIDE/plugins/com.st.stm32cube.ide.mcu.externaltools.gnu-tools-for-stm32.13.3.rel1.win32_1.0.0.202411081344/tools/bin/../lib/gcc/arm-none-eabi/13.3.1/../../../../arm-none-eabi/lib/thumb/v7e-m+fp/hard\libc_nano.a(libc_a-impure.o)
                              C:/ST/STM32CubeIDE_1.19.0/STM32CubeIDE/plugins/com.st.stm32cube.ide.mcu.externaltools.gnu-tools-for-stm32.13.3.rel1.win32_1.0.0.202411081344/tools/bin/../lib/gcc/arm-none-eabi/13.3.1/../../../../arm-none-eabi/lib/thumb/v7e-m+fp/hard\libc_nano.a(libc_a-reent.o) (_impure_ptr)
[...]
Memory Configuration

Name             Origin             Length             Attributes
FLASH            0x08140000         0x00100000         xr
RAM              0x10032000         0x00016000         xrw
*default*        0x00000000         0xffffffff

Linker script and memory map

LOAD C:/ST/STM32CubeIDE_1.19.0/STM32CubeIDE/plugins/com.st.stm32cube.ide.mcu.externaltools.gnu-tools-for-stm32.13.3.rel1.win32_1.0.0.202411081344/tools/bin/../lib/gcc/arm-none-eabi/13.3.1/thumb/v7e-m+fp/hard/crti.o
LOAD C:/ST/STM32CubeIDE_1.19.0/STM32CubeIDE/plugins/com.st.stm32cube.ide.mcu.externaltools.gnu-tools-for-stm32.13.3.rel1.win32_1.0.0.202411081344/tools/bin/../lib/gcc/arm-none-eabi/13.3.1/thumb/v7e-m+fp/hard/crtbegin.o
LOAD C:/ST/STM32CubeIDE_1.19.0/STM32CubeIDE/plugins/com.st.stm32cube.ide.mcu.externaltools.gnu-tools-for-stm32.13.3.rel1.win32_1.0.0.202411081344/tools/bin/../lib/gcc/arm-none-eabi/13.3.1/../../../../arm-none-eabi/lib/thumb/v7e-m+fp/hard/crt0.o
LOAD ./0_DEV/M0_App4/Mgmt4/management4.o
LOAD ./0_DEV/M0_App4/OS4/scheduler.o
LOAD ./0_DEV/M0_App4/Task4/scheduler_tasks.o
LOAD ./0_DEV/M1_Driver4/Shared_REG/shared_reg.o
LOAD ./0_DEV/M1_Driver4/UART_DMA/uart_dma_driver.o
LOAD ./0_DEV/M1_Driver4/USB_CDC/cdc_driver.o
LOAD ./0_DEV/M4_Util4/RingBuffer/ring_buffer.o
LOAD ./0_DEV/M4_Util4/Tick/tick.o
LOAD ./Common/Src/system_stm32h7xx_dualcore_boot_cm4_cm7.o
LOAD ./Core/Src/main.o
LOAD ./Core/Src/stm32h7xx_hal_msp.o
LOAD ./Core/Src/stm32h7xx_hal_timebase_tim.o
LOAD ./Core/Src/stm32h7xx_it.o
LOAD ./Core/Src/syscalls.o
LOAD ./Core/Src/sysmem.o
LOAD ./Core/Startup/startup_stm32h745zitx.o
LOAD ./Drivers/STM32H7xx_HAL_Driver/stm32h7xx_hal.o
LOAD ./Drivers/STM32H7xx_HAL_Driver/stm32h7xx_hal_cortex.o
LOAD ./Drivers/STM32H7xx_HAL_Driver/stm32h7xx_hal_dma.o
LOAD ./Drivers/STM32H7xx_HAL_Driver/stm32h7xx_hal_dma_ex.o
LOAD ./Drivers/STM32H7xx_HAL_Driver/stm32h7xx_hal_exti.o
LOAD ./Drivers/STM32H7xx_HAL_Driver/stm32h7xx_hal_flash.o
LOAD ./Drivers/STM32H7xx_HAL_Driver/stm32h7xx_hal_flash_ex.o
LOAD ./Drivers/STM32H7xx_HAL_Driver/stm32h7xx_hal_gpio.o
LOAD ./Drivers/STM32H7xx_HAL_Driver/stm32h7xx_hal_hsem.o
LOAD ./Drivers/STM32H7xx_HAL_Driver/stm32h7xx_hal_i2c.o
LOAD ./Drivers/STM32H7xx_HAL_Driver/stm32h7xx_hal_i2c_ex.o
LOAD ./Drivers/STM32H7xx_HAL_Driver/stm32h7xx_hal_mdma.o
LOAD ./Drivers/STM32H7xx_HAL_Driver/stm32h7xx_hal_mmc.o
LOAD ./Drivers/STM32H7xx_HAL_Driver/stm32h7xx_hal_mmc_ex.o
LOAD ./Drivers/STM32H7xx_HAL_Driver/stm32h7xx_hal_pcd.o
LOAD ./Drivers/STM32H7xx_HAL_Driver/stm32h7xx_hal_pcd_ex.o
LOAD ./Drivers/STM32H7xx_HAL_Driver/stm32h7xx_hal_pwr.o
LOAD ./Drivers/STM32H7xx_HAL_Driver/stm32h7xx_hal_pwr_ex.o
LOAD ./Drivers/STM32H7xx_HAL_Driver/stm32h7xx_hal_rcc.o
LOAD ./Drivers/STM32H7xx_HAL_Driver/stm32h7xx_hal_rcc_ex.o
LOAD ./Drivers/STM32H7xx_HAL_Driver/stm32h7xx_hal_sd.o
LOAD ./Drivers/STM32H7xx_HAL_Driver/stm32h7xx_hal_sd_ex.o
LOAD ./Drivers/STM32H7xx_HAL_Driver/stm32h7xx_hal_tim.o
LOAD ./Drivers/STM32H7xx_HAL_Driver/stm32h7xx_hal_tim_ex.o
LOAD ./Drivers/STM32H7xx_HAL_Driver/stm32h7xx_ll_delayblock.o
LOAD ./Drivers/STM32H7xx_HAL_Driver/stm32h7xx_ll_dma.o
LOAD ./Drivers/STM32H7xx_HAL_Driver/stm32h7xx_ll_exti.o
LOAD ./Drivers/STM32H7xx_HAL_Driver/stm32h7xx_ll_gpio.o
LOAD ./Drivers/STM32H7xx_HAL_Driver/stm32h7xx_ll_rcc.o
LOAD ./Drivers/STM32H7xx_HAL_Driver/stm32h7xx_ll_sdmmc.o
LOAD ./Drivers/STM32H7xx_HAL_Driver/stm32h7xx_ll_tim.o
LOAD ./Drivers/STM32H7xx_HAL_Driver/stm32h7xx_ll_usart.o
LOAD ./Drivers/STM32H7xx_HAL_Driver/stm32h7xx_ll_usb.o
LOAD ./Drivers/STM32H7xx_HAL_Driver/stm32h7xx_ll_utils.o
LOAD ./Middlewares/ST/STM32_USB_Device_Library/usbd_cdc.o
LOAD ./Middlewares/ST/STM32_USB_Device_Library/usbd_core.o
LOAD ./Middlewares/ST/STM32_USB_Device_Library/usbd_ctlreq.o
LOAD ./Middlewares/ST/STM32_USB_Device_Library/usbd_ioreq.o
LOAD ./USB_DEVICE/App/usb_device.o
LOAD ./USB_DEVICE/App/usbd_cdc_if.o
LOAD ./USB_DEVICE/App/usbd_desc.o
LOAD ./USB_DEVICE/Target/usbd_conf.o
START GROUP
LOAD C:/ST/STM32CubeIDE_1.19.0/STM32CubeIDE/plugins/com.st.stm32cube.ide.mcu.externaltools.gnu-tools-for-stm32.13.3.rel1.win32_1.0.0.202411081344/tools/bin/../lib/gcc/arm-none-eabi/13.3.1/../../../../arm-none-eabi/lib/thumb/v7e-m+fp/hard\libc_nano.a
LOAD C:/ST/STM32CubeIDE_1.19.0/STM32CubeIDE/plugins/com.st.stm32cube.ide.mcu.externaltools.gnu-tools-for-stm32.13.3.rel1.win32_1.0.0.202411081344/tools/bin/../lib/gcc/arm-none-eabi/13.3.1/../../../../arm-none-eabi/lib/thumb/v7e-m+fp/hard\libm.a
END GROUP
START GROUP
LOAD C:/ST/STM32CubeIDE_1.19.0/STM32CubeIDE/plugins/com.st.stm32cube.ide.mcu.externaltools.gnu-tools-for-stm32.13.3.rel1.win32_1.0.0.202411081344/tools/bin/../lib/gcc/arm-none-eabi/13.3.1/thumb/v7e-m+fp/hard\libgcc.a
LOAD C:/ST/STM32CubeIDE_1.19.0/STM32CubeIDE/plugins/com.st.stm32cube.ide.mcu.externaltools.gnu-tools-for-stm32.13.3.rel1.win32_1.0.0.202411081344/tools/bin/../lib/gcc/arm-none-eabi/13.3.1/../../../../arm-none-eabi/lib/thumb/v7e-m+fp/hard\libc_nano.a
END GROUP
START GROUP
LOAD C:/ST/STM32CubeIDE_1.19.0/STM32CubeIDE/plugins/com.st.stm32cube.ide.mcu.externaltools.gnu-tools-for-stm32.13.3.rel1.win32_1.0.0.202411081344/tools/bin/../lib/gcc/arm-none-eabi/13.3.1/thumb/v7e-m+fp/hard\libgcc.a
LOAD C:/ST/STM32CubeIDE_1.19.0/STM32CubeIDE/plugins/com.st.stm32cube.ide.mcu.externaltools.gnu-tools-for-stm32.13.3.rel1.win32_1.0.0.202411081344/tools/bin/../lib/gcc/arm-none-eabi/13.3.1/../../../../arm-none-eabi/lib/thumb/v7e-m+fp/hard\libc_nano.a
LOAD C:/ST/STM32CubeIDE_1.19.0/STM32CubeIDE/plugins/com.st.stm32cube.ide.mcu.externaltools.gnu-tools-for-stm32.13.3.rel1.win32_1.0.0.202411081344/tools/bin/../lib/gcc/arm-none-eabi/13.3.1/../../../../arm-none-eabi/lib/thumb/v7e-m+fp/hard\libnosys.a
END GROUP
START GROUP
LOAD C:/ST/STM32CubeIDE_1.19.0/STM32CubeIDE/plugins/com.st.stm32cube.ide.mcu.externaltools.gnu-tools-for-stm32.13.3.rel1.win32_1.0.0.202411081344/tools/bin/../lib/gcc/arm-none-eabi/13.3.1/thumb/v7e-m+fp/hard\libgcc.a
LOAD C:/ST/STM32CubeIDE_1.19.0/STM32CubeIDE/plugins/com.st.stm32cube.ide.mcu.externaltools.gnu-tools-for-stm32.13.3.rel1.win32_1.0.0.202411081344/tools/bin/../lib/gcc/arm-none-eabi/13.3.1/../../../../arm-none-eabi/lib/thumb/v7e-m+fp/hard\libc_nano.a
LOAD C:/ST/STM32CubeIDE_1.19.0/STM32CubeIDE/plugins/com.st.stm32cube.ide.mcu.externaltools.gnu-tools-for-stm32.13.3.rel1.win32_1.0.0.202411081344/tools/bin/../lib/gcc/arm-none-eabi/13.3.1/../../../../arm-none-eabi/lib/thumb/v7e-m+fp/hard\libnosys.a
END GROUP
LOAD C:/ST/STM32CubeIDE_1.19.0/STM32CubeIDE/plugins/com.st.stm32cube.ide.mcu.externaltools.gnu-tools-for-stm32.13.3.rel1.win32_1.0.0.202411081344/tools/bin/../lib/gcc/arm-none-eabi/13.3.1/thumb/v7e-m+fp/hard/crtend.o
LOAD C:/ST/STM32CubeIDE_1.19.0/STM32CubeIDE/plugins/com.st.stm32cube.ide.mcu.externaltools.gnu-tools-for-stm32.13.3.rel1.win32_1.0.0.202411081344/tools/bin/../lib/gcc/arm-none-eabi/13.3.1/thumb/v7e-m+fp/hard/crtn.o
                0x10048000                        _estack = (ORIGIN (RAM) + LENGTH (RAM))
                0x00000200                        _Min_Heap_Size = 0x200
                0x00000800                        _Min_Stack_Size = 0x800

.isr_vector     0x08140000      0x298
                0x08140000                        . = ALIGN (0x4)
 *(.isr_vector)
 .isr_vector    0x08140000      0x298 ./Core/Startup/startup_stm32h745zitx.o
                0x08140000                g_pfnVectors
                0x08140298                        . = ALIGN (0x4)

.text           0x08140298     0xe794
                0x08140298                        . = ALIGN (0x4)
 *(.text)
 .text          0x08140298       0x40 C:/ST/STM32CubeIDE_1.19.0/STM32CubeIDE/plugins/com.st.stm32cube.ide.mcu.externaltools.gnu-tools-for-stm32.13.3.rel1.win32_1.0.0.202411081344/tools/bin/../lib/gcc/arm-none-eabi/13.3.1/thumb/v7e-m+fp/hard/crtbegin.o
 *(.text*)
 .text.Mgmt_HardwareSystemPreparing
                0x081402d8       0x16 ./0_DEV/M0_App4/Mgmt4/management4.o
                0x081402d8                Mgmt_HardwareSystemPreparing
 .text.Mgmt_SystemStart
                0x081402ee       0x16 ./0_DEV/M0_App4/Mgmt4/management4.o
                0x081402ee                Mgmt_SystemStart
 .text.SCH_Initialize
                0x08140304       0x90 ./0_DEV/M0_App4/OS4/scheduler.o
                0x08140304                SCH_Initialize
 .text.SCH_TASK_CreateTask
                0x08140394       0x88 ./0_DEV/M0_App4/OS4/scheduler.o
                0x08140394                SCH_TASK_CreateTask
 .text.SCH_RunSystemTickTimer
                0x0814041c      0x17c ./0_DEV/M0_App4/OS4/scheduler.o
                0x0814041c                SCH_RunSystemTickTimer
 .text.SCH_StartScheduler
                0x08140598       0x18 ./0_DEV/M0_App4/OS4/scheduler.o
                0x08140598                SCH_StartScheduler
 .text.SCH_HandleScheduledTask
                0x081405b0      0x190 ./0_DEV/M0_App4/OS4/scheduler.o
                0x081405b0                SCH_HandleScheduledTask
 .text.LL_GPIO_SetOutputPin
                0x08140740       0x1c ./0_DEV/M0_App4/Task4/scheduler_tasks.o
 .text.LL_GPIO_ResetOutputPin
                0x0814075c       0x1e ./0_DEV/M0_App4/Task4/scheduler_tasks.o
 *fill*         0x0814077a        0x2 
 .text.BlinkLed1_Task
                0x0814077c       0x3c ./0_DEV/M0_App4/Task4/scheduler_tasks.o
 .text.BlinkLed2_Task
                0x081407b8        0xe ./0_DEV/M0_App4/Task4/scheduler_tasks.o
 *fill*         0x081407c6        0x2 
 .text.CDC_RxPoll_Task
                0x081407c8       0x40 ./0_DEV/M0_App4/Task4/scheduler_tasks.o
 .text.CDC_TxPoll_Task
                0x08140808       0x72 ./0_DEV/M0_App4/Task4/scheduler_tasks.o
 *fill*         0x0814087a        0x2 
 .text.USB_Check_Task
                0x0814087c       0x54 ./0_DEV/M0_App4/Task4/scheduler_tasks.o
 .text.UART_Port_RxPoll_Task
                0x081408d0       0x30 ./0_DEV/M0_App4/Task4/scheduler_tasks.o
 .text.SchedulerTasks_Create
                0x08140900       0x78 ./0_DEV/M0_App4/Task4/scheduler_tasks.o
                0x08140900                SchedulerTasks_Create
 .text.SharedREG_Write
                0x08140978       0x54 ./0_DEV/M1_Driver4/Shared_REG/shared_reg.o
                0x08140978                SharedREG_Write
 .text.SharedREG_Clear
                0x081409cc       0x44 ./0_DEV/M1_Driver4/Shared_REG/shared_reg.o
                0x081409cc                SharedREG_Clear
 .text.SharedREG_Init
                0x08140a10       0x22 ./0_DEV/M1_Driver4/Shared_REG/shared_reg.o
                0x08140a10                SharedREG_Init
 .text.LL_USART_Enable
                0x08140a32       0x20 ./0_DEV/M1_Driver4/UART_DMA/uart_dma_driver.o
 .text.LL_USART_Disable
                0x08140a52       0x20 ./0_DEV/M1_Driver4/UART_DMA/uart_dma_driver.o
 .text.LL_USART_IsActiveFlag_TXE_TXFNF
                0x08140a72       0x26 ./0_DEV/M1_Driver4/UART_DMA/uart_dma_driver.o
 .text.LL_USART_EnableIT_IDLE
                0x08140a98       0x42 ./0_DEV/M1_Driver4/UART_DMA/uart_dma_driver.o
 .text.LL_USART_EnableIT_TXE_TXFNF
                0x08140ada       0x42 ./0_DEV/M1_Driver4/UART_DMA/uart_dma_driver.o
 .text.LL_USART_DisableIT_TXE_TXFNF
                0x08140b1c       0x42 ./0_DEV/M1_Driver4/UART_DMA/uart_dma_driver.o
 .text.LL_USART_IsEnabledIT_TXE_TXFNF
                0x08140b5e       0x26 ./0_DEV/M1_Driver4/UART_DMA/uart_dma_driver.o
 .text.LL_USART_EnableDMAReq_RX
                0x08140b84       0x46 ./0_DEV/M1_Driver4/UART_DMA/uart_dma_driver.o
 .text.LL_USART_DMA_GetRegAddr
                0x08140bca       0x2c ./0_DEV/M1_Driver4/UART_DMA/uart_dma_driver.o
 .text.LL_USART_TransmitData8
                0x08140bf6       0x1e ./0_DEV/M1_Driver4/UART_DMA/uart_dma_driver.o
 .text.LL_DMA_EnableStream
                0x08140c14       0x44 ./0_DEV/M1_Driver4/UART_DMA/uart_dma_driver.o
 .text.LL_DMA_DisableStream
                0x08140c58       0x44 ./0_DEV/M1_Driver4/UART_DMA/uart_dma_driver.o
 .text.LL_DMA_SetDataLength
                0x08140c9c       0x4c ./0_DEV/M1_Driver4/UART_DMA/uart_dma_driver.o
 .text.LL_DMA_GetDataLength
                0x08140ce8       0x30 ./0_DEV/M1_Driver4/UART_DMA/uart_dma_driver.o
 .text.LL_DMA_SetMemoryAddress
                0x08140d18       0x34 ./0_DEV/M1_Driver4/UART_DMA/uart_dma_driver.o
 .text.LL_DMA_SetPeriphAddress
                0x08140d4c       0x34 ./0_DEV/M1_Driver4/UART_DMA/uart_dma_driver.o
 .text.LL_DMA_EnableIT_HT
                0x08140d80       0x44 ./0_DEV/M1_Driver4/UART_DMA/uart_dma_driver.o
 .text.LL_DMA_EnableIT_TE
                0x08140dc4       0x44 ./0_DEV/M1_Driver4/UART_DMA/uart_dma_driver.o
 .text.LL_DMA_EnableIT_TC
                0x08140e08       0x44 ./0_DEV/M1_Driver4/UART_DMA/uart_dma_driver.o
 .text.UART_DMA_Driver_Init
                0x08140e4c      0x15c ./0_DEV/M1_Driver4/UART_DMA/uart_dma_driver.o
                0x08140e4c                UART_DMA_Driver_Init
 .text.UART_DMA_Driver_Get
                0x08140fa8       0x54 ./0_DEV/M1_Driver4/UART_DMA/uart_dma_driver.o
                0x08140fa8                UART_DMA_Driver_Get
 .text.UART_Driver_Write
                0x08140ffc       0x6c ./0_DEV/M1_Driver4/UART_DMA/uart_dma_driver.o
                0x08140ffc                UART_Driver_Write
 .text.UART_Driver_TX_ISR
                0x08141068       0x60 ./0_DEV/M1_Driver4/UART_DMA/uart_dma_driver.o
                0x08141068                UART_Driver_TX_ISR
 .text.UART_DMA_Rx_Check
                0x081410c8       0xf2 ./0_DEV/M1_Driver4/UART_DMA/uart_dma_driver.o
                0x081410c8                UART_DMA_Rx_Check
 .text.UART_DMA_Driver_Read
                0x081411ba       0x42 ./0_DEV/M1_Driver4/UART_DMA/uart_dma_driver.o
                0x081411ba                UART_DMA_Driver_Read
 .text.CDC_RingBuffer_Init
                0x081411fc       0x48 ./0_DEV/M1_Driver4/USB_CDC/cdc_driver.o
                0x081411fc                CDC_RingBuffer_Init
 .text.CDC_TX_RingBuffer_Put
                0x08141244       0x24 ./0_DEV/M1_Driver4/USB_CDC/cdc_driver.o
 .text.CDC_RX_RingBuffer_Put
                0x08141268       0x24 ./0_DEV/M1_Driver4/USB_CDC/cdc_driver.o
 .text.CDC_TX_RingBuffer_PutBuffer
                0x0814128c       0x46 ./0_DEV/M1_Driver4/USB_CDC/cdc_driver.o
                0x0814128c                CDC_TX_RingBuffer_PutBuffer
 .text.CDC_RX_RingBuffer_PutBuffer
                0x081412d2       0x46 ./0_DEV/M1_Driver4/USB_CDC/cdc_driver.o
                0x081412d2                CDC_RX_RingBuffer_PutBuffer
 .text.CDC_TX_RingBuffer_Get
                0x08141318       0x20 ./0_DEV/M1_Driver4/USB_CDC/cdc_driver.o
                0x08141318                CDC_TX_RingBuffer_Get
 .text.CDC_RX_RingBuffer_Get
                0x08141338       0x20 ./0_DEV/M1_Driver4/USB_CDC/cdc_driver.o
                0x08141338                CDC_RX_RingBuffer_Get
 .text.CDC_ISR_RxNotify
                0x08141358       0x18 ./0_DEV/M1_Driver4/USB_CDC/cdc_driver.o
                0x08141358                CDC_ISR_RxNotify
 .text.USB_Check_Notify
                0x08141370       0x18 ./0_DEV/M1_Driver4/USB_CDC/cdc_driver.o
                0x08141370                USB_Check_Notify
 .text.CDC_getRxReady
                0x08141388       0x18 ./0_DEV/M1_Driver4/USB_CDC/cdc_driver.o
                0x08141388                CDC_getRxReady
 .text.CDC_setRxReady
                0x081413a0       0x20 ./0_DEV/M1_Driver4/USB_CDC/cdc_driver.o
                0x081413a0                CDC_setRxReady
 .text.USB_checkUSB
                0x081413c0       0x18 ./0_DEV/M1_Driver4/USB_CDC/cdc_driver.o
                0x081413c0                USB_checkUSB
 .text.USB_setCheckFlag
                0x081413d8       0x20 ./0_DEV/M1_Driver4/USB_CDC/cdc_driver.o
                0x081413d8                USB_setCheckFlag
 .text.CDC_SendString
                0x081413f8       0x3a ./0_DEV/M1_Driver4/USB_CDC/cdc_driver.o
                0x081413f8                CDC_SendString
 .text.CDC_SendChar
                0x08141432       0x1c ./0_DEV/M1_Driver4/USB_CDC/cdc_driver.o
                0x08141432                CDC_SendChar
 .text.RingBuffer_Create
                0x0814144e       0x66 ./0_DEV/M4_Util4/RingBuffer/ring_buffer.o
                0x0814144e                RingBuffer_Create
 .text.RingBuffer_Put
                0x081414b4       0x8c ./0_DEV/M4_Util4/RingBuffer/ring_buffer.o
                0x081414b4                RingBuffer_Put
 .text.RingBuffer_Get
                0x08141540       0x82 ./0_DEV/M4_Util4/RingBuffer/ring_buffer.o
                0x08141540                RingBuffer_Get
 .text.LL_TIM_ClearFlag_UPDATE
                0x081415c2       0x1c ./0_DEV/M4_Util4/Tick/tick.o
 .text.LL_TIM_IsActiveFlag_UPDATE
                0x081415de       0x26 ./0_DEV/M4_Util4/Tick/tick.o
 .text.TickTimer_IRQHandler
                0x08141604       0x2c ./0_DEV/M4_Util4/Tick/tick.o
                0x08141604                TickTimer_IRQHandler
 .text.SystemInit
                0x08141630       0x30 ./Common/Src/system_stm32h7xx_dualcore_boot_cm4_cm7.o
                0x08141630                SystemInit
 .text.ExitRun0Mode
                0x08141660       0x34 ./Common/Src/system_stm32h7xx_dualcore_boot_cm4_cm7.o
                0x08141660                ExitRun0Mode
 .text.__NVIC_GetPriorityGrouping
                0x08141694       0x1c ./Core/Src/main.o
 .text.__NVIC_EnableIRQ
                0x081416b0       0x3c ./Core/Src/main.o
 .text.__NVIC_SetPriority
                0x081416ec       0x54 ./Core/Src/main.o
 .text.NVIC_EncodePriority
                0x08141740       0x66 ./Core/Src/main.o
 .text.LL_TIM_EnableCounter
                0x081417a6       0x20 ./Core/Src/main.o
 .text.LL_TIM_EnableUpdateEvent
                0x081417c6       0x20 ./Core/Src/main.o
 .text.LL_TIM_EnableARRPreload
                0x081417e6       0x20 ./Core/Src/main.o
 .text.LL_TIM_SetClockSource
                0x08141806       0x2a ./Core/Src/main.o
 .text.LL_TIM_SetTriggerOutput
                0x08141830       0x26 ./Core/Src/main.o
 .text.LL_TIM_DisableMasterSlaveMode
                0x08141856       0x20 ./Core/Src/main.o
 .text.LL_TIM_EnableIT_UPDATE
                0x08141876       0x20 ./Core/Src/main.o
 .text.LL_USART_Enable
                0x08141896       0x20 ./Core/Src/main.o
 .text.LL_USART_DisableFIFO
                0x081418b6       0x20 ./Core/Src/main.o
 .text.LL_USART_SetTXFIFOThreshold
                0x081418d6       0x4e ./Core/Src/main.o
 .text.LL_USART_SetRXFIFOThreshold
                0x08141924       0x4e ./Core/Src/main.o
 .text.LL_USART_ConfigAsyncMode
                0x08141972       0x2c ./Core/Src/main.o
 .text.LL_USART_IsActiveFlag_TEACK
                0x0814199e       0x28 ./Core/Src/main.o
 .text.LL_USART_IsActiveFlag_REACK
                0x081419c6       0x28 ./Core/Src/main.o
 .text.LL_GPIO_ResetOutputPin
                0x081419ee       0x1e ./Core/Src/main.o
 .text.LL_AHB4_GRP1_EnableClock
                0x08141a0c       0x38 ./Core/Src/main.o
 .text.LL_APB1_GRP1_EnableClock
                0x08141a44       0x38 ./Core/Src/main.o
 .text.LL_APB2_GRP1_EnableClock
                0x08141a7c       0x38 ./Core/Src/main.o
 .text.LL_DMA_SetDataTransferDirection
                0x08141ab4       0x4c ./Core/Src/main.o
 .text.LL_DMA_SetMode
                0x08141b00       0x4c ./Core/Src/main.o
 .text.LL_DMA_SetPeriphIncMode
                0x08141b4c       0x4c ./Core/Src/main.o
 .text.LL_DMA_SetMemoryIncMode
                0x08141b98       0x4c ./Core/Src/main.o
 .text.LL_DMA_SetPeriphSize
                0x08141be4       0x4c ./Core/Src/main.o
 .text.LL_DMA_SetMemorySize
                0x08141c30       0x4c ./Core/Src/main.o
 .text.LL_DMA_SetStreamPriorityLevel
                0x08141c7c       0x4c ./Core/Src/main.o
 .text.LL_DMA_SetPeriphRequest
                0x08141cc8       0x64 ./Core/Src/main.o
 .text.LL_DMA_DisableFifoMode
                0x08141d2c       0x44 ./Core/Src/main.o
 .text.main     0x08141d70       0x60 ./Core/Src/main.o
                0x08141d70                main
 .text.MX_SDMMC2_MMC_Init
                0x08141dd0       0x48 ./Core/Src/main.o
 .text.MX_TIM2_Init
                0x08141e18       0x9c ./Core/Src/main.o
 .text.MX_USART6_UART_Init
                0x08141eb4      0x1a0 ./Core/Src/main.o
 .text.MX_BDMA_Init
                0x08142054       0x34 ./Core/Src/main.o
 .text.MX_DMA_Init
                0x08142088       0x70 ./Core/Src/main.o
 .text.MX_MDMA_Init
                0x081420f8       0x34 ./Core/Src/main.o
 .text.MX_GPIO_Init
                0x0814212c       0x6c ./Core/Src/main.o
 .text.HAL_TIM_PeriodElapsedCallback
                0x08142198       0x24 ./Core/Src/main.o
                0x08142198                HAL_TIM_PeriodElapsedCallback
 .text.Error_Handler
                0x081421bc        0xc ./Core/Src/main.o
                0x081421bc                Error_Handler
 .text.HAL_MspInit
                0x081421c8       0x34 ./Core/Src/stm32h7xx_hal_msp.o
                0x081421c8                HAL_MspInit
 .text.HAL_MMC_MspInit
                0x081421fc      0x1c8 ./Core/Src/stm32h7xx_hal_msp.o
                0x081421fc                HAL_MMC_MspInit
 .text.HAL_InitTick
                0x081423c4       0xd8 ./Core/Src/stm32h7xx_hal_timebase_tim.o
                0x081423c4                HAL_InitTick
 .text.LL_USART_IsActiveFlag_IDLE
                0x0814249c       0x26 ./Core/Src/stm32h7xx_it.o
 .text.LL_USART_ClearFlag_IDLE
                0x081424c2       0x1a ./Core/Src/stm32h7xx_it.o
 .text.LL_USART_IsEnabledIT_IDLE
                0x081424dc       0x26 ./Core/Src/stm32h7xx_it.o
 *fill*         0x08142502        0x2 
 .text.LL_DMA_EnableStream
                0x08142504       0x44 ./Core/Src/stm32h7xx_it.o
 .text.LL_DMA_IsActiveFlag_HT0
                0x08142548       0x26 ./Core/Src/stm32h7xx_it.o
 .text.LL_DMA_IsActiveFlag_TC0
                0x0814256e       0x26 ./Core/Src/stm32h7xx_it.o
 .text.LL_DMA_IsActiveFlag_TE0
                0x08142594       0x26 ./Core/Src/stm32h7xx_it.o
 .text.LL_DMA_ClearFlag_HT0
                0x081425ba       0x1a ./Core/Src/stm32h7xx_it.o
 .text.LL_DMA_ClearFlag_TC0
                0x081425d4       0x1a ./Core/Src/stm32h7xx_it.o
 .text.LL_DMA_ClearFlag_TE0
                0x081425ee       0x1a ./Core/Src/stm32h7xx_it.o
 .text.LL_DMA_IsEnabledIT_HT
                0x08142608       0x3c ./Core/Src/stm32h7xx_it.o
 .text.LL_DMA_IsEnabledIT_TE
                0x08142644       0x3c ./Core/Src/stm32h7xx_it.o
 .text.LL_DMA_IsEnabledIT_TC
                0x08142680       0x3c ./Core/Src/stm32h7xx_it.o
 .text.NMI_Handler
                0x081426bc        0x8 ./Core/Src/stm32h7xx_it.o
                0x081426bc                NMI_Handler
 .text.HardFault_Handler
                0x081426c4        0x8 ./Core/Src/stm32h7xx_it.o
                0x081426c4                HardFault_Handler
 .text.MemManage_Handler
                0x081426cc        0x8 ./Core/Src/stm32h7xx_it.o
                0x081426cc                MemManage_Handler
 .text.BusFault_Handler
                0x081426d4        0x8 ./Core/Src/stm32h7xx_it.o
                0x081426d4                BusFault_Handler
 .text.UsageFault_Handler
                0x081426dc        0x8 ./Core/Src/stm32h7xx_it.o
                0x081426dc                UsageFault_Handler
 .text.SVC_Handler
                0x081426e4        0xe ./Core/Src/stm32h7xx_it.o
                0x081426e4                SVC_Handler
 .text.DebugMon_Handler
                0x081426f2        0xe ./Core/Src/stm32h7xx_it.o
                0x081426f2                DebugMon_Handler
 .text.PendSV_Handler
                0x08142700        0xe ./Core/Src/stm32h7xx_it.o
                0x08142700                PendSV_Handler
 .text.SysTick_Handler
                0x0814270e        0xe ./Core/Src/stm32h7xx_it.o
                0x0814270e                SysTick_Handler
 .text.TIM2_IRQHandler
                0x0814271c       0x10 ./Core/Src/stm32h7xx_it.o
                0x0814271c                TIM2_IRQHandler
 .text.TIM4_IRQHandler
                0x0814272c       0x14 ./Core/Src/stm32h7xx_it.o
                0x0814272c                TIM4_IRQHandler
 .text.DMA2_Stream0_IRQHandler
                0x08142740       0x84 ./Core/Src/stm32h7xx_it.o
                0x08142740                DMA2_Stream0_IRQHandler
 .text.USART6_IRQHandler
                0x081427c4       0x38 ./Core/Src/stm32h7xx_it.o
                0x081427c4                USART6_IRQHandler
 .text.OTG_FS_IRQHandler
                0x081427fc       0x14 ./Core/Src/stm32h7xx_it.o
                0x081427fc                OTG_FS_IRQHandler
 .text.SDMMC2_IRQHandler
                0x08142810       0x14 ./Core/Src/stm32h7xx_it.o
                0x08142810                SDMMC2_IRQHandler
 .text.Reset_Handler
                0x08142824       0x54 ./Core/Startup/startup_stm32h745zitx.o
                0x08142824                Reset_Handler
 .text.Default_Handler
                0x08142878        0x2 ./Core/Startup/startup_stm32h745zitx.o
                0x08142878                RTC_Alarm_IRQHandler
                0x08142878                EXTI2_IRQHandler
                0x08142878                TIM8_CC_IRQHandler
                0x08142878                HRTIM1_Master_IRQHandler
                0x08142878                UART8_IRQHandler
                0x08142878                SPI4_IRQHandler
                0x08142878                TIM1_CC_IRQHandler
                0x08142878                BDMA_Channel6_IRQHandler
                0x08142878                DMA2_Stream5_IRQHandler
                0x08142878                HRTIM1_FLT_IRQHandler
                0x08142878                JPEG_IRQHandler
                0x08142878                DMA1_Stream5_IRQHandler
                0x08142878                BDMA_Channel1_IRQHandler
                0x08142878                HRTIM1_TIMD_IRQHandler
                0x08142878                TAMP_STAMP_IRQHandler
                0x08142878                EXTI3_IRQHandler
                0x08142878                LPTIM4_IRQHandler
                0x08142878                TIM8_TRG_COM_TIM14_IRQHandler
                0x08142878                LPTIM2_IRQHandler
                0x08142878                DFSDM1_FLT1_IRQHandler
                0x08142878                DMAMUX2_OVR_IRQHandler
                0x08142878                TIM8_UP_TIM13_IRQHandler
                0x08142878                I2C3_ER_IRQHandler
                0x08142878                DFSDM1_FLT2_IRQHandler
                0x08142878                MDMA_IRQHandler
                0x08142878                LPTIM3_IRQHandler
                0x08142878                HSEM1_IRQHandler
                0x08142878                EXTI0_IRQHandler
                0x08142878                I2C2_EV_IRQHandler
                0x08142878                DMA1_Stream2_IRQHandler
                0x08142878                FPU_IRQHandler
                0x08142878                OTG_HS_WKUP_IRQHandler
                0x08142878                FDCAN1_IT1_IRQHandler
                0x08142878                LTDC_ER_IRQHandler
                0x08142878                DMA2_Stream2_IRQHandler
                0x08142878                HRTIM1_TIME_IRQHandler
                0x08142878                SPI1_IRQHandler
                0x08142878                TIM6_DAC_IRQHandler
                0x08142878                DCMI_IRQHandler
                0x08142878                HRTIM1_TIMC_IRQHandler
                0x08142878                DMA2_Stream3_IRQHandler
                0x08142878                SAI2_IRQHandler
                0x08142878                DFSDM1_FLT3_IRQHandler
                0x08142878                TIM17_IRQHandler
                0x08142878                USART3_IRQHandler
                0x08142878                BDMA_Channel7_IRQHandler
                0x08142878                LPTIM5_IRQHandler
                0x08142878                UART5_IRQHandler
                0x08142878                ADC3_IRQHandler
                0x08142878                BDMA_Channel2_IRQHandler
                0x08142878                QUADSPI_IRQHandler
                0x08142878                I2C1_EV_IRQHandler
                0x08142878                DMA1_Stream6_IRQHandler
                0x08142878                DMAMUX1_OVR_IRQHandler
                0x08142878                DMA1_Stream1_IRQHandler
                0x08142878                TIM16_IRQHandler
                0x08142878                UART4_IRQHandler
                0x08142878                BDMA_Channel5_IRQHandler
                0x08142878                TIM3_IRQHandler
                0x08142878                RCC_IRQHandler
                0x08142878                TIM8_BRK_TIM12_IRQHandler
                0x08142878                TIM1_TRG_COM_IRQHandler
                0x08142878                Default_Handler
                0x08142878                ECC_IRQHandler
                0x08142878                CEC_IRQHandler
                0x08142878                EXTI15_10_IRQHandler
                0x08142878                BDMA_Channel0_IRQHandler
                0x08142878                ADC_IRQHandler
                0x08142878                DMA1_Stream7_IRQHandler
                0x08142878                HRTIM1_TIMA_IRQHandler
                0x08142878                SPI5_IRQHandler
                0x08142878                TIM7_IRQHandler
                0x08142878                SDMMC1_IRQHandler
                0x08142878                TIM5_IRQHandler
                0x08142878                DMA2_Stream7_IRQHandler
                0x08142878                TIM15_IRQHandler
                0x08142878                PVD_AVD_IRQHandler
                0x08142878                I2C3_EV_IRQHandler
                0x08142878                EXTI9_5_IRQHandler
                0x08142878                RTC_WKUP_IRQHandler
                0x08142878                LTDC_IRQHandler
                0x08142878                SAI3_IRQHandler
                0x08142878                ETH_WKUP_IRQHandler
                0x08142878                SPDIF_RX_IRQHandler
                0x08142878                SPI2_IRQHandler
                0x08142878                OTG_HS_EP1_IN_IRQHandler
                0x08142878                DMA1_Stream0_IRQHandler
                0x08142878                CRS_IRQHandler
                0x08142878                CM7_SEV_IRQHandler
                0x08142878                EXTI4_IRQHandler
                0x08142878                RNG_IRQHandler
                0x08142878                CM4_SEV_IRQHandler
                0x08142878                HRTIM1_TIMB_IRQHandler
                0x08142878                FDCAN2_IT1_IRQHandler
                0x08142878                ETH_IRQHandler
                0x08142878                TIM1_UP_IRQHandler
                0x08142878                WWDG_RST_IRQHandler
                0x08142878                BDMA_Channel4_IRQHandler
                0x08142878                OTG_HS_EP1_OUT_IRQHandler
                0x08142878                WWDG_IRQHandler
                0x08142878                SPI6_IRQHandler
                0x08142878                MDIOS_IRQHandler
                0x08142878                I2C4_EV_IRQHandler
                0x08142878                FDCAN2_IT0_IRQHandler
                0x08142878                LPUART1_IRQHandler
                0x08142878                FDCAN1_IT0_IRQHandler
                0x08142878                OTG_FS_WKUP_IRQHandler
                0x08142878                OTG_HS_IRQHandler
                0x08142878                HSEM2_IRQHandler
                0x08142878                DMA2D_IRQHandler
                0x08142878                TIM1_BRK_IRQHandler
                0x08142878                EXTI1_IRQHandler
                0x08142878                OTG_FS_EP1_OUT_IRQHandler
                0x08142878                BDMA_Channel3_IRQHandler
                0x08142878                HOLD_CORE_IRQHandler
                0x08142878                UART7_IRQHandler
                0x08142878                MDIOS_WKUP_IRQHandler
                0x08142878                USART2_IRQHandler
                0x08142878                DFSDM1_FLT0_IRQHandler
                0x08142878                SAI4_IRQHandler
                0x08142878                I2C2_ER_IRQHandler
                0x08142878                DMA2_Stream1_IRQHandler
                0x08142878                FLASH_IRQHandler
                0x08142878                DMA2_Stream4_IRQHandler
                0x08142878                USART1_IRQHandler
                0x08142878                SPI3_IRQHandler
                0x08142878                WAKEUP_PIN_IRQHandler
                0x08142878                DMA1_Stream4_IRQHandler
                0x08142878                OTG_FS_EP1_IN_IRQHandler
                0x08142878                I2C1_ER_IRQHandler
                0x08142878                FMC_IRQHandler
                0x08142878                FDCAN_CAL_IRQHandler
                0x08142878                SWPMI1_IRQHandler
                0x08142878                COMP1_IRQHandler
                0x08142878                LPTIM1_IRQHandler
                0x08142878                I2C4_ER_IRQHandler
                0x08142878                DMA2_Stream6_IRQHandler
                0x08142878                SAI1_IRQHandler
                0x08142878                DMA1_Stream3_IRQHandler
 *fill*         0x0814287a        0x2 
 .text.HAL_Init
                0x0814287c       0xbc ./Drivers/STM32H7xx_HAL_Driver/stm32h7xx_hal.o
                0x0814287c                HAL_Init
 .text.HAL_IncTick
                0x08142938       0x28 ./Drivers/STM32H7xx_HAL_Driver/stm32h7xx_hal.o
                0x08142938                HAL_IncTick
 .text.HAL_GetTick
                0x08142960       0x18 ./Drivers/STM32H7xx_HAL_Driver/stm32h7xx_hal.o
                0x08142960                HAL_GetTick
 .text.HAL_Delay
                0x08142978       0x48 ./Drivers/STM32H7xx_HAL_Driver/stm32h7xx_hal.o
                0x08142978                HAL_Delay
 .text.__NVIC_SetPriorityGrouping
                0x081429c0       0x48 ./Drivers/STM32H7xx_HAL_Driver/stm32h7xx_hal_cortex.o
 .text.__NVIC_GetPriorityGrouping
                0x08142a08       0x1c ./Drivers/STM32H7xx_HAL_Driver/stm32h7xx_hal_cortex.o
 .text.__NVIC_EnableIRQ
                0x08142a24       0x3c ./Drivers/STM32H7xx_HAL_Driver/stm32h7xx_hal_cortex.o
 .text.__NVIC_SetPriority
                0x08142a60       0x54 ./Drivers/STM32H7xx_HAL_Driver/stm32h7xx_hal_cortex.o
 .text.NVIC_EncodePriority
                0x08142ab4       0x66 ./Drivers/STM32H7xx_HAL_Driver/stm32h7xx_hal_cortex.o
 .text.HAL_NVIC_SetPriorityGrouping
                0x08142b1a       0x16 ./Drivers/STM32H7xx_HAL_Driver/stm32h7xx_hal_cortex.o
                0x08142b1a                HAL_NVIC_SetPriorityGrouping
 .text.HAL_NVIC_SetPriority
                0x08142b30       0x34 ./Drivers/STM32H7xx_HAL_Driver/stm32h7xx_hal_cortex.o
                0x08142b30                HAL_NVIC_SetPriority
 .text.HAL_NVIC_EnableIRQ
                0x08142b64       0x1c ./Drivers/STM32H7xx_HAL_Driver/stm32h7xx_hal_cortex.o
                0x08142b64                HAL_NVIC_EnableIRQ
 .text.HAL_GPIO_Init
                0x08142b80      0x360 ./Drivers/STM32H7xx_HAL_Driver/stm32h7xx_hal_gpio.o
                0x08142b80                HAL_GPIO_Init
 .text.HAL_HSEM_FastTake
                0x08142ee0       0x34 ./Drivers/STM32H7xx_HAL_Driver/stm32h7xx_hal_hsem.o
                0x08142ee0                HAL_HSEM_FastTake
 .text.HAL_MMC_Init
                0x08142f14       0x7e ./Drivers/STM32H7xx_HAL_Driver/stm32h7xx_hal_mmc.o
                0x08142f14                HAL_MMC_Init
 *fill*         0x08142f92        0x2 
 .text.HAL_MMC_InitCard
                0x08142f94      0x138 ./Drivers/STM32H7xx_HAL_Driver/stm32h7xx_hal_mmc.o
                0x08142f94                HAL_MMC_InitCard
 .text.HAL_MMC_IRQHandler
                0x081430cc      0x360 ./Drivers/STM32H7xx_HAL_Driver/stm32h7xx_hal_mmc.o
                0x081430cc                HAL_MMC_IRQHandler
 .text.HAL_MMC_TxCpltCallback
                0x0814342c       0x14 ./Drivers/STM32H7xx_HAL_Driver/stm32h7xx_hal_mmc.o
                0x0814342c                HAL_MMC_TxCpltCallback
 .text.HAL_MMC_RxCpltCallback
                0x08143440       0x14 ./Drivers/STM32H7xx_HAL_Driver/stm32h7xx_hal_mmc.o
                0x08143440                HAL_MMC_RxCpltCallback
 .text.HAL_MMC_ErrorCallback
                0x08143454       0x14 ./Drivers/STM32H7xx_HAL_Driver/stm32h7xx_hal_mmc.o
                0x08143454                HAL_MMC_ErrorCallback
 .text.HAL_MMC_GetCardCSD
                0x08143468      0x348 ./Drivers/STM32H7xx_HAL_Driver/stm32h7xx_hal_mmc.o
                0x08143468                HAL_MMC_GetCardCSD
 .text.HAL_MMC_GetCardExtCSD
                0x081437b0      0x1f8 ./Drivers/STM32H7xx_HAL_Driver/stm32h7xx_hal_mmc.o
                0x081437b0                HAL_MMC_GetCardExtCSD
 .text.HAL_MMC_ConfigWideBusOperation
                0x081439a8      0x198 ./Drivers/STM32H7xx_HAL_Driver/stm32h7xx_hal_mmc.o
                0x081439a8                HAL_MMC_ConfigWideBusOperation
 .text.MMC_InitCard
                0x08143b40      0x1fa ./Drivers/STM32H7xx_HAL_Driver/stm32h7xx_hal_mmc.o
 *fill*         0x08143d3a        0x2 
 .text.MMC_PowerON
                0x08143d3c       0xa0 ./Drivers/STM32H7xx_HAL_Driver/stm32h7xx_hal_mmc.o
 .text.MMC_ReadExtCSD
                0x08143ddc      0x1e8 ./Drivers/STM32H7xx_HAL_Driver/stm32h7xx_hal_mmc.o
 .text.MMC_Read_IT
                0x08143fc4       0x8c ./Drivers/STM32H7xx_HAL_Driver/stm32h7xx_hal_mmc.o
 .text.MMC_Write_IT
                0x08144050       0x94 ./Drivers/STM32H7xx_HAL_Driver/stm32h7xx_hal_mmc.o
 .text.MMC_PwrClassUpdate
                0x081440e4      0x140 ./Drivers/STM32H7xx_HAL_Driver/stm32h7xx_hal_mmc.o
 .text.HAL_MMCEx_Read_DMADoubleBuf0CpltCallback
                0x08144224       0x14 ./Drivers/STM32H7xx_HAL_Driver/stm32h7xx_hal_mmc.o
                0x08144224                HAL_MMCEx_Read_DMADoubleBuf0CpltCallback
 .text.HAL_MMCEx_Read_DMADoubleBuf1CpltCallback
                0x08144238       0x14 ./Drivers/STM32H7xx_HAL_Driver/stm32h7xx_hal_mmc.o
                0x08144238                HAL_MMCEx_Read_DMADoubleBuf1CpltCallback
 .text.HAL_MMCEx_Write_DMADoubleBuf0CpltCallback
                0x0814424c       0x14 ./Drivers/STM32H7xx_HAL_Driver/stm32h7xx_hal_mmc.o
                0x0814424c                HAL_MMCEx_Write_DMADoubleBuf0CpltCallback
 .text.HAL_MMCEx_Write_DMADoubleBuf1CpltCallback
                0x08144260       0x14 ./Drivers/STM32H7xx_HAL_Driver/stm32h7xx_hal_mmc.o
                0x08144260                HAL_MMCEx_Write_DMADoubleBuf1CpltCallback
 .text.HAL_PCD_Init
                0x08144274      0x218 ./Drivers/STM32H7xx_HAL_Driver/stm32h7xx_hal_pcd.o
                0x08144274                HAL_PCD_Init
 .text.HAL_PCD_Start
                0x0814448c       0x6a ./Drivers/STM32H7xx_HAL_Driver/stm32h7xx_hal_pcd.o
                0x0814448c                HAL_PCD_Start
 .text.HAL_PCD_IRQHandler
                0x081444f6      0x99c ./Drivers/STM32H7xx_HAL_Driver/stm32h7xx_hal_pcd.o
                0x081444f6                HAL_PCD_IRQHandler
 .text.HAL_PCD_SetAddress
                0x08144e92       0x48 ./Drivers/STM32H7xx_HAL_Driver/stm32h7xx_hal_pcd.o
                0x08144e92                HAL_PCD_SetAddress
 .text.HAL_PCD_EP_Open
                0x08144eda       0xd4 ./Drivers/STM32H7xx_HAL_Driver/stm32h7xx_hal_pcd.o
                0x08144eda                HAL_PCD_EP_Open
 .text.HAL_PCD_EP_Close
                0x08144fae       0x94 ./Drivers/STM32H7xx_HAL_Driver/stm32h7xx_hal_pcd.o
                0x08144fae                HAL_PCD_EP_Close
 .text.HAL_PCD_EP_Receive
                0x08145042       0x76 ./Drivers/STM32H7xx_HAL_Driver/stm32h7xx_hal_pcd.o
                0x08145042                HAL_PCD_EP_Receive
 .text.HAL_PCD_EP_GetRxCount
                0x081450b8       0x30 ./Drivers/STM32H7xx_HAL_Driver/stm32h7xx_hal_pcd.o
                0x081450b8                HAL_PCD_EP_GetRxCount
 .text.HAL_PCD_EP_Transmit
                0x081450e8       0x74 ./Drivers/STM32H7xx_HAL_Driver/stm32h7xx_hal_pcd.o
                0x081450e8                HAL_PCD_EP_Transmit
 .text.HAL_PCD_EP_SetStall
                0x0814515c       0xc6 ./Drivers/STM32H7xx_HAL_Driver/stm32h7xx_hal_pcd.o
                0x0814515c                HAL_PCD_EP_SetStall
 .text.HAL_PCD_EP_ClrStall
                0x08145222       0xac ./Drivers/STM32H7xx_HAL_Driver/stm32h7xx_hal_pcd.o
                0x08145222                HAL_PCD_EP_ClrStall
 .text.HAL_PCD_EP_Abort
                0x081452ce       0x62 ./Drivers/STM32H7xx_HAL_Driver/stm32h7xx_hal_pcd.o
                0x081452ce                HAL_PCD_EP_Abort
 .text.PCD_WriteEmptyTxFifo
                0x08145330      0x118 ./Drivers/STM32H7xx_HAL_Driver/stm32h7xx_hal_pcd.o
 .text.PCD_EP_OutXfrComplete_int
                0x08145448      0x1d0 ./Drivers/STM32H7xx_HAL_Driver/stm32h7xx_hal_pcd.o
 .text.PCD_EP_OutSetupPacket_int
                0x08145618       0x8c ./Drivers/STM32H7xx_HAL_Driver/stm32h7xx_hal_pcd.o
 .text.HAL_PCDEx_SetTxFiFo
                0x081456a4       0x8e ./Drivers/STM32H7xx_HAL_Driver/stm32h7xx_hal_pcd_ex.o
                0x081456a4                HAL_PCDEx_SetTxFiFo
 .text.HAL_PCDEx_SetRxFiFo
                0x08145732       0x22 ./Drivers/STM32H7xx_HAL_Driver/stm32h7xx_hal_pcd_ex.o
                0x08145732                HAL_PCDEx_SetRxFiFo
 .text.HAL_PCDEx_ActivateLPM
                0x08145754       0x48 ./Drivers/STM32H7xx_HAL_Driver/stm32h7xx_hal_pcd_ex.o
                0x08145754                HAL_PCDEx_ActivateLPM
 .text.HAL_PCDEx_LPM_Callback
                0x0814579c       0x18 ./Drivers/STM32H7xx_HAL_Driver/stm32h7xx_hal_pcd_ex.o
                0x0814579c                HAL_PCDEx_LPM_Callback
 .text.HAL_PWREx_EnableUSBVoltageDetector
                0x081457b4       0x20 ./Drivers/STM32H7xx_HAL_Driver/stm32h7xx_hal_pwr_ex.o
                0x081457b4                HAL_PWREx_EnableUSBVoltageDetector
 .text.HAL_RCC_GetSysClockFreq
                0x081457d4      0x2f4 ./Drivers/STM32H7xx_HAL_Driver/stm32h7xx_hal_rcc.o
                0x081457d4                HAL_RCC_GetSysClockFreq
 .text.HAL_RCC_GetHCLKFreq
                0x08145ac8       0x64 ./Drivers/STM32H7xx_HAL_Driver/stm32h7xx_hal_rcc.o
                0x08145ac8                HAL_RCC_GetHCLKFreq
 .text.HAL_RCC_GetPCLK1Freq
                0x08145b2c       0x2c ./Drivers/STM32H7xx_HAL_Driver/stm32h7xx_hal_rcc.o
                0x08145b2c                HAL_RCC_GetPCLK1Freq
 .text.HAL_RCC_GetClockConfig
                0x08145b58       0x84 ./Drivers/STM32H7xx_HAL_Driver/stm32h7xx_hal_rcc.o
                0x08145b58                HAL_RCC_GetClockConfig
 .text.HAL_RCCEx_PeriphCLKConfig
                0x08145bdc     0x1414 ./Drivers/STM32H7xx_HAL_Driver/stm32h7xx_hal_rcc_ex.o
                0x08145bdc                HAL_RCCEx_PeriphCLKConfig
 .text.HAL_RCCEx_GetPeriphCLKFreq
                0x08146ff0      0xb00 ./Drivers/STM32H7xx_HAL_Driver/stm32h7xx_hal_rcc_ex.o
                0x08146ff0                HAL_RCCEx_GetPeriphCLKFreq
 .text.HAL_RCCEx_GetD3PCLK1Freq
                0x08147af0       0x2c ./Drivers/STM32H7xx_HAL_Driver/stm32h7xx_hal_rcc_ex.o
                0x08147af0                HAL_RCCEx_GetD3PCLK1Freq
 .text.HAL_RCCEx_GetPLL2ClockFreq
                0x08147b1c      0x2a8 ./Drivers/STM32H7xx_HAL_Driver/stm32h7xx_hal_rcc_ex.o
                0x08147b1c                HAL_RCCEx_GetPLL2ClockFreq
 .text.HAL_RCCEx_GetPLL3ClockFreq
                0x08147dc4      0x2a8 ./Drivers/STM32H7xx_HAL_Driver/stm32h7xx_hal_rcc_ex.o
                0x08147dc4                HAL_RCCEx_GetPLL3ClockFreq
 .text.HAL_RCCEx_GetPLL1ClockFreq
                0x0814806c      0x2a4 ./Drivers/STM32H7xx_HAL_Driver/stm32h7xx_hal_rcc_ex.o
                0x0814806c                HAL_RCCEx_GetPLL1ClockFreq
 .text.RCCEx_PLL2_Config
                0x08148310      0x164 ./Drivers/STM32H7xx_HAL_Driver/stm32h7xx_hal_rcc_ex.o
 .text.RCCEx_PLL3_Config
                0x08148474      0x164 ./Drivers/STM32H7xx_HAL_Driver/stm32h7xx_hal_rcc_ex.o
 .text.HAL_TIM_Base_Init
                0x081485d8       0xae ./Drivers/STM32H7xx_HAL_Driver/stm32h7xx_hal_tim.o
                0x081485d8                HAL_TIM_Base_Init
 .text.HAL_TIM_Base_MspInit
                0x08148686       0x14 ./Drivers/STM32H7xx_HAL_Driver/stm32h7xx_hal_tim.o
                0x08148686                HAL_TIM_Base_MspInit
 *fill*         0x0814869a        0x2 
 .text.HAL_TIM_Base_Start_IT
                0x0814869c       0xf0 ./Drivers/STM32H7xx_HAL_Driver/stm32h7xx_hal_tim.o
                0x0814869c                HAL_TIM_Base_Start_IT
 .text.HAL_TIM_IRQHandler
                0x0814878c      0x20e ./Drivers/STM32H7xx_HAL_Driver/stm32h7xx_hal_tim.o
                0x0814878c                HAL_TIM_IRQHandler
 .text.HAL_TIM_OC_DelayElapsedCallback
                0x0814899a       0x14 ./Drivers/STM32H7xx_HAL_Driver/stm32h7xx_hal_tim.o
                0x0814899a                HAL_TIM_OC_DelayElapsedCallback
 .text.HAL_TIM_IC_CaptureCallback
                0x081489ae       0x14 ./Drivers/STM32H7xx_HAL_Driver/stm32h7xx_hal_tim.o
                0x081489ae                HAL_TIM_IC_CaptureCallback
 .text.HAL_TIM_PWM_PulseFinishedCallback
                0x081489c2       0x14 ./Drivers/STM32H7xx_HAL_Driver/stm32h7xx_hal_tim.o
                0x081489c2                HAL_TIM_PWM_PulseFinishedCallback
 .text.HAL_TIM_TriggerCallback
                0x081489d6       0x14 ./Drivers/STM32H7xx_HAL_Driver/stm32h7xx_hal_tim.o
                0x081489d6                HAL_TIM_TriggerCallback
 *fill*         0x081489ea        0x2 
 .text.TIM_Base_SetConfig
                0x081489ec      0x140 ./Drivers/STM32H7xx_HAL_Driver/stm32h7xx_hal_tim.o
                0x081489ec                TIM_Base_SetConfig
 .text.HAL_TIMEx_CommutCallback
                0x08148b2c       0x14 ./Drivers/STM32H7xx_HAL_Driver/stm32h7xx_hal_tim_ex.o
                0x08148b2c                HAL_TIMEx_CommutCallback
 .text.HAL_TIMEx_BreakCallback
                0x08148b40       0x14 ./Drivers/STM32H7xx_HAL_Driver/stm32h7xx_hal_tim_ex.o
                0x08148b40                HAL_TIMEx_BreakCallback
 .text.HAL_TIMEx_Break2Callback
                0x08148b54       0x14 ./Drivers/STM32H7xx_HAL_Driver/stm32h7xx_hal_tim_ex.o
                0x08148b54                HAL_TIMEx_Break2Callback
 .text.LL_GPIO_SetPinMode
                0x08148b68       0x40 ./Drivers/STM32H7xx_HAL_Driver/stm32h7xx_ll_gpio.o
 .text.LL_GPIO_SetPinOutputType
                0x08148ba8       0x30 ./Drivers/STM32H7xx_HAL_Driver/stm32h7xx_ll_gpio.o
 .text.LL_GPIO_SetPinSpeed
                0x08148bd8       0x40 ./Drivers/STM32H7xx_HAL_Driver/stm32h7xx_ll_gpio.o
 .text.LL_GPIO_SetPinPull
                0x08148c18       0x40 ./Drivers/STM32H7xx_HAL_Driver/stm32h7xx_ll_gpio.o
 .text.LL_GPIO_SetAFPin_0_7
                0x08148c58       0x58 ./Drivers/STM32H7xx_HAL_Driver/stm32h7xx_ll_gpio.o
 .text.LL_GPIO_SetAFPin_8_15
                0x08148cb0       0x6c ./Drivers/STM32H7xx_HAL_Driver/stm32h7xx_ll_gpio.o
 .text.LL_GPIO_Init
                0x08148d1c       0xdc ./Drivers/STM32H7xx_HAL_Driver/stm32h7xx_ll_gpio.o
                0x08148d1c                LL_GPIO_Init
 .text.LL_RCC_HSE_IsReady
                0x08148df8       0x28 ./Drivers/STM32H7xx_HAL_Driver/stm32h7xx_ll_rcc.o
 .text.LL_RCC_HSI_IsReady
                0x08148e20       0x24 ./Drivers/STM32H7xx_HAL_Driver/stm32h7xx_ll_rcc.o
 .text.LL_RCC_HSI_GetDivider
                0x08148e44       0x1c ./Drivers/STM32H7xx_HAL_Driver/stm32h7xx_ll_rcc.o
 .text.LL_RCC_CSI_IsReady
                0x08148e60       0x28 ./Drivers/STM32H7xx_HAL_Driver/stm32h7xx_ll_rcc.o
 .text.LL_RCC_LSE_IsReady
                0x08148e88       0x24 ./Drivers/STM32H7xx_HAL_Driver/stm32h7xx_ll_rcc.o
 .text.LL_RCC_GetSysClkSource
                0x08148eac       0x1c ./Drivers/STM32H7xx_HAL_Driver/stm32h7xx_ll_rcc.o
 .text.LL_RCC_GetSysPrescaler
                0x08148ec8       0x1c ./Drivers/STM32H7xx_HAL_Driver/stm32h7xx_ll_rcc.o
 .text.LL_RCC_GetAHBPrescaler
                0x08148ee4       0x1c ./Drivers/STM32H7xx_HAL_Driver/stm32h7xx_ll_rcc.o
 .text.LL_RCC_GetAPB1Prescaler
                0x08148f00       0x1c ./Drivers/STM32H7xx_HAL_Driver/stm32h7xx_ll_rcc.o
 .text.LL_RCC_GetAPB2Prescaler
                0x08148f1c       0x1c ./Drivers/STM32H7xx_HAL_Driver/stm32h7xx_ll_rcc.o
 .text.LL_RCC_GetClockSource
                0x08148f38       0x4c ./Drivers/STM32H7xx_HAL_Driver/stm32h7xx_ll_rcc.o
 .text.LL_RCC_GetUSARTClockSource
                0x08148f84       0x18 ./Drivers/STM32H7xx_HAL_Driver/stm32h7xx_ll_rcc.o
 .text.LL_RCC_PLL_GetSource
                0x08148f9c       0x1c ./Drivers/STM32H7xx_HAL_Driver/stm32h7xx_ll_rcc.o
 .text.LL_RCC_PLL1P_IsEnabled
                0x08148fb8       0x28 ./Drivers/STM32H7xx_HAL_Driver/stm32h7xx_ll_rcc.o
 .text.LL_RCC_PLL1Q_IsEnabled
                0x08148fe0       0x28 ./Drivers/STM32H7xx_HAL_Driver/stm32h7xx_ll_rcc.o
 .text.LL_RCC_PLL1R_IsEnabled
                0x08149008       0x28 ./Drivers/STM32H7xx_HAL_Driver/stm32h7xx_ll_rcc.o
 .text.LL_RCC_PLL1FRACN_IsEnabled
                0x08149030       0x24 ./Drivers/STM32H7xx_HAL_Driver/stm32h7xx_ll_rcc.o
 .text.LL_RCC_PLL1_GetN
                0x08149054       0x1c ./Drivers/STM32H7xx_HAL_Driver/stm32h7xx_ll_rcc.o
 .text.LL_RCC_PLL1_GetM
                0x08149070       0x1c ./Drivers/STM32H7xx_HAL_Driver/stm32h7xx_ll_rcc.o
 .text.LL_RCC_PLL1_GetP
                0x0814908c       0x20 ./Drivers/STM32H7xx_HAL_Driver/stm32h7xx_ll_rcc.o
 .text.LL_RCC_PLL1_GetQ
                0x081490ac       0x20 ./Drivers/STM32H7xx_HAL_Driver/stm32h7xx_ll_rcc.o
 .text.LL_RCC_PLL1_GetR
                0x081490cc       0x20 ./Drivers/STM32H7xx_HAL_Driver/stm32h7xx_ll_rcc.o
 .text.LL_RCC_PLL1_GetFRACN
                0x081490ec       0x1c ./Drivers/STM32H7xx_HAL_Driver/stm32h7xx_ll_rcc.o
 .text.LL_RCC_PLL2_IsReady
                0x08149108       0x28 ./Drivers/STM32H7xx_HAL_Driver/stm32h7xx_ll_rcc.o
 .text.LL_RCC_PLL2P_IsEnabled
                0x08149130       0x28 ./Drivers/STM32H7xx_HAL_Driver/stm32h7xx_ll_rcc.o
 .text.LL_RCC_PLL2Q_IsEnabled
                0x08149158       0x28 ./Drivers/STM32H7xx_HAL_Driver/stm32h7xx_ll_rcc.o
 .text.LL_RCC_PLL2R_IsEnabled
                0x08149180       0x28 ./Drivers/STM32H7xx_HAL_Driver/stm32h7xx_ll_rcc.o
 .text.LL_RCC_PLL2FRACN_IsEnabled
                0x081491a8       0x24 ./Drivers/STM32H7xx_HAL_Driver/stm32h7xx_ll_rcc.o
 .text.LL_RCC_PLL2_GetN
                0x081491cc       0x1c ./Drivers/STM32H7xx_HAL_Driver/stm32h7xx_ll_rcc.o
 .text.LL_RCC_PLL2_GetM
                0x081491e8       0x1c ./Drivers/STM32H7xx_HAL_Driver/stm32h7xx_ll_rcc.o
 .text.LL_RCC_PLL2_GetP
                0x08149204       0x20 ./Drivers/STM32H7xx_HAL_Driver/stm32h7xx_ll_rcc.o
 .text.LL_RCC_PLL2_GetQ
                0x08149224       0x20 ./Drivers/STM32H7xx_HAL_Driver/stm32h7xx_ll_rcc.o
 .text.LL_RCC_PLL2_GetR
                0x08149244       0x20 ./Drivers/STM32H7xx_HAL_Driver/stm32h7xx_ll_rcc.o
 .text.LL_RCC_PLL2_GetFRACN
                0x08149264       0x1c ./Drivers/STM32H7xx_HAL_Driver/stm32h7xx_ll_rcc.o
 .text.LL_RCC_PLL3_IsReady
                0x08149280       0x28 ./Drivers/STM32H7xx_HAL_Driver/stm32h7xx_ll_rcc.o
 .text.LL_RCC_PLL3P_IsEnabled
                0x081492a8       0x28 ./Drivers/STM32H7xx_HAL_Driver/stm32h7xx_ll_rcc.o
 .text.LL_RCC_PLL3Q_IsEnabled
                0x081492d0       0x28 ./Drivers/STM32H7xx_HAL_Driver/stm32h7xx_ll_rcc.o
 .text.LL_RCC_PLL3R_IsEnabled
                0x081492f8       0x28 ./Drivers/STM32H7xx_HAL_Driver/stm32h7xx_ll_rcc.o
 .text.LL_RCC_PLL3FRACN_IsEnabled
                0x08149320       0x28 ./Drivers/STM32H7xx_HAL_Driver/stm32h7xx_ll_rcc.o
 .text.LL_RCC_PLL3_GetN
                0x08149348       0x1c ./Drivers/STM32H7xx_HAL_Driver/stm32h7xx_ll_rcc.o
 .text.LL_RCC_PLL3_GetM
                0x08149364       0x1c ./Drivers/STM32H7xx_HAL_Driver/stm32h7xx_ll_rcc.o
 .text.LL_RCC_PLL3_GetP
                0x08149380       0x20 ./Drivers/STM32H7xx_HAL_Driver/stm32h7xx_ll_rcc.o
 .text.LL_RCC_PLL3_GetQ
                0x081493a0       0x20 ./Drivers/STM32H7xx_HAL_Driver/stm32h7xx_ll_rcc.o
 .text.LL_RCC_PLL3_GetR
                0x081493c0       0x20 ./Drivers/STM32H7xx_HAL_Driver/stm32h7xx_ll_rcc.o
 .text.LL_RCC_PLL3_GetFRACN
                0x081493e0       0x1c ./Drivers/STM32H7xx_HAL_Driver/stm32h7xx_ll_rcc.o
 .text.LL_RCC_GetPLL1ClockFreq
                0x081493fc      0x130 ./Drivers/STM32H7xx_HAL_Driver/stm32h7xx_ll_rcc.o
                0x081493fc                LL_RCC_GetPLL1ClockFreq
 .text.LL_RCC_GetPLL2ClockFreq
                0x0814952c      0x130 ./Drivers/STM32H7xx_HAL_Driver/stm32h7xx_ll_rcc.o
                0x0814952c                LL_RCC_GetPLL2ClockFreq
 .text.LL_RCC_GetPLL3ClockFreq
                0x0814965c      0x134 ./Drivers/STM32H7xx_HAL_Driver/stm32h7xx_ll_rcc.o
                0x0814965c                LL_RCC_GetPLL3ClockFreq
 .text.LL_RCC_CalcPLLClockFreq
                0x08149790       0x80 ./Drivers/STM32H7xx_HAL_Driver/stm32h7xx_ll_rcc.o
                0x08149790                LL_RCC_CalcPLLClockFreq
 .text.LL_RCC_GetUSARTClockFreq
                0x08149810      0x1dc ./Drivers/STM32H7xx_HAL_Driver/stm32h7xx_ll_rcc.o
                0x08149810                LL_RCC_GetUSARTClockFreq
 .text.RCC_GetSystemClockFreq
                0x081499ec       0xc4 ./Drivers/STM32H7xx_HAL_Driver/stm32h7xx_ll_rcc.o
 .text.RCC_GetHCLKClockFreq
                0x08149ab0       0x2c ./Drivers/STM32H7xx_HAL_Driver/stm32h7xx_ll_rcc.o
 .text.RCC_GetPCLK1ClockFreq
                0x08149adc       0x30 ./Drivers/STM32H7xx_HAL_Driver/stm32h7xx_ll_rcc.o
 .text.RCC_GetPCLK2ClockFreq
                0x08149b0c       0x30 ./Drivers/STM32H7xx_HAL_Driver/stm32h7xx_ll_rcc.o
 .text.SDMMC_Init
                0x08149b3c       0x54 ./Drivers/STM32H7xx_HAL_Driver/stm32h7xx_ll_sdmmc.o
                0x08149b3c                SDMMC_Init
 .text.SDMMC_ReadFIFO
                0x08149b90       0x1a ./Drivers/STM32H7xx_HAL_Driver/stm32h7xx_ll_sdmmc.o
                0x08149b90                SDMMC_ReadFIFO
 .text.SDMMC_WriteFIFO
                0x08149baa       0x22 ./Drivers/STM32H7xx_HAL_Driver/stm32h7xx_ll_sdmmc.o
                0x08149baa                SDMMC_WriteFIFO
 .text.SDMMC_PowerState_ON
                0x08149bcc       0x22 ./Drivers/STM32H7xx_HAL_Driver/stm32h7xx_ll_sdmmc.o
                0x08149bcc                SDMMC_PowerState_ON
 .text.SDMMC_GetPowerState
                0x08149bee       0x1c ./Drivers/STM32H7xx_HAL_Driver/stm32h7xx_ll_sdmmc.o
                0x08149bee                SDMMC_GetPowerState
 *fill*         0x08149c0a        0x2 
 .text.SDMMC_SendCommand
                0x08149c0c       0x54 ./Drivers/STM32H7xx_HAL_Driver/stm32h7xx_ll_sdmmc.o
                0x08149c0c                SDMMC_SendCommand
 .text.SDMMC_GetCommandResponse
                0x08149c60       0x1a ./Drivers/STM32H7xx_HAL_Driver/stm32h7xx_ll_sdmmc.o
                0x08149c60                SDMMC_GetCommandResponse
 .text.SDMMC_GetResponse
                0x08149c7a       0x26 ./Drivers/STM32H7xx_HAL_Driver/stm32h7xx_ll_sdmmc.o
                0x08149c7a                SDMMC_GetResponse
 .text.SDMMC_ConfigData
                0x08149ca0       0x58 ./Drivers/STM32H7xx_HAL_Driver/stm32h7xx_ll_sdmmc.o
                0x08149ca0                SDMMC_ConfigData
 .text.SDMMC_CmdBlockLength
                0x08149cf8       0x46 ./Drivers/STM32H7xx_HAL_Driver/stm32h7xx_ll_sdmmc.o
                0x08149cf8                SDMMC_CmdBlockLength
 *fill*         0x08149d3e        0x2 
 .text.SDMMC_CmdStopTransfer
                0x08149d40       0x78 ./Drivers/STM32H7xx_HAL_Driver/stm32h7xx_ll_sdmmc.o
                0x08149d40                SDMMC_CmdStopTransfer
 .text.SDMMC_CmdSelDesel
                0x08149db8       0x46 ./Drivers/STM32H7xx_HAL_Driver/stm32h7xx_ll_sdmmc.o
                0x08149db8                SDMMC_CmdSelDesel
 .text.SDMMC_CmdGoIdleState
                0x08149dfe       0x3c ./Drivers/STM32H7xx_HAL_Driver/stm32h7xx_ll_sdmmc.o
                0x08149dfe                SDMMC_CmdGoIdleState
 .text.SDMMC_CmdSendCID
                0x08149e3a       0x3e ./Drivers/STM32H7xx_HAL_Driver/stm32h7xx_ll_sdmmc.o
                0x08149e3a                SDMMC_CmdSendCID
 .text.SDMMC_CmdSendCSD
                0x08149e78       0x40 ./Drivers/STM32H7xx_HAL_Driver/stm32h7xx_ll_sdmmc.o
                0x08149e78                SDMMC_CmdSendCSD
 .text.SDMMC_CmdSetRelAddMmc
                0x08149eb8       0x4a ./Drivers/STM32H7xx_HAL_Driver/stm32h7xx_ll_sdmmc.o
                0x08149eb8                SDMMC_CmdSetRelAddMmc
 .text.SDMMC_CmdSendStatus
                0x08149f02       0x46 ./Drivers/STM32H7xx_HAL_Driver/stm32h7xx_ll_sdmmc.o
                0x08149f02                SDMMC_CmdSendStatus
 .text.SDMMC_CmdOpCondition
                0x08149f48       0x40 ./Drivers/STM32H7xx_HAL_Driver/stm32h7xx_ll_sdmmc.o
                0x08149f48                SDMMC_CmdOpCondition
 .text.SDMMC_CmdSwitch
                0x08149f88       0x46 ./Drivers/STM32H7xx_HAL_Driver/stm32h7xx_ll_sdmmc.o
                0x08149f88                SDMMC_CmdSwitch
 .text.SDMMC_CmdSendEXTCSD
                0x08149fce       0x46 ./Drivers/STM32H7xx_HAL_Driver/stm32h7xx_ll_sdmmc.o
                0x08149fce                SDMMC_CmdSendEXTCSD
 .text.SDMMC_GetCmdResp1
                0x0814a014      0x1e4 ./Drivers/STM32H7xx_HAL_Driver/stm32h7xx_ll_sdmmc.o
                0x0814a014                SDMMC_GetCmdResp1
 .text.SDMMC_GetCmdResp2
                0x0814a1f8       0x94 ./Drivers/STM32H7xx_HAL_Driver/stm32h7xx_ll_sdmmc.o
                0x0814a1f8                SDMMC_GetCmdResp2
 .text.SDMMC_GetCmdResp3
                0x0814a28c       0x80 ./Drivers/STM32H7xx_HAL_Driver/stm32h7xx_ll_sdmmc.o
                0x0814a28c                SDMMC_GetCmdResp3
 .text.SDMMC_GetCmdError
                0x0814a30c       0x5c ./Drivers/STM32H7xx_HAL_Driver/stm32h7xx_ll_sdmmc.o
 .text.LL_TIM_SetPrescaler
                0x0814a368       0x1c ./Drivers/STM32H7xx_HAL_Driver/stm32h7xx_ll_tim.o
 .text.LL_TIM_SetAutoReload
                0x0814a384       0x1c ./Drivers/STM32H7xx_HAL_Driver/stm32h7xx_ll_tim.o
 .text.LL_TIM_SetRepetitionCounter
                0x0814a3a0       0x1c ./Drivers/STM32H7xx_HAL_Driver/stm32h7xx_ll_tim.o
 .text.LL_TIM_GenerateEvent_UPDATE
                0x0814a3bc       0x20 ./Drivers/STM32H7xx_HAL_Driver/stm32h7xx_ll_tim.o
 .text.LL_TIM_Init
                0x0814a3dc      0x128 ./Drivers/STM32H7xx_HAL_Driver/stm32h7xx_ll_tim.o
                0x0814a3dc                LL_TIM_Init
 .text.LL_USART_IsEnabled
                0x0814a504       0x26 ./Drivers/STM32H7xx_HAL_Driver/stm32h7xx_ll_usart.o
 .text.LL_USART_SetPrescaler
                0x0814a52a       0x28 ./Drivers/STM32H7xx_HAL_Driver/stm32h7xx_ll_usart.o
 .text.LL_USART_SetStopBitsLength
                0x0814a552       0x26 ./Drivers/STM32H7xx_HAL_Driver/stm32h7xx_ll_usart.o
 .text.LL_USART_SetHWFlowCtrl
                0x0814a578       0x26 ./Drivers/STM32H7xx_HAL_Driver/stm32h7xx_ll_usart.o
 *fill*         0x0814a59e        0x2 
 .text.LL_USART_SetBaudRate
                0x0814a5a0       0xa0 ./Drivers/STM32H7xx_HAL_Driver/stm32h7xx_ll_usart.o
 .text.LL_USART_Init
                0x0814a640      0x154 ./Drivers/STM32H7xx_HAL_Driver/stm32h7xx_ll_usart.o
                0x0814a640                LL_USART_Init
 .text.USB_CoreInit
                0x0814a794       0xe2 ./Drivers/STM32H7xx_HAL_Driver/stm32h7xx_ll_usb.o
                0x0814a794                USB_CoreInit
 *fill*         0x0814a876        0x2 
 .text.USB_SetTurnaroundTime
                0x0814a878      0x144 ./Drivers/STM32H7xx_HAL_Driver/stm32h7xx_ll_usb.o
                0x0814a878                USB_SetTurnaroundTime
 .text.USB_EnableGlobalInt
                0x0814a9bc       0x22 ./Drivers/STM32H7xx_HAL_Driver/stm32h7xx_ll_usb.o
                0x0814a9bc                USB_EnableGlobalInt
 .text.USB_DisableGlobalInt
                0x0814a9de       0x22 ./Drivers/STM32H7xx_HAL_Driver/stm32h7xx_ll_usb.o
                0x0814a9de                USB_DisableGlobalInt
 .text.USB_SetCurrentMode
                0x0814aa00       0x98 ./Drivers/STM32H7xx_HAL_Driver/stm32h7xx_ll_usb.o
                0x0814aa00                USB_SetCurrentMode
 .text.USB_DevInit
                0x0814aa98      0x2bc ./Drivers/STM32H7xx_HAL_Driver/stm32h7xx_ll_usb.o
                0x0814aa98                USB_DevInit
 .text.USB_FlushTxFifo
                0x0814ad54       0x64 ./Drivers/STM32H7xx_HAL_Driver/stm32h7xx_ll_usb.o
                0x0814ad54                USB_FlushTxFifo
 .text.USB_FlushRxFifo
                0x0814adb8       0x5c ./Drivers/STM32H7xx_HAL_Driver/stm32h7xx_ll_usb.o
                0x0814adb8                USB_FlushRxFifo
 .text.USB_SetDevSpeed
                0x0814ae14       0x32 ./Drivers/STM32H7xx_HAL_Driver/stm32h7xx_ll_usb.o
                0x0814ae14                USB_SetDevSpeed
 .text.USB_GetDevSpeed
                0x0814ae46       0x4a ./Drivers/STM32H7xx_HAL_Driver/stm32h7xx_ll_usb.o
                0x0814ae46                USB_GetDevSpeed
 .text.USB_ActivateEndpoint
                0x0814ae90      0x10e ./Drivers/STM32H7xx_HAL_Driver/stm32h7xx_ll_usb.o
                0x0814ae90                USB_ActivateEndpoint
 *fill*         0x0814af9e        0x2 
 .text.USB_DeactivateEndpoint
                0x0814afa0      0x1b8 ./Drivers/STM32H7xx_HAL_Driver/stm32h7xx_ll_usb.o
                0x0814afa0                USB_DeactivateEndpoint
 .text.USB_EPStartXfer
                0x0814b158      0x53c ./Drivers/STM32H7xx_HAL_Driver/stm32h7xx_ll_usb.o
                0x0814b158                USB_EPStartXfer
 .text.USB_EPStopXfer
                0x0814b694      0x154 ./Drivers/STM32H7xx_HAL_Driver/stm32h7xx_ll_usb.o
                0x0814b694                USB_EPStopXfer
 .text.USB_WritePacket
                0x0814b7e8       0x7c ./Drivers/STM32H7xx_HAL_Driver/stm32h7xx_ll_usb.o
                0x0814b7e8                USB_WritePacket
 .text.USB_ReadPacket
                0x0814b864       0xb0 ./Drivers/STM32H7xx_HAL_Driver/stm32h7xx_ll_usb.o
                0x0814b864                USB_ReadPacket
 .text.USB_EPSetStall
                0x0814b914       0xdc ./Drivers/STM32H7xx_HAL_Driver/stm32h7xx_ll_usb.o
                0x0814b914                USB_EPSetStall
 .text.USB_EPClearStall
                0x0814b9f0       0xcc ./Drivers/STM32H7xx_HAL_Driver/stm32h7xx_ll_usb.o
                0x0814b9f0                USB_EPClearStall
 .text.USB_SetDevAddress
                0x0814babc       0x4c ./Drivers/STM32H7xx_HAL_Driver/stm32h7xx_ll_usb.o
                0x0814babc                USB_SetDevAddress
 .text.USB_DevConnect
                0x0814bb08       0x42 ./Drivers/STM32H7xx_HAL_Driver/stm32h7xx_ll_usb.o
                0x0814bb08                USB_DevConnect
 .text.USB_DevDisconnect
                0x0814bb4a       0x42 ./Drivers/STM32H7xx_HAL_Driver/stm32h7xx_ll_usb.o
                0x0814bb4a                USB_DevDisconnect
 .text.USB_ReadInterrupts
                0x0814bb8c       0x26 ./Drivers/STM32H7xx_HAL_Driver/stm32h7xx_ll_usb.o
                0x0814bb8c                USB_ReadInterrupts
 .text.USB_ReadDevAllOutEpInterrupt
                0x0814bbb2       0x34 ./Drivers/STM32H7xx_HAL_Driver/stm32h7xx_ll_usb.o
                0x0814bbb2                USB_ReadDevAllOutEpInterrupt
 .text.USB_ReadDevAllInEpInterrupt
                0x0814bbe6       0x34 ./Drivers/STM32H7xx_HAL_Driver/stm32h7xx_ll_usb.o
                0x0814bbe6                USB_ReadDevAllInEpInterrupt
 .text.USB_ReadDevOutEPInterrupt
                0x0814bc1a       0x3c ./Drivers/STM32H7xx_HAL_Driver/stm32h7xx_ll_usb.o
                0x0814bc1a                USB_ReadDevOutEPInterrupt
 .text.USB_ReadDevInEPInterrupt
                0x0814bc56       0x5c ./Drivers/STM32H7xx_HAL_Driver/stm32h7xx_ll_usb.o
                0x0814bc56                USB_ReadDevInEPInterrupt
 .text.USB_GetMode
                0x0814bcb2       0x1c ./Drivers/STM32H7xx_HAL_Driver/stm32h7xx_ll_usb.o
                0x0814bcb2                USB_GetMode
 .text.USB_ActivateSetup
                0x0814bcce       0x46 ./Drivers/STM32H7xx_HAL_Driver/stm32h7xx_ll_usb.o
                0x0814bcce                USB_ActivateSetup
 .text.USB_EP0_OutStart
                0x0814bd14       0xbc ./Drivers/STM32H7xx_HAL_Driver/stm32h7xx_ll_usb.o
                0x0814bd14                USB_EP0_OutStart
 .text.USB_CoreReset
                0x0814bdd0       0x62 ./Drivers/STM32H7xx_HAL_Driver/stm32h7xx_ll_usb.o
 *fill*         0x0814be32        0x2 
 .text.USBD_CDC_Init
                0x0814be34      0x1f0 ./Middlewares/ST/STM32_USB_Device_Library/usbd_cdc.o
 .text.USBD_CDC_DeInit
                0x0814c024      0x104 ./Middlewares/ST/STM32_USB_Device_Library/usbd_cdc.o
 .text.USBD_CDC_Setup
                0x0814c128      0x1b8 ./Middlewares/ST/STM32_USB_Device_Library/usbd_cdc.o
 .text.USBD_CDC_DataIn
                0x0814c2e0       0xfe ./Middlewares/ST/STM32_USB_Device_Library/usbd_cdc.o
 .text.USBD_CDC_DataOut
                0x0814c3de       0x70 ./Middlewares/ST/STM32_USB_Device_Library/usbd_cdc.o
 .text.USBD_CDC_EP0_RxReady
                0x0814c44e       0x74 ./Middlewares/ST/STM32_USB_Device_Library/usbd_cdc.o
 *fill*         0x0814c4c2        0x2 
 .text.USBD_CDC_GetFSCfgDesc
                0x0814c4c4       0x70 ./Middlewares/ST/STM32_USB_Device_Library/usbd_cdc.o
 .text.USBD_CDC_GetHSCfgDesc
                0x0814c534       0x70 ./Middlewares/ST/STM32_USB_Device_Library/usbd_cdc.o
 .text.USBD_CDC_GetOtherSpeedCfgDesc
                0x0814c5a4       0x70 ./Middlewares/ST/STM32_USB_Device_Library/usbd_cdc.o
 .text.USBD_CDC_GetDeviceQualifierDescriptor
                0x0814c614       0x20 ./Middlewares/ST/STM32_USB_Device_Library/usbd_cdc.o
                0x0814c614                USBD_CDC_GetDeviceQualifierDescriptor
 .text.USBD_CDC_RegisterInterface
                0x0814c634       0x34 ./Middlewares/ST/STM32_USB_Device_Library/usbd_cdc.o
                0x0814c634                USBD_CDC_RegisterInterface
 .text.USBD_CDC_SetTxBuffer
                0x0814c668       0x44 ./Middlewares/ST/STM32_USB_Device_Library/usbd_cdc.o
                0x0814c668                USBD_CDC_SetTxBuffer
 .text.USBD_CDC_SetRxBuffer
                0x0814c6ac       0x3a ./Middlewares/ST/STM32_USB_Device_Library/usbd_cdc.o
                0x0814c6ac                USBD_CDC_SetRxBuffer
 *fill*         0x0814c6e6        0x2 
 .text.USBD_CDC_TransmitPacket
                0x0814c6e8       0x80 ./Middlewares/ST/STM32_USB_Device_Library/usbd_cdc.o
                0x0814c6e8                USBD_CDC_TransmitPacket
 .text.USBD_CDC_ReceivePacket
                0x0814c768       0x6c ./Middlewares/ST/STM32_USB_Device_Library/usbd_cdc.o
                0x0814c768                USBD_CDC_ReceivePacket
 .text.USBD_Init
                0x0814c7d4       0x60 ./Middlewares/ST/STM32_USB_Device_Library/usbd_core.o
                0x0814c7d4                USBD_Init
 .text.USBD_RegisterClass
                0x0814c834       0x6c ./Middlewares/ST/STM32_USB_Device_Library/usbd_core.o
                0x0814c834                USBD_RegisterClass
 .text.USBD_Start
                0x0814c8a0       0x18 ./Middlewares/ST/STM32_USB_Device_Library/usbd_core.o
                0x0814c8a0                USBD_Start
 .text.USBD_RunTestMode
                0x0814c8b8       0x16 ./Middlewares/ST/STM32_USB_Device_Library/usbd_core.o
                0x0814c8b8                USBD_RunTestMode
 .text.USBD_SetClassConfig
                0x0814c8ce       0x38 ./Middlewares/ST/STM32_USB_Device_Library/usbd_core.o
                0x0814c8ce                USBD_SetClassConfig
 .text.USBD_ClrClassConfig
                0x0814c906       0x34 ./Middlewares/ST/STM32_USB_Device_Library/usbd_core.o
                0x0814c906                USBD_ClrClassConfig
 .text.USBD_LL_SetupStage
                0x0814c93a       0xaa ./Middlewares/ST/STM32_USB_Device_Library/usbd_core.o
                0x0814c93a                USBD_LL_SetupStage
 .text.USBD_LL_DataOutStage
                0x0814c9e4      0x166 ./Middlewares/ST/STM32_USB_Device_Library/usbd_core.o
                0x0814c9e4                USBD_LL_DataOutStage
 .text.USBD_LL_DataInStage
                0x0814cb4a      0x164 ./Middlewares/ST/STM32_USB_Device_Library/usbd_core.o
                0x0814cb4a                USBD_LL_DataInStage
 .text.USBD_LL_Reset
                0x0814ccae       0xa4 ./Middlewares/ST/STM32_USB_Device_Library/usbd_core.o
                0x0814ccae                USBD_LL_Reset
 .text.USBD_LL_SetSpeed
                0x0814cd52       0x20 ./Middlewares/ST/STM32_USB_Device_Library/usbd_core.o
                0x0814cd52                USBD_LL_SetSpeed
 .text.USBD_LL_Suspend
                0x0814cd72       0x38 ./Middlewares/ST/STM32_USB_Device_Library/usbd_core.o
                0x0814cd72                USBD_LL_Suspend
 .text.USBD_LL_Resume
                0x0814cdaa       0x30 ./Middlewares/ST/STM32_USB_Device_Library/usbd_core.o
                0x0814cdaa                USBD_LL_Resume
 .text.USBD_LL_SOF
                0x0814cdda       0x40 ./Middlewares/ST/STM32_USB_Device_Library/usbd_core.o
                0x0814cdda                USBD_LL_SOF
 .text.USBD_LL_IsoINIncomplete
                0x0814ce1a       0x64 ./Middlewares/ST/STM32_USB_Device_Library/usbd_core.o
                0x0814ce1a                USBD_LL_IsoINIncomplete
 .text.USBD_LL_IsoOUTIncomplete
                0x0814ce7e       0x64 ./Middlewares/ST/STM32_USB_Device_Library/usbd_core.o
                0x0814ce7e                USBD_LL_IsoOUTIncomplete
 .text.USBD_LL_DevConnected
                0x0814cee2       0x16 ./Middlewares/ST/STM32_USB_Device_Library/usbd_core.o
                0x0814cee2                USBD_LL_DevConnected
 .text.USBD_LL_DevDisconnected
                0x0814cef8       0x46 ./Middlewares/ST/STM32_USB_Device_Library/usbd_core.o
                0x0814cef8                USBD_LL_DevDisconnected
 .text.USBD_CoreFindIF
                0x0814cf3e       0x1a ./Middlewares/ST/STM32_USB_Device_Library/usbd_core.o
                0x0814cf3e                USBD_CoreFindIF
 .text.USBD_CoreFindEP
                0x0814cf58       0x1a ./Middlewares/ST/STM32_USB_Device_Library/usbd_core.o
                0x0814cf58                USBD_CoreFindEP
 .text.USBD_GetEpDesc
                0x0814cf72       0x70 ./Middlewares/ST/STM32_USB_Device_Library/usbd_core.o
                0x0814cf72                USBD_GetEpDesc
 .text.USBD_GetNextDesc
                0x0814cfe2       0x38 ./Middlewares/ST/STM32_USB_Device_Library/usbd_core.o
                0x0814cfe2                USBD_GetNextDesc
 .text.SWAPBYTE
                0x0814d01a       0x3e ./Middlewares/ST/STM32_USB_Device_Library/usbd_ctlreq.o
 .text.USBD_StdDevReq
                0x0814d058       0xe4 ./Middlewares/ST/STM32_USB_Device_Library/usbd_ctlreq.o
                0x0814d058                USBD_StdDevReq
 .text.USBD_StdItfReq
                0x0814d13c       0xd8 ./Middlewares/ST/STM32_USB_Device_Library/usbd_ctlreq.o
                0x0814d13c                USBD_StdItfReq
 .text.USBD_StdEPReq
                0x0814d214      0x33a ./Middlewares/ST/STM32_USB_Device_Library/usbd_ctlreq.o
                0x0814d214                USBD_StdEPReq
 *fill*         0x0814d54e        0x2 
 .text.USBD_GetDescriptor
                0x0814d550      0x328 ./Middlewares/ST/STM32_USB_Device_Library/usbd_ctlreq.o
 .text.USBD_SetAddress
                0x0814d878       0x88 ./Middlewares/ST/STM32_USB_Device_Library/usbd_ctlreq.o
 .text.USBD_SetConfig
                0x0814d900      0x154 ./Middlewares/ST/STM32_USB_Device_Library/usbd_ctlreq.o
 .text.USBD_GetConfig
                0x0814da54       0x6c ./Middlewares/ST/STM32_USB_Device_Library/usbd_ctlreq.o
 .text.USBD_GetStatus
                0x0814dac0       0x68 ./Middlewares/ST/STM32_USB_Device_Library/usbd_ctlreq.o
 .text.USBD_SetFeature
                0x0814db28       0x52 ./Middlewares/ST/STM32_USB_Device_Library/usbd_ctlreq.o
 .text.USBD_ClrFeature
                0x0814db7a       0x44 ./Middlewares/ST/STM32_USB_Device_Library/usbd_ctlreq.o
 .text.USBD_ParseSetupRequest
                0x0814dbbe       0x74 ./Middlewares/ST/STM32_USB_Device_Library/usbd_ctlreq.o
                0x0814dbbe                USBD_ParseSetupRequest
 .text.USBD_CtlError
                0x0814dc32       0x22 ./Middlewares/ST/STM32_USB_Device_Library/usbd_ctlreq.o
                0x0814dc32                USBD_CtlError
 .text.USBD_GetString
                0x0814dc54       0xa4 ./Middlewares/ST/STM32_USB_Device_Library/usbd_ctlreq.o
                0x0814dc54                USBD_GetString
 .text.USBD_GetLen
                0x0814dcf8       0x34 ./Middlewares/ST/STM32_USB_Device_Library/usbd_ctlreq.o
 .text.USBD_CtlSendData
                0x0814dd2c       0x36 ./Middlewares/ST/STM32_USB_Device_Library/usbd_ioreq.o
                0x0814dd2c                USBD_CtlSendData
 .text.USBD_CtlContinueSendData
                0x0814dd62       0x22 ./Middlewares/ST/STM32_USB_Device_Library/usbd_ioreq.o
                0x0814dd62                USBD_CtlContinueSendData
 .text.USBD_CtlPrepareRx
                0x0814dd84       0x3a ./Middlewares/ST/STM32_USB_Device_Library/usbd_ioreq.o
                0x0814dd84                USBD_CtlPrepareRx
 .text.USBD_CtlContinueRx
                0x0814ddbe       0x22 ./Middlewares/ST/STM32_USB_Device_Library/usbd_ioreq.o
                0x0814ddbe                USBD_CtlContinueRx
 .text.USBD_CtlSendStatus
                0x0814dde0       0x26 ./Middlewares/ST/STM32_USB_Device_Library/usbd_ioreq.o
                0x0814dde0                USBD_CtlSendStatus
 .text.USBD_CtlReceiveStatus
                0x0814de06       0x26 ./Middlewares/ST/STM32_USB_Device_Library/usbd_ioreq.o
                0x0814de06                USBD_CtlReceiveStatus
 .text.MX_USB_DEVICE_Init
                0x0814de2c       0x64 ./USB_DEVICE/App/usb_device.o
                0x0814de2c                MX_USB_DEVICE_Init
 .text.CDC_Init_FS
                0x0814de90       0x28 ./USB_DEVICE/App/usbd_cdc_if.o
 .text.CDC_DeInit_FS
                0x0814deb8       0x10 ./USB_DEVICE/App/usbd_cdc_if.o
 .text.CDC_Control_FS
                0x0814dec8      0x108 ./USB_DEVICE/App/usbd_cdc_if.o
 .text.CDC_Receive_FS
                0x0814dfd0       0x54 ./USB_DEVICE/App/usbd_cdc_if.o
 .text.CDC_Transmit_FS
                0x0814e024       0x4c ./USB_DEVICE/App/usbd_cdc_if.o
                0x0814e024                CDC_Transmit_FS
 .text.CDC_TransmitCplt_FS
                0x0814e070       0x22 ./USB_DEVICE/App/usbd_cdc_if.o
 *fill*         0x0814e092        0x2 
 .text.CDC_ComPort_IsOpen
                0x0814e094       0x18 ./USB_DEVICE/App/usbd_cdc_if.o
                0x0814e094                CDC_ComPort_IsOpen
 .text.CDC_IsTxReady
                0x0814e0ac       0x30 ./USB_DEVICE/App/usbd_cdc_if.o
                0x0814e0ac                CDC_IsTxReady
 .text.USBD_FS_DeviceDescriptor
                0x0814e0dc       0x24 ./USB_DEVICE/App/usbd_desc.o
                0x0814e0dc                USBD_FS_DeviceDescriptor
 .text.USBD_FS_LangIDStrDescriptor
                0x0814e100       0x24 ./USB_DEVICE/App/usbd_desc.o
                0x0814e100                USBD_FS_LangIDStrDescriptor
 .text.USBD_FS_ProductStrDescriptor
                0x0814e124       0x3c ./USB_DEVICE/App/usbd_desc.o
                0x0814e124                USBD_FS_ProductStrDescriptor
 .text.USBD_FS_ManufacturerStrDescriptor
                0x0814e160       0x28 ./USB_DEVICE/App/usbd_desc.o
                0x0814e160                USBD_FS_ManufacturerStrDescriptor
 .text.USBD_FS_SerialStrDescriptor
                0x0814e188       0x24 ./USB_DEVICE/App/usbd_desc.o
                0x0814e188                USBD_FS_SerialStrDescriptor
 .text.USBD_FS_ConfigStrDescriptor
                0x0814e1ac       0x3c ./USB_DEVICE/App/usbd_desc.o
                0x0814e1ac                USBD_FS_ConfigStrDescriptor
 .text.USBD_FS_InterfaceStrDescriptor
                0x0814e1e8       0x3c ./USB_DEVICE/App/usbd_desc.o
                0x0814e1e8                USBD_FS_InterfaceStrDescriptor
 .text.Get_SerialNum
                0x0814e224       0x44 ./USB_DEVICE/App/usbd_desc.o
 .text.IntToUnicode
                0x0814e268       0x7e ./USB_DEVICE/App/usbd_desc.o
 *fill*         0x0814e2e6        0x2 
 .text.HAL_PCD_MspInit
                0x0814e2e8      0x108 ./USB_DEVICE/Target/usbd_conf.o
                0x0814e2e8                HAL_PCD_MspInit
 .text.HAL_PCD_SetupStageCallback
                0x0814e3f0       0x24 ./USB_DEVICE/Target/usbd_conf.o
                0x0814e3f0                HAL_PCD_SetupStageCallback
 .text.HAL_PCD_DataOutStageCallback
                0x0814e414       0x36 ./USB_DEVICE/Target/usbd_conf.o
                0x0814e414                HAL_PCD_DataOutStageCallback
 .text.HAL_PCD_DataInStageCallback
                0x0814e44a       0x34 ./USB_DEVICE/Target/usbd_conf.o
                0x0814e44a                HAL_PCD_DataInStageCallback
 .text.HAL_PCD_SOFCallback
                0x0814e47e       0x1c ./USB_DEVICE/Target/usbd_conf.o
                0x0814e47e                HAL_PCD_SOFCallback
 .text.HAL_PCD_ResetCallback
                0x0814e49a       0x50 ./USB_DEVICE/Target/usbd_conf.o
                0x0814e49a                HAL_PCD_ResetCallback
 *fill*         0x0814e4ea        0x2 
 .text.HAL_PCD_SuspendCallback
                0x0814e4ec       0x4c ./USB_DEVICE/Target/usbd_conf.o
                0x0814e4ec                HAL_PCD_SuspendCallback
 .text.HAL_PCD_ResumeCallback
                0x0814e538       0x1c ./USB_DEVICE/Target/usbd_conf.o
                0x0814e538                HAL_PCD_ResumeCallback
 .text.HAL_PCD_ISOOUTIncompleteCallback
                0x0814e554       0x24 ./USB_DEVICE/Target/usbd_conf.o
                0x0814e554                HAL_PCD_ISOOUTIncompleteCallback
 .text.HAL_PCD_ISOINIncompleteCallback
                0x0814e578       0x24 ./USB_DEVICE/Target/usbd_conf.o
                0x0814e578                HAL_PCD_ISOINIncompleteCallback
 .text.HAL_PCD_ConnectCallback
                0x0814e59c       0x1c ./USB_DEVICE/Target/usbd_conf.o
                0x0814e59c                HAL_PCD_ConnectCallback
 .text.HAL_PCD_DisconnectCallback
                0x0814e5b8       0x1c ./USB_DEVICE/Target/usbd_conf.o
                0x0814e5b8                HAL_PCD_DisconnectCallback
 .text.USBD_LL_Init
                0x0814e5d4       0xa0 ./USB_DEVICE/Target/usbd_conf.o
                0x0814e5d4                USBD_LL_Init
 .text.USBD_LL_Start
                0x0814e674       0x36 ./USB_DEVICE/Target/usbd_conf.o
                0x0814e674                USBD_LL_Start
 .text.USBD_LL_OpenEP
                0x0814e6aa       0x4c ./USB_DEVICE/Target/usbd_conf.o
                0x0814e6aa                USBD_LL_OpenEP
 .text.USBD_LL_CloseEP
                0x0814e6f6       0x3e ./USB_DEVICE/Target/usbd_conf.o
                0x0814e6f6                USBD_LL_CloseEP
 .text.USBD_LL_StallEP
                0x0814e734       0x3e ./USB_DEVICE/Target/usbd_conf.o
                0x0814e734                USBD_LL_StallEP
 .text.USBD_LL_ClearStallEP
                0x0814e772       0x3e ./USB_DEVICE/Target/usbd_conf.o
                0x0814e772                USBD_LL_ClearStallEP
 .text.USBD_LL_IsStallEP
                0x0814e7b0       0x58 ./USB_DEVICE/Target/usbd_conf.o
                0x0814e7b0                USBD_LL_IsStallEP
 .text.USBD_LL_SetUSBAddress
                0x0814e808       0x3e ./USB_DEVICE/Target/usbd_conf.o
                0x0814e808                USBD_LL_SetUSBAddress
 .text.USBD_LL_Transmit
                0x0814e846       0x42 ./USB_DEVICE/Target/usbd_conf.o
                0x0814e846                USBD_LL_Transmit
 .text.USBD_LL_PrepareReceive
                0x0814e888       0x42 ./USB_DEVICE/Target/usbd_conf.o
                0x0814e888                USBD_LL_PrepareReceive
 .text.USBD_LL_GetRxDataSize
                0x0814e8ca       0x26 ./USB_DEVICE/Target/usbd_conf.o
                0x0814e8ca                USBD_LL_GetRxDataSize
 .text.USBD_static_malloc
                0x0814e8f0       0x1c ./USB_DEVICE/Target/usbd_conf.o
                0x0814e8f0                USBD_static_malloc
 .text.USBD_static_free
                0x0814e90c       0x14 ./USB_DEVICE/Target/usbd_conf.o
                0x0814e90c                USBD_static_free
 .text.USBD_Get_USB_Status
                0x0814e920       0x58 ./USB_DEVICE/Target/usbd_conf.o
                0x0814e920                USBD_Get_USB_Status
 .text.memset   0x0814e978       0x10 C:/ST/STM32CubeIDE_1.19.0/STM32CubeIDE/plugins/com.st.stm32cube.ide.mcu.externaltools.gnu-tools-for-stm32.13.3.rel1.win32_1.0.0.202411081344/tools/bin/../lib/gcc/arm-none-eabi/13.3.1/../../../../arm-none-eabi/lib/thumb/v7e-m+fp/hard\libc_nano.a(libc_a-memset.o)
                0x0814e978                memset
 .text.strncpy  0x0814e988       0x26 C:/ST/STM32CubeIDE_1.19.0/STM32CubeIDE/plugins/com.st.stm32cube.ide.mcu.externaltools.gnu-tools-for-stm32.13.3.rel1.win32_1.0.0.202411081344/tools/bin/../lib/gcc/arm-none-eabi/13.3.1/../../../../arm-none-eabi/lib/thumb/v7e-m+fp/hard\libc_nano.a(libc_a-strncpy.o)
                0x0814e988                strncpy
 *fill*         0x0814e9ae        0x2 
 .text.__libc_init_array
                0x0814e9b0       0x48 C:/ST/STM32CubeIDE_1.19.0/STM32CubeIDE/plugins/com.st.stm32cube.ide.mcu.externaltools.gnu-tools-for-stm32.13.3.rel1.win32_1.0.0.202411081344/tools/bin/../lib/gcc/arm-none-eabi/13.3.1/../../../../arm-none-eabi/lib/thumb/v7e-m+fp/hard\libc_nano.a(libc_a-init.o)
                0x0814e9b0                __libc_init_array
 .text.memcpy   0x0814e9f8       0x1c C:/ST/STM32CubeIDE_1.19.0/STM32CubeIDE/plugins/com.st.stm32cube.ide.mcu.externaltools.gnu-tools-for-stm32.13.3.rel1.win32_1.0.0.202411081344/tools/bin/../lib/gcc/arm-none-eabi/13.3.1/../../../../arm-none-eabi/lib/thumb/v7e-m+fp/hard\libc_nano.a(libc_a-memcpy-stub.o)
                0x0814e9f8                memcpy
 *(.glue_7)
 .glue_7        0x0814ea14        0x0 linker stubs
 *(.glue_7t)
 .glue_7t       0x0814ea14        0x0 linker stubs
 *(.eh_frame)
 .eh_frame      0x0814ea14        0x0 C:/ST/STM32CubeIDE_1.19.0/STM32CubeIDE/plugins/com.st.stm32cube.ide.mcu.externaltools.gnu-tools-for-stm32.13.3.rel1.win32_1.0.0.202411081344/tools/bin/../lib/gcc/arm-none-eabi/13.3.1/thumb/v7e-m+fp/hard/crtbegin.o
 *(.init)
 .init          0x0814ea14        0x4 C:/ST/STM32CubeIDE_1.19.0/STM32CubeIDE/plugins/com.st.stm32cube.ide.mcu.externaltools.gnu-tools-for-stm32.13.3.rel1.win32_1.0.0.202411081344/tools/bin/../lib/gcc/arm-none-eabi/13.3.1/thumb/v7e-m+fp/hard/crti.o
                0x0814ea14                _init
 .init          0x0814ea18        0x8 C:/ST/STM32CubeIDE_1.19.0/STM32CubeIDE/plugins/com.st.stm32cube.ide.mcu.externaltools.gnu-tools-for-stm32.13.3.rel1.win32_1.0.0.202411081344/tools/bin/../lib/gcc/arm-none-eabi/13.3.1/thumb/v7e-m+fp/hard/crtn.o
 *(.fini)
 .fini          0x0814ea20        0x4 C:/ST/STM32CubeIDE_1.19.0/STM32CubeIDE/plugins/com.st.stm32cube.ide.mcu.externaltools.gnu-tools-for-stm32.13.3.rel1.win32_1.0.0.202411081344/tools/bin/../lib/gcc/arm-none-eabi/13.3.1/thumb/v7e-m+fp/hard/crti.o
                0x0814ea20                _fini
 .fini          0x0814ea24        0x8 C:/ST/STM32CubeIDE_1.19.0/STM32CubeIDE/plugins/com.st.stm32cube.ide.mcu.externaltools.gnu-tools-for-stm32.13.3.rel1.win32_1.0.0.202411081344/tools/bin/../lib/gcc/arm-none-eabi/13.3.1/thumb/v7e-m+fp/hard/crtn.o
                0x0814ea2c                        . = ALIGN (0x4)
                0x0814ea2c                        _etext = .

.vfp11_veneer   0x0814ea2c        0x0
 .vfp11_veneer  0x0814ea2c        0x0 linker stubs

.v4_bx          0x0814ea2c        0x0
 .v4_bx         0x0814ea2c        0x0 linker stubs

.iplt           0x0814ea2c        0x0
 .iplt          0x0814ea2c        0x0 C:/ST/STM32CubeIDE_1.19.0/STM32CubeIDE/plugins/com.st.stm32cube.ide.mcu.externaltools.gnu-tools-for-stm32.13.3.rel1.win32_1.0.0.202411081344/tools/bin/../lib/gcc/arm-none-eabi/13.3.1/thumb/v7e-m+fp/hard/crtbegin.o

.rodata         0x0814ea2c       0xec
                0x0814ea2c                        . = ALIGN (0x4)
 *(.rodata)
 .rodata        0x0814ea2c       0x15 ./0_DEV/M1_Driver4/UART_DMA/uart_dma_driver.o
 *fill*         0x0814ea41        0x3 
 .rodata        0x0814ea44        0xf ./0_DEV/M1_Driver4/USB_CDC/cdc_driver.o
 *fill*         0x0814ea53        0x1 
 .rodata        0x0814ea54       0x18 ./USB_DEVICE/App/usbd_cdc_if.o
 .rodata        0x0814ea6c       0x42 ./USB_DEVICE/App/usbd_desc.o
 *(.rodata*)
 *fill*         0x0814eaae        0x2 
 .rodata.LL_DMA_STR_OFFSET_TAB
                0x0814eab0        0x8 ./0_DEV/M1_Driver4/UART_DMA/uart_dma_driver.o
 .rodata.D1CorePrescTable
                0x0814eab8       0x10 ./Common/Src/system_stm32h7xx_dualcore_boot_cm4_cm7.o
                0x0814eab8                D1CorePrescTable
 .rodata.LL_DMA_STR_OFFSET_TAB
                0x0814eac8        0x8 ./Core/Src/main.o
 .rodata.LL_DMA_STR_OFFSET_TAB
                0x0814ead0        0x8 ./Core/Src/stm32h7xx_it.o
 .rodata.LL_RCC_PrescTable
                0x0814ead8       0x10 ./Drivers/STM32H7xx_HAL_Driver/stm32h7xx_ll_rcc.o
                0x0814ead8                LL_RCC_PrescTable
 .rodata.USART_PRESCALER_TAB
                0x0814eae8       0x30 ./Drivers/STM32H7xx_HAL_Driver/stm32h7xx_ll_usart.o
                0x0814eb18                        . = ALIGN (0x4)

.ARM.extab
 *(.ARM.extab* .gnu.linkonce.armextab.*)

.ARM            0x0814eb18        0x0
                0x0814eb18                        __exidx_start = .
 *(.ARM.exidx*)
                0x0814eb18                        __exidx_end = .

.preinit_array  0x0814eb18        0x0
                0x0814eb18                        PROVIDE (__preinit_array_start = .)
 *(.preinit_array*)
                0x0814eb18                        PROVIDE (__preinit_array_end = .)

.init_array     0x0814eb18        0x4
                0x0814eb18                        PROVIDE (__init_array_start = .)
 *(SORT_BY_NAME(.init_array.*))
 *(.init_array*)
 .init_array    0x0814eb18        0x4 C:/ST/STM32CubeIDE_1.19.0/STM32CubeIDE/plugins/com.st.stm32cube.ide.mcu.externaltools.gnu-tools-for-stm32.13.3.rel1.win32_1.0.0.202411081344/tools/bin/../lib/gcc/arm-none-eabi/13.3.1/thumb/v7e-m+fp/hard/crtbegin.o
                0x0814eb1c                        PROVIDE (__init_array_end = .)

.fini_array     0x0814eb1c        0x4
                [!provide]                        PROVIDE (__fini_array_start = .)
 *(SORT_BY_NAME(.fini_array.*))
 *(.fini_array*)
 .fini_array    0x0814eb1c        0x4 C:/ST/STM32CubeIDE_1.19.0/STM32CubeIDE/plugins/com.st.stm32cube.ide.mcu.externaltools.gnu-tools-for-stm32.13.3.rel1.win32_1.0.0.202411081344/tools/bin/../lib/gcc/arm-none-eabi/13.3.1/thumb/v7e-m+fp/hard/crtbegin.o
                [!provide]                        PROVIDE (__fini_array_end = .)
                0x0814eb20                        _sidata = LOADADDR (.data)

.rel.dyn        0x0814eb20        0x0
 .rel.iplt      0x0814eb20        0x0 C:/ST/STM32CubeIDE_1.19.0/STM32CubeIDE/plugins/com.st.stm32cube.ide.mcu.externaltools.gnu-tools-for-stm32.13.3.rel1.win32_1.0.0.202411081344/tools/bin/../lib/gcc/arm-none-eabi/13.3.1/thumb/v7e-m+fp/hard/crtbegin.o

.data           0x10032000      0x1fc load address 0x0814eb20
                0x10032000                        . = ALIGN (0x4)
                0x10032000                        _sdata = .
 *(.data)
 *(.data*)
 .data.schedulerTasks
                0x10032000       0x78 ./0_DEV/M0_App4/Task4/scheduler_tasks.o
 .data.uart_dma_drivers
                0x10032078       0x78 ./0_DEV/M1_Driver4/UART_DMA/uart_dma_driver.o
 .data.SystemCoreClock
                0x100320f0        0x4 ./Common/Src/system_stm32h7xx_dualcore_boot_cm4_cm7.o
                0x100320f0                SystemCoreClock
 .data.SystemD2Clock
                0x100320f4        0x4 ./Common/Src/system_stm32h7xx_dualcore_boot_cm4_cm7.o
                0x100320f4                SystemD2Clock
 .data.uwTickPrio
                0x100320f8        0x4 ./Drivers/STM32H7xx_HAL_Driver/stm32h7xx_hal.o
                0x100320f8                uwTickPrio
 .data.uwTickFreq
                0x100320fc        0x1 ./Drivers/STM32H7xx_HAL_Driver/stm32h7xx_hal.o
                0x100320fc                uwTickFreq
 *fill*         0x100320fd        0x3 
 .data.USBD_CDC_DeviceQualifierDesc
                0x10032100        0xa ./Middlewares/ST/STM32_USB_Device_Library/usbd_cdc.o
 *fill*         0x1003210a        0x2 
 .data.USBD_CDC
                0x1003210c       0x38 ./Middlewares/ST/STM32_USB_Device_Library/usbd_cdc.o
                0x1003210c                USBD_CDC
 .data.USBD_CDC_CfgDesc
                0x10032144       0x43 ./Middlewares/ST/STM32_USB_Device_Library/usbd_cdc.o
 .data.CDCInEpAdd
                0x10032187        0x1 ./Middlewares/ST/STM32_USB_Device_Library/usbd_cdc.o
 .data.CDCOutEpAdd
                0x10032188        0x1 ./Middlewares/ST/STM32_USB_Device_Library/usbd_cdc.o
 .data.CDCCmdEpAdd
                0x10032189        0x1 ./Middlewares/ST/STM32_USB_Device_Library/usbd_cdc.o
 *fill*         0x1003218a        0x2 
 .data.USBD_Interface_fops_FS
                0x1003218c       0x14 ./USB_DEVICE/App/usbd_cdc_if.o
                0x1003218c                USBD_Interface_fops_FS
 .data.lineCoding.0
                0x100321a0        0x7 ./USB_DEVICE/App/usbd_cdc_if.o
 *fill*         0x100321a7        0x1 
 .data.FS_Desc  0x100321a8       0x20 ./USB_DEVICE/App/usbd_desc.o
                0x100321a8                FS_Desc
 .data.USBD_FS_DeviceDesc
                0x100321c8       0x12 ./USB_DEVICE/App/usbd_desc.o
                0x100321c8                USBD_FS_DeviceDesc
 *fill*         0x100321da        0x2 
 .data.USBD_LangIDDesc
                0x100321dc        0x4 ./USB_DEVICE/App/usbd_desc.o
                0x100321dc                USBD_LangIDDesc
 .data.USBD_StringSerial
                0x100321e0       0x1a ./USB_DEVICE/App/usbd_desc.o
                0x100321e0                USBD_StringSerial
 *(.RamFunc)
 *(.RamFunc*)
                0x100321fc                        . = ALIGN (0x4)
 *fill*         0x100321fa        0x2 
                0x100321fc                        _edata = .

.igot.plt       0x100321fc        0x0 load address 0x0814ed1c
 .igot.plt      0x100321fc        0x0 C:/ST/STM32CubeIDE_1.19.0/STM32CubeIDE/plugins/com.st.stm32cube.ide.mcu.externaltools.gnu-tools-for-stm32.13.3.rel1.win32_1.0.0.202411081344/tools/bin/../lib/gcc/arm-none-eabi/13.3.1/thumb/v7e-m+fp/hard/crtbegin.o
                0x100321fc                        . = ALIGN (0x4)

.bss            0x100321fc     0x4980 load address 0x0814ed1c
                0x100321fc                        _sbss = .
                0x100321fc                        __bss_start__ = _sbss
 *(.bss)
 .bss           0x100321fc       0x1c C:/ST/STM32CubeIDE_1.19.0/STM32CubeIDE/plugins/com.st.stm32cube.ide.mcu.externaltools.gnu-tools-for-stm32.13.3.rel1.win32_1.0.0.202411081344/tools/bin/../lib/gcc/arm-none-eabi/13.3.1/thumb/v7e-m+fp/hard/crtbegin.o
 *(.bss*)
 .bss.s_SchedulerRunning
                0x10032218        0x1 ./0_DEV/M0_App4/OS4/scheduler.o
 *fill*         0x10032219        0x3 
 .bss.s_TaskContext
                0x1003221c      0x180 ./0_DEV/M0_App4/OS4/scheduler.o
 .bss.s_NumOfTaskScheduled
                0x1003239c        0x1 ./0_DEV/M0_App4/OS4/scheduler.o
 *fill*         0x1003239d        0x3 
 .bss.s_TimerContext
                0x100323a0       0xa0 ./0_DEV/M0_App4/OS4/scheduler.o
 .bss.s_NumOfTimers
                0x10032440        0x1 ./0_DEV/M0_App4/OS4/scheduler.o
 *fill*         0x10032441        0x3 
 .bss.s_SemaphoreContext
                0x10032444        0x4 ./0_DEV/M0_App4/OS4/scheduler.o
 .bss.s_NumOfSemaphores
                0x10032448        0x1 ./0_DEV/M0_App4/OS4/scheduler.o
 *fill*         0x10032449        0x3 
 .bss.s_TaskPending
                0x1003244c        0x4 ./0_DEV/M0_App4/OS4/scheduler.o
 .bss.s_TimerPending
                0x10032450        0x4 ./0_DEV/M0_App4/OS4/scheduler.o
 .bss.s_SystemTick
                0x10032454        0x4 ./0_DEV/M0_App4/OS4/scheduler.o
                0x10032454                s_SystemTick
 .bss.s_SoftTimers
                0x10032458        0x8 ./0_DEV/M0_App4/OS4/scheduler.o
                0x10032458                s_SoftTimers
 .bss.asyncTaskHandle
                0x10032460        0x1 ./0_DEV/M0_App4/Task4/scheduler_tasks.o
 .bss.ledState.0
                0x10032461        0x1 ./0_DEV/M0_App4/Task4/scheduler_tasks.o
 *fill*         0x10032462        0x2 
 .bss.uart6_dma_rx_buffer
                0x10032464      0x800 ./0_DEV/M1_Driver4/UART_DMA/uart_dma_driver.o
 .bss.uart6_rx_data
                0x10032c64      0x800 ./0_DEV/M1_Driver4/UART_DMA/uart_dma_driver.o
 .bss.uart6_tx_data
                0x10033464      0x800 ./0_DEV/M1_Driver4/UART_DMA/uart_dma_driver.o
 .bss.cdcRxBuffer
                0x10033c64      0x800 ./0_DEV/M1_Driver4/USB_CDC/cdc_driver.o
 .bss.cdcRxRingBuffer
                0x10034464       0x30 ./0_DEV/M1_Driver4/USB_CDC/cdc_driver.o
 .bss.cdcTxBuffer
                0x10034494      0x800 ./0_DEV/M1_Driver4/USB_CDC/cdc_driver.o
 .bss.cdcTxRingBuffer
                0x10034c94       0x30 ./0_DEV/M1_Driver4/USB_CDC/cdc_driver.o
 .bss.g_cdcRxReady
                0x10034cc4        0x1 ./0_DEV/M1_Driver4/USB_CDC/cdc_driver.o
                0x10034cc4                g_cdcRxReady
 .bss.g_usbCheckEvt
                0x10034cc5        0x1 ./0_DEV/M1_Driver4/USB_CDC/cdc_driver.o
                0x10034cc5                g_usbCheckEvt
 *fill*         0x10034cc6        0x2 
 .bss.LL_Tick   0x10034cc8        0x4 ./0_DEV/M4_Util4/Tick/tick.o
                0x10034cc8                LL_Tick
 .bss.hmmc2     0x10034ccc      0x278 ./Core/Src/main.o
                0x10034ccc                hmmc2
 .bss.htim4     0x10034f44       0x4c ./Core/Src/stm32h7xx_hal_timebase_tim.o