../../Drivers/CMSIS/Include/core_cm7.h:2156:34:__NVIC_SystemReset	4	static,ignoring_inline_asm
../../Drivers/STM32H7xx_HAL_Driver/Inc/stm32h7xx_ll_gpio.h:884:22:LL_GPIO_SetOutputPin	16	static
../../Drivers/STM32H7xx_HAL_Driver/Inc/stm32h7xx_ll_gpio.h:913:22:LL_GPIO_ResetOutputPin	16	static
../1_DEV/M2_System/CLI_Terminal/CLI_Command/cli_command.c:232:17:UpdateCRC16_XMODEM	24	static
../1_DEV/M2_System/CLI_Terminal/CLI_Command/cli_command.c:246:13:CMD_RamFill	168	static
../1_DEV/M2_System/CLI_Terminal/CLI_Command/cli_command.c:327:13:CMD_RamDump	176	static
../1_DEV/M2_System/CLI_Terminal/CLI_Command/cli_command.c:384:13:CMD_StateToCM4	136	static
../1_DEV/M2_System/CLI_Terminal/CLI_Command/cli_command.c:422:13:CMD_SPISlaveRST	136	static
../1_DEV/M2_System/CLI_Terminal/CLI_Command/cli_command.c:443:13:CMD_CollectData	184	static
../1_DEV/M2_System/CLI_Terminal/CLI_Command/cli_command.c:475:13:CMD_PullData	152	static
../1_DEV/M2_System/CLI_Terminal/CLI_Command/cli_command.c:512:13:CMD_MasterRead	160	static
../1_DEV/M2_System/CLI_Terminal/CLI_Command/cli_command.c:563:13:CMD_ClearCLI	40	static
../1_DEV/M2_System/CLI_Terminal/CLI_Command/cli_command.c:573:13:CMD_RtcSet	224	static
../1_DEV/M2_System/CLI_Terminal/CLI_Command/cli_command.c:641:13:CMD_RtcGet	240	static
../1_DEV/M2_System/CLI_Terminal/CLI_Command/cli_command.c:727:13:CMD_RtcSetEpoch	184	static
../1_DEV/M2_System/CLI_Terminal/CLI_Command/cli_command.c:759:13:CMD_FramWrite	152	static
../1_DEV/M2_System/CLI_Terminal/CLI_Command/cli_command.c:785:13:CMD_FramRead	152	static
../1_DEV/M2_System/CLI_Terminal/CLI_Command/cli_command.c:810:13:CMD_ls	24	static
../1_DEV/M2_System/CLI_Terminal/CLI_Command/cli_command.c:815:13:CMD_sd_lockin	32	static
../1_DEV/M2_System/CLI_Terminal/CLI_Command/cli_command.c:828:13:CMD_sd_release	24	static
../1_DEV/M2_System/CLI_Terminal/CLI_Command/cli_command.c:835:13:CMD_vim_bypass	160	static
../1_DEV/M2_System/CLI_Terminal/CLI_Command/cli_command.c:852:13:CMD_vim	168	static
../1_DEV/M2_System/CLI_Terminal/CLI_Command/cli_command.c:877:13:CMD_cat	32	static
../1_DEV/M2_System/CLI_Terminal/CLI_Command/cli_command.c:889:13:CMD_Cm4Rst	24	static
../1_DEV/M2_System/CLI_Terminal/CLI_Command/cli_command.c:897:13:CMD_Cm4Dis	24	static
../1_DEV/M2_System/CLI_Terminal/CLI_Command/cli_command.c:903:13:CMD_Cm4Ena	24	static
../1_DEV/M2_System/CLI_Terminal/CLI_Command/cli_command.c:909:13:CMD_ExpForward	32	static
../1_DEV/M2_System/CLI_Terminal/CLI_Command/cli_command.c:933:13:CMD_ExpListen	32	static
../1_DEV/M2_System/CLI_Terminal/CLI_Command/cli_command.c:955:13:CMD_ExpSend	40	static
../1_DEV/M2_System/CLI_Terminal/CLI_Command/cli_command.c:971:6:callback_every	24	static
../1_DEV/M2_System/CLI_Terminal/CLI_Command/cli_command.c:976:6:callback_moment	24	static
../1_DEV/M2_System/CLI_Terminal/CLI_Command/cli_command.c:981:6:callback_countdown	24	static
../1_DEV/M2_System/CLI_Terminal/CLI_Command/cli_command.c:986:13:CMD_AliveCheck	24	static
../1_DEV/M2_System/CLI_Terminal/CLI_Command/cli_command.c:997:13:CMD_RtosCheck	1120	static
../1_DEV/M2_System/CLI_Terminal/CLI_Command/cli_command.c:1055:13:LogoutTimerCallback	16	static
../1_DEV/M2_System/CLI_Terminal/CLI_Command/cli_command.c:1058:13:CMD_LogOut	40	static
../1_DEV/M2_System/CLI_Terminal/CLI_Command/cli_command.c:1068:13:CMD_PwdChange	48	static
../1_DEV/M2_System/CLI_Terminal/CLI_Command/cli_command.c:1104:13:CMD_Dmesg	96	static
../1_DEV/M2_System/CLI_Terminal/CLI_Command/cli_command.c:1122:13:CMD_Reset	24	static
../1_DEV/M2_System/CLI_Terminal/CLI_Command/cli_command.c:1130:13:CMD_DevEXPPleaseReset	128	static
../1_DEV/M2_System/CLI_Terminal/CLI_Command/cli_command.c:1140:13:CMD_DevTestConnection	136	static
../1_DEV/M2_System/CLI_Terminal/CLI_Command/cli_command.c:1156:13:CMD_DevCM4TestConnection	136	static
../1_DEV/M2_System/CLI_Terminal/CLI_Command/cli_command.c:1183:13:CMD_DevEXPSetRTC	160	static
../1_DEV/M2_System/CLI_Terminal/CLI_Command/cli_command.c:1195:13:CMD_DevNTCSetControl	272	static
../1_DEV/M2_System/CLI_Terminal/CLI_Command/cli_command.c:1239:13:CMD_DevSetTempProfile	400	static
../1_DEV/M2_System/CLI_Terminal/CLI_Command/cli_command.c:1282:13:CMD_DevStartTempProfile	24	static
../1_DEV/M2_System/CLI_Terminal/CLI_Command/cli_command.c:1291:13:CMD_DevStopTempProfile	24	static
../1_DEV/M2_System/CLI_Terminal/CLI_Command/cli_command.c:1300:13:CMD_DevSetOverrideTecProfile	152	static
../1_DEV/M2_System/CLI_Terminal/CLI_Command/cli_command.c:1324:13:CMD_DevStartOverrideTecProfile	24	static
../1_DEV/M2_System/CLI_Terminal/CLI_Command/cli_command.c:1333:13:CMD_DevStopOverrideTecProfile	24	static
../1_DEV/M2_System/CLI_Terminal/CLI_Command/cli_command.c:1342:13:CMD_DevSetSamplingProfile	200	static
../1_DEV/M2_System/CLI_Terminal/CLI_Command/cli_command.c:1369:13:CMD_DevSetLaserIntensity	136	static
../1_DEV/M2_System/CLI_Terminal/CLI_Command/cli_command.c:1385:13:CMD_DevSetPosition	136	static
../1_DEV/M2_System/CLI_Terminal/CLI_Command/cli_command.c:1401:13:CMD_DevStartSamplingCycle	24	static
../1_DEV/M2_System/CLI_Terminal/CLI_Command/cli_command.c:1410:13:CMD_DevGetInfoSample	24	static
../1_DEV/M2_System/CLI_Terminal/CLI_Command/cli_command.c:1419:13:CMD_DevGetChunk	136	static
../1_DEV/M2_System/CLI_Terminal/CLI_Command/cli_command.c:1435:13:CMD_DevGetCRCChunk	136	static
../1_DEV/M2_System/CLI_Terminal/CLI_Command/cli_command.c:1451:13:CMD_DevSetExtLaserProfile	136	static
../1_DEV/M2_System/CLI_Terminal/CLI_Command/cli_command.c:1467:13:CMD_DevTurnOnExtLaser	136	static
../1_DEV/M2_System/CLI_Terminal/CLI_Command/cli_command.c:1483:13:CMD_DevTurnOffExtLaser	24	static
../1_DEV/M2_System/CLI_Terminal/CLI_Command/cli_command.c:1492:13:CMD_DevSetLaserInt	144	static
../1_DEV/M2_System/CLI_Terminal/CLI_Command/cli_command.c:1514:13:CMD_DevSetLaserExt	144	static
../1_DEV/M2_System/CLI_Terminal/CLI_Command/cli_command.c:1536:13:CMD_DevGetCurrentLaser	128	static
../1_DEV/M2_System/CLI_Terminal/CLI_Command/cli_command.c:1547:13:CMD_DevCustomCommand	128	static
../1_DEV/M2_System/CLI_Terminal/CLI_Command/cli_command.c:1562:13:CMD_DevScriptManager	24	static
../1_DEV/M2_System/CLI_Terminal/CLI_Command/cli_command.c:1570:13:CMD_DevEraseScript	24	static
../1_DEV/M2_System/CLI_Terminal/CLI_Command/cli_command.c:1577:13:CMD_DevLogManagerDebug	32	static
../1_DEV/M2_System/CLI_Terminal/CLI_Command/cli_command.c:1590:13:CMD_DevLogManagerLog	136	static
../1_DEV/M2_System/CLI_Terminal/CLI_Command/cli_command.c:1607:13:CMD_DevCM4KeepAliveStatus	96	static
../1_DEV/M2_System/CLI_Terminal/CLI_Command/cli_command.c:1621:13:CMD_Testcase	96	static
../1_DEV/M2_System/CLI_Terminal/CLI_Command/cli_command.c:1693:13:CMD_FormatSD	32	static
../1_DEV/M2_System/CLI_Terminal/CLI_Command/cli_command.c:1714:26:getCliStaticBindings	4	static
../1_DEV/M2_System/CLI_Terminal/CLI_Command/cli_command.c:1718:10:getCliStaticBindingCount	4	static
