../../Drivers/STM32H7xx_HAL_Driver/Inc/stm32h7xx_ll_gpio.h:803:26:LL_GPIO_IsInputPinSet	16	static
D:/WorkSpace/STM32 PRJ/04_obc_v111/CM7/1_DEV/M5_ThirdParty/BinaryScript/storage/script_storage.h:158:27:ScriptStorage_GetResultString	16	static
../1_DEV/M2_System/ScriptManager/script_manager.c:93:6:SDScheduler_Configure	64	static
../1_DEV/M2_System/ScriptManager/script_manager.c:121:17:ScriptManager_GetCurrentDailyTimeSeconds	24	static
../1_DEV/M2_System/ScriptManager/script_manager.c:134:17:ScriptManager_GetCurrentTimeSeconds	24	static
../1_DEV/M2_System/ScriptManager/script_manager.c:156:17:ScriptManager_ParseStartTime	40	static
../1_DEV/M2_System/ScriptManager/script_manager.c:193:13:ScriptManager_TimeToHMS	24	static
../1_DEV/M2_System/ScriptManager/script_manager.c:209:7:ScriptManager_GenerateNextDayTimePoints	24	static
../1_DEV/M2_System/ScriptManager/script_manager.c:234:7:ScriptManager_GenerateTimePoints	64	static
../1_DEV/M2_System/ScriptManager/script_manager.c:327:7:ScriptManager_IsTimeToRunSchedule	32	static
../1_DEV/M2_System/ScriptManager/script_manager.c:361:6:ScriptManager_AdvanceSchedule	48	static
../1_DEV/M2_System/ScriptManager/script_manager.c:390:6:ScriptManager_PrintTimePoints	88	static
../1_DEV/M2_System/ScriptManager/script_manager.c:456:13:ScriptManager_ResetContext	24	static
../1_DEV/M2_System/ScriptManager/script_manager.c:473:13:ScriptManager_HandleStepResult	32	static
../1_DEV/M2_System/ScriptManager/script_manager.c:518:6:ScriptManager_Init	16	static
../1_DEV/M2_System/ScriptManager/script_manager.c:559:6:ScriptManager_EnableLogFetching	16	static
../1_DEV/M2_System/ScriptManager/script_manager.c:576:7:ScriptManager_LoadScript	32	static
../1_DEV/M2_System/ScriptManager/script_manager.c:619:6:ScriptManager_StartExecution	16	static
../1_DEV/M2_System/ScriptManager/script_manager.c:643:6:ScriptManager_StopExecution	16	static
../1_DEV/M2_System/ScriptManager/script_manager.c:664:14:ScriptManager_HandleAutoLoad	48	static
../1_DEV/M2_System/ScriptManager/script_manager.c:712:13:ScriptManager_RequestScriptsFromMaster	40	static
../1_DEV/M2_System/ScriptManager/script_manager.c:745:6:ScriptManager_GetStorageStatus	16	static
../1_DEV/M2_System/ScriptManager/script_manager.c:753:6:ScriptManager_PrintStorageStatus	8	static
../1_DEV/M2_System/ScriptManager/script_manager.c:762:9:ScriptManager_LoadFromFRAM	8	static
../1_DEV/M2_System/ScriptManager/script_manager.c:772:7:ScriptManager_EraseAllScriptsFromFRAM	24	static
../1_DEV/M2_System/ScriptManager/script_manager.c:805:7:ScriptManager_ScriptExistsInFRAM	16	static
../1_DEV/M2_System/ScriptManager/script_manager.c:821:6:MODFSP_ApplicationHandler	24	static
../1_DEV/M2_System/ScriptManager/script_manager.c:838:9:UserActivityDetected	4	static
../1_DEV/M2_System/ScriptManager/script_manager.c:842:6:UserActivityTrigger	4	static
../1_DEV/M2_System/ScriptManager/script_manager.c:847:6:ScriptManager_HandleMODFSPFrame	24	static
../1_DEV/M2_System/ScriptManager/script_manager.c:897:6:ScriptManager_HandleInitFrame	16	static
../1_DEV/M2_System/ScriptManager/script_manager.c:916:6:ScriptManager_HandleDLSFrame	16	static
../1_DEV/M2_System/ScriptManager/script_manager.c:934:6:ScriptManager_HandleCAMFrame	16	static
../1_DEV/M2_System/ScriptManager/script_manager.c:952:6:ScriptManager_HandleHaltFrame	16	static
../1_DEV/M2_System/ScriptManager/script_manager.c:960:6:ScriptManager_HandleSyncTime	56	static
../1_DEV/M2_System/ScriptManager/script_manager.c:978:6:ScriptManager_HandleRunExperiment	16	static
../1_DEV/M2_System/ScriptManager/script_manager.c:989:6:ScriptManager_HandleCM4GetRTC	56	static
../1_DEV/M2_System/ScriptManager/script_manager.c:1010:6:ScriptManager_HandleUpdateOBC	16	static
../1_DEV/M2_System/ScriptManager/script_manager.c:1018:6:ScriptManager_HandleUpdateEXP	16	static
../1_DEV/M2_System/ScriptManager/script_manager.c:1025:9:ExpMonitor_SetEnabled	16	static
../1_DEV/M2_System/ScriptManager/script_manager.c:1030:9:ExpMonitor_IsEnabled	4	static
../1_DEV/M2_System/ScriptManager/script_manager.c:1043:6:ScriptManager_Task	40	static
../1_DEV/M2_System/ScriptManager/script_manager.c:1123:6:ScriptDLS_Task	32	static
../1_DEV/M2_System/ScriptManager/script_manager.c:1190:6:ScriptCAM_Task	32	static
../1_DEV/M2_System/ScriptManager/script_manager.c:1258:6:LogFetching_Task	112	static
../1_DEV/M2_System/ScriptManager/script_manager.c:1320:6:SDLockRelease_Task	32	static
../1_DEV/M2_System/ScriptManager/script_manager.c:1382:23:ScriptManager_ExecuteStep	16	static
../1_DEV/M2_System/ScriptManager/script_manager.c:1401:23:ScriptManager_ExecuteInitStep	192	static
../1_DEV/M2_System/ScriptManager/script_manager.c:1726:23:ScriptManager_ExecuteDLSStep	176	static
../1_DEV/M2_System/ScriptManager/script_manager.c:1945:23:ScriptManager_ExecuteCAMStep	48	static
../1_DEV/M2_System/ScriptManager/script_manager.c:2094:19:ScriptManager_GetScriptState	16	static
../1_DEV/M2_System/ScriptManager/script_manager.c:2105:10:ScriptManager_GetNextRunTime	24	static
../1_DEV/M2_System/ScriptManager/script_manager.c:2134:10:ScriptManager_GetTimeUntilNextRun	24	static
../1_DEV/M2_System/ScriptManager/script_manager.c:2156:6:ScriptManager_GetStatistics	24	static
../1_DEV/M2_System/ScriptManager/script_manager.c:2166:6:ScriptManager_PrintStatus	112	static
