D:/WorkSpace/STM32 PRJ/04_obc_v111/CM7/1_DEV/M5_ThirdParty/BinaryScript/storage/script_storage.h:158:27:ScriptStorage_GetResultString	16	static
../1_DEV/M2_System/ScriptManager/script_manager.c:63:17:ScriptManager_GetCurrentDailyTimeSeconds	24	static
../1_DEV/M2_System/ScriptManager/script_manager.c:76:17:ScriptManager_GetCurrentTimeSeconds	24	static
../1_DEV/M2_System/ScriptManager/script_manager.c:98:17:ScriptManager_ParseStartTime	40	static
../1_DEV/M2_System/ScriptManager/script_manager.c:135:13:ScriptManager_TimeToHMS	24	static
../1_DEV/M2_System/ScriptManager/script_manager.c:151:7:ScriptManager_GenerateNextDayTimePoints	24	static
../1_DEV/M2_System/ScriptManager/script_manager.c:176:7:ScriptManager_GenerateTimePoints	64	static
../1_DEV/M2_System/ScriptManager/script_manager.c:269:7:ScriptManager_IsTimeToRunSchedule	32	static
../1_DEV/M2_System/ScriptManager/script_manager.c:303:6:ScriptManager_AdvanceSchedule	48	static
../1_DEV/M2_System/ScriptManager/script_manager.c:332:6:ScriptManager_PrintTimePoints	88	static
../1_DEV/M2_System/ScriptManager/script_manager.c:398:13:ScriptManager_ResetContext	24	static
../1_DEV/M2_System/ScriptManager/script_manager.c:414:13:ScriptManager_HandleStepResult	32	static
../1_DEV/M2_System/ScriptManager/script_manager.c:459:6:ScriptManager_Init	16	static
../1_DEV/M2_System/ScriptManager/script_manager.c:498:7:ScriptManager_LoadScript	32	static
../1_DEV/M2_System/ScriptManager/script_manager.c:541:6:ScriptManager_StartExecution	16	static
../1_DEV/M2_System/ScriptManager/script_manager.c:565:6:ScriptManager_StopExecution	16	static
../1_DEV/M2_System/ScriptManager/script_manager.c:586:14:ScriptManager_HandleAutoLoad	48	static
../1_DEV/M2_System/ScriptManager/script_manager.c:634:13:ScriptManager_RequestScriptsFromMaster	40	static
../1_DEV/M2_System/ScriptManager/script_manager.c:667:6:ScriptManager_GetStorageStatus	16	static
../1_DEV/M2_System/ScriptManager/script_manager.c:675:6:ScriptManager_PrintStorageStatus	8	static
../1_DEV/M2_System/ScriptManager/script_manager.c:684:9:ScriptManager_LoadFromFRAM	8	static
../1_DEV/M2_System/ScriptManager/script_manager.c:694:7:ScriptManager_EraseAllScriptsFromFRAM	24	static
../1_DEV/M2_System/ScriptManager/script_manager.c:727:7:ScriptManager_ScriptExistsInFRAM	16	static
../1_DEV/M2_System/ScriptManager/script_manager.c:743:6:MODFSP_ApplicationHandler	24	static
../1_DEV/M2_System/ScriptManager/script_manager.c:755:9:UserActivityDetected	4	static
../1_DEV/M2_System/ScriptManager/script_manager.c:759:6:UserActivityTrigger	4	static
../1_DEV/M2_System/ScriptManager/script_manager.c:764:6:ScriptManager_HandleMODFSPFrame	24	static
../1_DEV/M2_System/ScriptManager/script_manager.c:806:6:ScriptManager_HandleInitFrame	16	static
../1_DEV/M2_System/ScriptManager/script_manager.c:825:6:ScriptManager_HandleDLSFrame	16	static
../1_DEV/M2_System/ScriptManager/script_manager.c:843:6:ScriptManager_HandleCAMFrame	16	static
../1_DEV/M2_System/ScriptManager/script_manager.c:861:6:ScriptManager_HandleHaltFrame	16	static
../1_DEV/M2_System/ScriptManager/script_manager.c:869:6:ScriptManager_HandleSyncTime	56	static
../1_DEV/M2_System/ScriptManager/script_manager.c:887:6:ScriptManager_HandleRunExperiment	16	static
../1_DEV/M2_System/ScriptManager/script_manager.c:898:6:ScriptManager_HandleUpdateOBC	16	static
../1_DEV/M2_System/ScriptManager/script_manager.c:907:6:ScriptManager_HandleUpdateEXP	16	static
../1_DEV/M2_System/ScriptManager/script_manager.c:914:9:ExpMonitor_SetEnabled	16	static
../1_DEV/M2_System/ScriptManager/script_manager.c:919:9:ExpMonitor_IsEnabled	4	static
../1_DEV/M2_System/ScriptManager/script_manager.c:932:6:ScriptManager_Task	40	static
../1_DEV/M2_System/ScriptManager/script_manager.c:1012:6:ScriptDLS_Task	32	static
../1_DEV/M2_System/ScriptManager/script_manager.c:1078:6:ScriptCAM_Task	32	static
../1_DEV/M2_System/ScriptManager/script_manager.c:1149:23:ScriptManager_ExecuteStep	16	static
../1_DEV/M2_System/ScriptManager/script_manager.c:1168:23:ScriptManager_ExecuteInitStep	128	static
../1_DEV/M2_System/ScriptManager/script_manager.c:1393:23:ScriptManager_ExecuteDLSStep	24	static
../1_DEV/M2_System/ScriptManager/script_manager.c:1456:23:ScriptManager_ExecuteCAMStep	32	static
../1_DEV/M2_System/ScriptManager/script_manager.c:1541:19:ScriptManager_GetScriptState	16	static
../1_DEV/M2_System/ScriptManager/script_manager.c:1552:10:ScriptManager_GetNextRunTime	24	static
../1_DEV/M2_System/ScriptManager/script_manager.c:1581:10:ScriptManager_GetTimeUntilNextRun	24	static
../1_DEV/M2_System/ScriptManager/script_manager.c:1603:6:ScriptManager_GetStatistics	24	static
../1_DEV/M2_System/ScriptManager/script_manager.c:1613:6:ScriptManager_PrintStatus	104	static
