../../Drivers/STM32H7xx_HAL_Driver/Inc/stm32h7xx_ll_i2c.h:1552:26:LL_I2C_IsActiveFlag_TXE	16	static
../../Drivers/STM32H7xx_HAL_Driver/Inc/stm32h7xx_ll_i2c.h:1565:26:LL_I2C_IsActiveFlag_TXIS	16	static
../../Drivers/STM32H7xx_HAL_Driver/Inc/stm32h7xx_ll_i2c.h:1578:26:LL_I2C_IsActiveFlag_RXNE	16	static
../../Drivers/STM32H7xx_HAL_Driver/Inc/stm32h7xx_ll_i2c.h:1604:26:LL_I2C_IsActiveFlag_NACK	16	static
../../Drivers/STM32H7xx_HAL_Driver/Inc/stm32h7xx_ll_i2c.h:1741:26:LL_I2C_IsActiveFlag_BUSY	16	static
../../Drivers/STM32H7xx_HAL_Driver/Inc/stm32h7xx_ll_i2c.h:1977:22:LL_I2C_AcknowledgeNextData	16	static
../../Drivers/STM32H7xx_HAL_Driver/Inc/stm32h7xx_ll_i2c.h:2133:22:LL_I2C_HandleTransfer	32	static
../../Drivers/STM32H7xx_HAL_Driver/Inc/stm32h7xx_ll_i2c.h:2225:25:LL_I2C_ReceiveData8	16	static
../../Drivers/STM32H7xx_HAL_Driver/Inc/stm32h7xx_ll_i2c.h:2237:22:LL_I2C_TransmitData8	16	static
../1_DEV/M1_Drivers/I2C/i2c_driver.c:13:16:I2C_Write	40	static
../1_DEV/M1_Drivers/I2C/i2c_driver.c:67:16:I2C_Read	48	static
