../../Drivers/CMSIS/Include/core_cm7.h:1890:26:__NVIC_GetPriorityGrouping	1
../../Drivers/CMSIS/Include/core_cm7.h:1902:22:__NVIC_EnableIRQ	2
../../Drivers/CMSIS/Include/core_cm7.h:2032:22:__NVIC_SetPriority	2
../../Drivers/CMSIS/Include/core_cm7.h:2079:26:NVIC_EncodePriority	2
../../Drivers/STM32H7xx_HAL_Driver/Inc/stm32h7xx_ll_i2c.h:443:22:LL_I2C_Disable	1
../../Drivers/STM32H7xx_HAL_Driver/Inc/stm32h7xx_ll_i2c.h:644:22:LL_I2C_EnableClockStretching	1
../../Drivers/STM32H7xx_HAL_Driver/Inc/stm32h7xx_ll_i2c.h:764:22:LL_I2C_DisableGeneralCall	1
../../Drivers/STM32H7xx_HAL_Driver/Inc/stm32h7xx_ll_i2c.h:875:22:LL_I2C_SetOwnAddress2	1
../../Drivers/STM32H7xx_HAL_Driver/Inc/stm32h7xx_ll_i2c.h:897:22:LL_I2C_DisableOwnAddress2	1
../../Drivers/STM32H7xx_HAL_Driver/Inc/stm32h7xx_ll_i2c.h:1879:22:LL_I2C_EnableAutoEndMode	1
../../Drivers/STM32H7xx_HAL_Driver/Inc/stm32h7xx_ll_spi.h:555:22:LL_SPI_Enable	1
../../Drivers/STM32H7xx_HAL_Driver/Inc/stm32h7xx_ll_spi.h:997:22:LL_SPI_StartMasterTransfer	1
../../Drivers/STM32H7xx_HAL_Driver/Inc/stm32h7xx_ll_spi.h:1116:22:LL_SPI_SetStandard	1
../../Drivers/STM32H7xx_HAL_Driver/Inc/stm32h7xx_ll_spi.h:1466:22:LL_SPI_SetFIFOThreshold	1
../../Drivers/STM32H7xx_HAL_Driver/Inc/stm32h7xx_ll_spi.h:1655:22:LL_SPI_EnableNSSPulseMgt	1
../../Drivers/STM32H7xx_HAL_Driver/Inc/stm32h7xx_ll_spi.h:1668:22:LL_SPI_DisableNSSPulseMgt	1
../../Drivers/STM32H7xx_HAL_Driver/Inc/stm32h7xx_ll_tim.h:1523:22:LL_TIM_EnableCounter	1
../../Drivers/STM32H7xx_HAL_Driver/Inc/stm32h7xx_ll_tim.h:1556:22:LL_TIM_EnableUpdateEvent	1
../../Drivers/STM32H7xx_HAL_Driver/Inc/stm32h7xx_ll_tim.h:1714:22:LL_TIM_DisableARRPreload	1
../../Drivers/STM32H7xx_HAL_Driver/Inc/stm32h7xx_ll_tim.h:3302:22:LL_TIM_SetClockSource	1
../../Drivers/STM32H7xx_HAL_Driver/Inc/stm32h7xx_ll_tim.h:3348:22:LL_TIM_SetTriggerOutput	1
../../Drivers/STM32H7xx_HAL_Driver/Inc/stm32h7xx_ll_tim.h:3378:22:LL_TIM_SetTriggerOutput2	1
../../Drivers/STM32H7xx_HAL_Driver/Inc/stm32h7xx_ll_tim.h:3457:22:LL_TIM_DisableMasterSlaveMode	1
../../Drivers/STM32H7xx_HAL_Driver/Inc/stm32h7xx_ll_tim.h:4566:22:LL_TIM_EnableIT_UPDATE	1
../../Drivers/STM32H7xx_HAL_Driver/Inc/stm32h7xx_ll_usart.h:635:22:LL_USART_Enable	1
../../Drivers/STM32H7xx_HAL_Driver/Inc/stm32h7xx_ll_usart.h:686:22:LL_USART_DisableFIFO	1
../../Drivers/STM32H7xx_HAL_Driver/Inc/stm32h7xx_ll_usart.h:719:22:LL_USART_SetTXFIFOThreshold	2
../../Drivers/STM32H7xx_HAL_Driver/Inc/stm32h7xx_ll_usart.h:758:22:LL_USART_SetRXFIFOThreshold	2
../../Drivers/STM32H7xx_HAL_Driver/Inc/stm32h7xx_ll_usart.h:2674:22:LL_USART_ConfigAsyncMode	1
../../Drivers/STM32H7xx_HAL_Driver/Inc/stm32h7xx_ll_usart.h:3009:26:LL_USART_IsActiveFlag_TC	2
../../Drivers/STM32H7xx_HAL_Driver/Inc/stm32h7xx_ll_usart.h:3024:26:LL_USART_IsActiveFlag_TXE_TXFNF	2
../../Drivers/STM32H7xx_HAL_Driver/Inc/stm32h7xx_ll_usart.h:3194:26:LL_USART_IsActiveFlag_TEACK	2
../../Drivers/STM32H7xx_HAL_Driver/Inc/stm32h7xx_ll_usart.h:3205:26:LL_USART_IsActiveFlag_REACK	2
../../Drivers/STM32H7xx_HAL_Driver/Inc/stm32h7xx_ll_usart.h:4275:22:LL_USART_TransmitData8	1
../../Drivers/STM32H7xx_HAL_Driver/Inc/stm32h7xx_ll_gpio.h:884:22:LL_GPIO_SetOutputPin	1
../../Drivers/STM32H7xx_HAL_Driver/Inc/stm32h7xx_ll_gpio.h:913:22:LL_GPIO_ResetOutputPin	1
../../Drivers/STM32H7xx_HAL_Driver/Inc/stm32h7xx_ll_bus.h:1384:22:LL_AHB4_GRP1_EnableClock	1
../../Drivers/STM32H7xx_HAL_Driver/Inc/stm32h7xx_ll_bus.h:1862:22:LL_APB1_GRP1_EnableClock	1
../../Drivers/STM32H7xx_HAL_Driver/Inc/stm32h7xx_ll_bus.h:2480:22:LL_APB2_GRP1_EnableClock	1
../../Drivers/STM32H7xx_HAL_Driver/Inc/stm32h7xx_ll_bus.h:2814:22:LL_APB4_GRP1_EnableClock	1
../../Drivers/STM32H7xx_HAL_Driver/Inc/stm32h7xx_ll_dma.h:602:22:LL_DMA_SetDataTransferDirection	1
../../Drivers/STM32H7xx_HAL_Driver/Inc/stm32h7xx_ll_dma.h:654:22:LL_DMA_SetMode	1
../../Drivers/STM32H7xx_HAL_Driver/Inc/stm32h7xx_ll_dma.h:705:22:LL_DMA_SetPeriphIncMode	1
../../Drivers/STM32H7xx_HAL_Driver/Inc/stm32h7xx_ll_dma.h:754:22:LL_DMA_SetMemoryIncMode	1
../../Drivers/STM32H7xx_HAL_Driver/Inc/stm32h7xx_ll_dma.h:804:22:LL_DMA_SetPeriphSize	1
../../Drivers/STM32H7xx_HAL_Driver/Inc/stm32h7xx_ll_dma.h:855:22:LL_DMA_SetMemorySize	1
../../Drivers/STM32H7xx_HAL_Driver/Inc/stm32h7xx_ll_dma.h:956:22:LL_DMA_SetStreamPriorityLevel	1
../../Drivers/STM32H7xx_HAL_Driver/Inc/stm32h7xx_ll_dma.h:1238:22:LL_DMA_SetPeriphRequest	3
../../Drivers/STM32H7xx_HAL_Driver/Inc/stm32h7xx_ll_dma.h:1668:22:LL_DMA_DisableFifoMode	1
../../Drivers/STM32H7xx_HAL_Driver/Inc/stm32h7xx_ll_bdma.h:616:22:LL_BDMA_SetDataTransferDirection	1
../../Drivers/STM32H7xx_HAL_Driver/Inc/stm32h7xx_ll_bdma.h:671:22:LL_BDMA_SetMode	1
../../Drivers/STM32H7xx_HAL_Driver/Inc/stm32h7xx_ll_bdma.h:722:22:LL_BDMA_SetPeriphIncMode	1
../../Drivers/STM32H7xx_HAL_Driver/Inc/stm32h7xx_ll_bdma.h:773:22:LL_BDMA_SetMemoryIncMode	1
../../Drivers/STM32H7xx_HAL_Driver/Inc/stm32h7xx_ll_bdma.h:825:22:LL_BDMA_SetPeriphSize	1
../../Drivers/STM32H7xx_HAL_Driver/Inc/stm32h7xx_ll_bdma.h:878:22:LL_BDMA_SetMemorySize	1
../../Drivers/STM32H7xx_HAL_Driver/Inc/stm32h7xx_ll_bdma.h:932:22:LL_BDMA_SetChannelPriorityLevel	1
../../Drivers/STM32H7xx_HAL_Driver/Inc/stm32h7xx_ll_bdma.h:1452:22:LL_BDMA_SetPeriphRequest	1
../Core/Src/main.c:84:6:I2C_ReInit	2
../Core/Src/main.c:92:6:SDMMC1_ReInit	1
../Core/Src/main.c:97:6:SDMMC1_DeInit	1
../Core/Src/main.c:101:6:SDMMC1_Init	1
../Core/Src/main.c:128:5:main	54
../Core/Src/main.c:488:6:SystemClock_Config	4
../Core/Src/main.c:547:13:MX_I2C2_Init	2
../Core/Src/main.c:614:13:MX_SDMMC1_MMC_Init	2
../Core/Src/main.c:645:13:MX_SPI4_Init	2
../Core/Src/main.c:714:13:MX_SPI5_Init	2
../Core/Src/main.c:807:13:MX_SPI6_Init	2
../Core/Src/main.c:923:13:MX_TIM1_Init	1
../Core/Src/main.c:967:13:MX_UART7_Init	4
../Core/Src/main.c:1067:13:MX_USART1_UART_Init	4
../Core/Src/main.c:1167:13:MX_USART2_UART_Init	4
../Core/Src/main.c:1265:13:MX_BDMA_Init	1
../Core/Src/main.c:1285:13:MX_DMA_Init	1
../Core/Src/main.c:1314:13:MX_MDMA_Init	3
../Core/Src/main.c:1361:13:MX_GPIO_Init	1
../Core/Src/main.c:1485:6:MPU_Config	1
../Core/Src/main.c:1520:6:HAL_TIM_PeriodElapsedCallback	2
../Core/Src/main.c:1538:6:Error_Handler	1
