../../Drivers/STM32H7xx_HAL_Driver/Inc/stm32h7xx_ll_usart.h:2983:26:LL_USART_IsActiveFlag_IDLE	16	static
../../Drivers/STM32H7xx_HAL_Driver/Inc/stm32h7xx_ll_usart.h:3323:22:LL_USART_ClearFlag_IDLE	16	static
../../Drivers/STM32H7xx_HAL_Driver/Inc/stm32h7xx_ll_usart.h:3896:26:LL_USART_IsEnabledIT_IDLE	16	static
../../Drivers/STM32H7xx_HAL_Driver/Inc/stm32h7xx_ll_dma.h:489:22:LL_DMA_EnableStream	24	static
../../Drivers/STM32H7xx_HAL_Driver/Inc/stm32h7xx_ll_dma.h:2073:26:LL_DMA_IsActiveFlag_HT0	16	static
../../Drivers/STM32H7xx_HAL_Driver/Inc/stm32h7xx_ll_dma.h:2084:26:LL_DMA_IsActiveFlag_HT1	16	static
../../Drivers/STM32H7xx_HAL_Driver/Inc/stm32h7xx_ll_dma.h:2161:26:LL_DMA_IsActiveFlag_TC0	16	static
../../Drivers/STM32H7xx_HAL_Driver/Inc/stm32h7xx_ll_dma.h:2172:26:LL_DMA_IsActiveFlag_TC1	16	static
../../Drivers/STM32H7xx_HAL_Driver/Inc/stm32h7xx_ll_dma.h:2238:26:LL_DMA_IsActiveFlag_TC7	16	static
../../Drivers/STM32H7xx_HAL_Driver/Inc/stm32h7xx_ll_dma.h:2249:26:LL_DMA_IsActiveFlag_TE0	16	static
../../Drivers/STM32H7xx_HAL_Driver/Inc/stm32h7xx_ll_dma.h:2260:26:LL_DMA_IsActiveFlag_TE1	16	static
../../Drivers/STM32H7xx_HAL_Driver/Inc/stm32h7xx_ll_dma.h:2326:26:LL_DMA_IsActiveFlag_TE7	16	static
../../Drivers/STM32H7xx_HAL_Driver/Inc/stm32h7xx_ll_dma.h:2513:22:LL_DMA_ClearFlag_HT0	16	static
../../Drivers/STM32H7xx_HAL_Driver/Inc/stm32h7xx_ll_dma.h:2524:22:LL_DMA_ClearFlag_HT1	16	static
../../Drivers/STM32H7xx_HAL_Driver/Inc/stm32h7xx_ll_dma.h:2601:22:LL_DMA_ClearFlag_TC0	16	static
../../Drivers/STM32H7xx_HAL_Driver/Inc/stm32h7xx_ll_dma.h:2612:22:LL_DMA_ClearFlag_TC1	16	static
../../Drivers/STM32H7xx_HAL_Driver/Inc/stm32h7xx_ll_dma.h:2678:22:LL_DMA_ClearFlag_TC7	16	static
../../Drivers/STM32H7xx_HAL_Driver/Inc/stm32h7xx_ll_dma.h:2689:22:LL_DMA_ClearFlag_TE0	16	static
../../Drivers/STM32H7xx_HAL_Driver/Inc/stm32h7xx_ll_dma.h:2700:22:LL_DMA_ClearFlag_TE1	16	static
../../Drivers/STM32H7xx_HAL_Driver/Inc/stm32h7xx_ll_dma.h:2766:22:LL_DMA_ClearFlag_TE7	16	static
../../Drivers/STM32H7xx_HAL_Driver/Inc/stm32h7xx_ll_dma.h:3190:26:LL_DMA_IsEnabledIT_HT	24	static
../../Drivers/STM32H7xx_HAL_Driver/Inc/stm32h7xx_ll_dma.h:3212:26:LL_DMA_IsEnabledIT_TE	24	static
../../Drivers/STM32H7xx_HAL_Driver/Inc/stm32h7xx_ll_dma.h:3234:26:LL_DMA_IsEnabledIT_TC	24	static
../Core/Src/stm32h7xx_it.c:76:6:NMI_Handler	4	static
../Core/Src/stm32h7xx_it.c:91:6:HardFault_Handler	4	static
../Core/Src/stm32h7xx_it.c:106:6:MemManage_Handler	4	static
../Core/Src/stm32h7xx_it.c:121:6:BusFault_Handler	4	static
../Core/Src/stm32h7xx_it.c:136:6:UsageFault_Handler	4	static
../Core/Src/stm32h7xx_it.c:151:6:DebugMon_Handler	4	static
../Core/Src/stm32h7xx_it.c:171:6:DMA1_Stream0_IRQHandler	8	static
../Core/Src/stm32h7xx_it.c:199:6:DMA1_Stream1_IRQHandler	8	static
../Core/Src/stm32h7xx_it.c:226:6:TIM1_UP_IRQHandler	8	static
../Core/Src/stm32h7xx_it.c:239:6:USART1_IRQHandler	8	static
../Core/Src/stm32h7xx_it.c:256:6:USART2_IRQHandler	8	static
../Core/Src/stm32h7xx_it.c:273:6:DMA1_Stream7_IRQHandler	8	static
../Core/Src/stm32h7xx_it.c:296:6:SDMMC1_IRQHandler	8	static
../Core/Src/stm32h7xx_it.c:310:6:TIM7_IRQHandler	8	static
../Core/Src/stm32h7xx_it.c:324:6:DMA2_Stream1_IRQHandler	8	static
../Core/Src/stm32h7xx_it.c:351:6:UART7_IRQHandler	8	static
../Core/Src/stm32h7xx_it.c:368:6:SPI5_IRQHandler	4	static
../Core/Src/stm32h7xx_it.c:381:6:SPI6_IRQHandler	4	static
../Core/Src/stm32h7xx_it.c:394:6:MDMA_IRQHandler	8	static
../Core/Src/stm32h7xx_it.c:408:6:BDMA_Channel0_IRQHandler	8	static
../Core/Src/stm32h7xx_it.c:421:6:BDMA_Channel1_IRQHandler	4	static
