../1_DEV/M5_ThirdParty/ModFSP/modfsp.c:18:17:MODFSP_Init	16	static
../1_DEV/M5_ThirdParty/ModFSP/modfsp.c:28:13:crc_init	16	static
../1_DEV/M5_ThirdParty/ModFSP/modfsp.c:35:6:MODFSP_Reset	16	static
../1_DEV/M5_ThirdParty/ModFSP/modfsp.c:48:10:crc16_xmodem_update	24	static
../1_DEV/M5_ThirdParty/ModFSP/modfsp.c:61:13:crc_update	16	static
../1_DEV/M5_ThirdParty/ModFSP/modfsp.c:66:17:crc_finish	16	static
../1_DEV/M5_ThirdParty/ModFSP/modfsp.c:71:13:go_to_next_rx_state_decode	24	static
../1_DEV/M5_ThirdParty/ModFSP/modfsp.c:117:17:MODFSP_Read	24	static
../1_DEV/M5_ThirdParty/ModFSP/modfsp.c:270:17:MODFSP_Send	48	static
../1_DEV/M5_ThirdParty/ModFSP/modfsp.c:330:17:MODFSP_Process	32	static
../1_DEV/M5_ThirdParty/ModFSP/modfsp.c:372:17:MODFSP_ProcessGlobal	8	static
../1_DEV/M5_ThirdParty/ModFSP/modfsp.c:378:6:MODFSP_RegisterCommand	16	static
../1_DEV/M5_ThirdParty/ModFSP/modfsp.c:387:25:MODFSP_GetCommandTable	4	static
../1_DEV/M5_ThirdParty/ModFSP/modfsp.c:392:9:MODFSP_GetCommandTableSize	4	static
../1_DEV/M5_ThirdParty/ModFSP/modfsp.c:398:28:MODFSP_ApplicationHandler	32	static
../1_DEV/M5_ThirdParty/ModFSP/modfsp.c:413:16:MODFSP_GetGlobalInstance	4	static
